06-05 07:59:41.392  2081  4397 E GcmPushIntentOperation: 	at bwo.run(:com.google.android.gms@11743470:10)
06-05 07:59:41.392  2081  4397 E GcmPushIntentOperation: 	at bwl.run(:com.google.android.gms@11743470:14)
06-05 07:59:41.392  2081  4397 E GcmPushIntentOperation: 	at java.util.concurrent.ThreadPoolExecutor.runWorker(ThreadPoolExecutor.java:1133)
06-05 07:59:41.392  2081  4397 E GcmPushIntentOperation: 	at java.util.concurrent.ThreadPoolExecutor$Worker.run(ThreadPoolExecutor.java:607)
06-05 07:59:41.392  2081  4397 E GcmPushIntentOperation: 	at java.lang.Thread.run(Thread.java:761)
06-05 07:59:41.400  5029  5029 W art     : Unexpected CPU variant for X86 using defaults: x86
06-05 07:59:41.427  2081  4397 E GcmPushIntentOperation: Failed to subscribe to GCM: com.google.android.gms.firebase.auth
06-05 07:59:41.427  2081  4397 E GcmPushIntentOperation: java.io.IOException: SERVICE_NOT_AVAILABLE
06-05 07:59:41.427  2081  4397 E GcmPushIntentOperation: 	at vfm.b(:com.google.android.gms@11743470:39)
06-05 07:59:41.427  2081  4397 E GcmPushIntentOperation: 	at vfm.a(:com.google.android.gms@11743470:46)
06-05 07:59:41.427  2081  4397 E GcmPushIntentOperation: 	at vfj.b(:com.google.android.gms@11743470:11)
06-05 07:59:41.427  2081  4397 E GcmPushIntentOperation: 	at vfj.a(:com.google.android.gms@11743470:29)
06-05 07:59:41.427  2081  4397 E GcmPushIntentOperation: 	at com.google.android.gms.phenotype.gcmpush.GcmPushIntentOperation.a(:com.google.android.gms@11743470:15)
06-05 07:59:41.427  2081  4397 E GcmPushIntentOperation: 	at com.google.android.gms.phenotype.gcmpush.GcmPushIntentOperation.a(:com.google.android.gms@11743470:6)
06-05 07:59:41.427  2081  4397 E GcmPushIntentOperation: 	at com.google.android.gms.phenotype.gcmpush.GcmPushIntentOperation.onHandleIntent(:com.google.android.gms@11743470:19)
06-05 07:59:41.427  2081  4397 E GcmPushIntentOperation: 	at com.google.android.chimera.IntentOperation.onHandleIntent(:com.google.android.gms@11743470:2)
06-05 07:59:41.427  2081  4397 E GcmPushIntentOperation: 	at bwo.run(:com.google.android.gms@11743470:10)
06-05 07:59:41.427  2081  4397 E GcmPushIntentOperation: 	at bwl.run(:com.google.android.gms@11743470:14)
06-05 07:59:41.427  2081  4397 E GcmPushIntentOperation: 	at java.util.concurrent.ThreadPoolExecutor.runWorker(ThreadPoolExecutor.java:1133)
06-05 07:59:41.427  2081  4397 E GcmPushIntentOperation: 	at java.util.concurrent.ThreadPoolExecutor$Worker.run(ThreadPoolExecutor.java:607)
06-05 07:59:41.427  2081  4397 E GcmPushIntentOperation: 	at java.lang.Thread.run(Thread.java:761)
06-05 07:59:41.438  5029  5029 D ICU     : No timezone override file found: /data/misc/zoneinfo/current/icu/icu_tzdata.dat
06-05 07:59:41.494  2081  4397 E GcmPushIntentOperation: Failed to subscribe to GCM: com.google.android.gms.gcm
06-05 07:59:41.494  2081  4397 E GcmPushIntentOperation: java.io.IOException: SERVICE_NOT_AVAILABLE
06-05 07:59:41.494  2081  4397 E GcmPushIntentOperation: 	at vfm.b(:com.google.android.gms@11743470:39)
06-05 07:59:41.494  2081  4397 E GcmPushIntentOperation: 	at vfm.a(:com.google.android.gms@11743470:46)
06-05 07:59:41.494  2081  4397 E GcmPushIntentOperation: 	at vfj.b(:com.google.android.gms@11743470:11)
06-05 07:59:41.494  2081  4397 E GcmPushIntentOperation: 	at vfj.a(:com.google.android.gms@11743470:29)
06-05 07:59:41.494  2081  4397 E GcmPushIntentOperation: 	at com.google.android.gms.phenotype.gcmpush.GcmPushIntentOperation.a(:com.google.android.gms@11743470:15)
06-05 07:59:41.494  2081  4397 E GcmPushIntentOperation: 	at com.google.android.gms.phenotype.gcmpush.GcmPushIntentOperation.a(:com.google.android.gms@11743470:6)
06-05 07:59:41.494  2081  4397 E GcmPushIntentOperation: 	at com.google.android.gms.phenotype.gcmpush.GcmPushIntentOperation.onHandleIntent(:com.google.android.gms@11743470:19)
06-05 07:59:41.494  2081  4397 E GcmPushIntentOperation: 	at com.google.android.chimera.IntentOperation.onHandleIntent(:com.google.android.gms@11743470:2)
06-05 07:59:41.494  2081  4397 E GcmPushIntentOperation: 	at bwo.run(:com.google.android.gms@11743470:10)
06-05 07:59:41.494  2081  4397 E GcmPushIntentOperation: 	at bwl.run(:com.google.android.gms@11743470:14)
06-05 07:59:41.494  2081  4397 E GcmPushIntentOperation: 	at java.util.concurrent.ThreadPoolExecutor.runWorker(ThreadPoolExecutor.java:1133)
06-05 07:59:41.494  2081  4397 E GcmPushIntentOperation: 	at java.util.concurrent.ThreadPoolExecutor$Worker.run(ThreadPoolExecutor.java:607)
06-05 07:59:41.494  2081  4397 E GcmPushIntentOperation: 	at java.lang.Thread.run(Thread.java:761)
06-05 07:59:41.521  5029  5029 E memtrack: Couldn't load memtrack module (No such file or directory)
06-05 07:59:41.521  5029  5029 E android.os.Debug: failed to load memtrack module: -2
06-05 07:59:41.523  5029  5029 I Radio-JNI: register_android_hardware_Radio DONE
06-05 07:59:41.621  5029  5029 D AndroidRuntime: Calling main entry com.android.commands.am.Am
06-05 07:59:41.634  2081  4397 E GcmPushIntentOperation: Failed to subscribe to GCM: com.google.android.gms.ocr
06-05 07:59:41.634  2081  4397 E GcmPushIntentOperation: java.io.IOException: SERVICE_NOT_AVAILABLE
06-05 07:59:41.634  2081  4397 E GcmPushIntentOperation: 	at vfm.b(:com.google.android.gms@11743470:39)
06-05 07:59:41.634  2081  4397 E GcmPushIntentOperation: 	at vfm.a(:com.google.android.gms@11743470:46)
06-05 07:59:41.634  2081  4397 E GcmPushIntentOperation: 	at vfj.b(:com.google.android.gms@11743470:11)
06-05 07:59:41.634  2081  4397 E GcmPushIntentOperation: 	at vfj.a(:com.google.android.gms@11743470:29)
06-05 07:59:41.634  2081  4397 E GcmPushIntentOperation: 	at com.google.android.gms.phenotype.gcmpush.GcmPushIntentOperation.a(:com.google.android.gms@11743470:15)
06-05 07:59:41.634  2081  4397 E GcmPushIntentOperation: 	at com.google.android.gms.phenotype.gcmpush.GcmPushIntentOperation.a(:com.google.android.gms@11743470:6)
06-05 07:59:41.634  2081  4397 E GcmPushIntentOperation: 	at com.google.android.gms.phenotype.gcmpush.GcmPushIntentOperation.onHandleIntent(:com.google.android.gms@11743470:19)
06-05 07:59:41.634  2081  4397 E GcmPushIntentOperation: 	at com.google.android.chimera.IntentOperation.onHandleIntent(:com.google.android.gms@11743470:2)
06-05 07:59:41.634  2081  4397 E GcmPushIntentOperation: 	at bwo.run(:com.google.android.gms@11743470:10)
06-05 07:59:41.634  2081  4397 E GcmPushIntentOperation: 	at bwl.run(:com.google.android.gms@11743470:14)
06-05 07:59:41.634  2081  4397 E GcmPushIntentOperation: 	at java.util.concurrent.ThreadPoolExecutor.runWorker(ThreadPoolExecutor.java:1133)
06-05 07:59:41.634  2081  4397 E GcmPushIntentOperation: 	at java.util.concurrent.ThreadPoolExecutor$Worker.run(ThreadPoolExecutor.java:607)
06-05 07:59:41.634  2081  4397 E GcmPushIntentOperation: 	at java.lang.Thread.run(Thread.java:761)
06-05 07:59:41.684  2081  4397 E GcmPushIntentOperation: Failed to subscribe to GCM: com.google.android.gms.udc
06-05 07:59:41.684  2081  4397 E GcmPushIntentOperation: java.io.IOException: SERVICE_NOT_AVAILABLE
06-05 07:59:41.684  2081  4397 E GcmPushIntentOperation: 	at vfm.b(:com.google.android.gms@11743470:39)
06-05 07:59:41.684  2081  4397 E GcmPushIntentOperation: 	at vfm.a(:com.google.android.gms@11743470:46)
06-05 07:59:41.684  2081  4397 E GcmPushIntentOperation: 	at vfj.b(:com.google.android.gms@11743470:11)
06-05 07:59:41.684  2081  4397 E GcmPushIntentOperation: 	at vfj.a(:com.google.android.gms@11743470:29)
06-05 07:59:41.684  2081  4397 E GcmPushIntentOperation: 	at com.google.android.gms.phenotype.gcmpush.GcmPushIntentOperation.a(:com.google.android.gms@11743470:15)
06-05 07:59:41.684  2081  4397 E GcmPushIntentOperation: 	at com.google.android.gms.phenotype.gcmpush.GcmPushIntentOperation.a(:com.google.android.gms@11743470:6)
06-05 07:59:41.684  2081  4397 E GcmPushIntentOperation: 	at com.google.android.gms.phenotype.gcmpush.GcmPushIntentOperation.onHandleIntent(:com.google.android.gms@11743470:19)
06-05 07:59:41.684  2081  4397 E GcmPushIntentOperation: 	at com.google.android.chimera.IntentOperation.onHandleIntent(:com.google.android.gms@11743470:2)
06-05 07:59:41.684  2081  4397 E GcmPushIntentOperation: 	at bwo.run(:com.google.android.gms@11743470:10)
06-05 07:59:41.684  2081  4397 E GcmPushIntentOperation: 	at bwl.run(:com.google.android.gms@11743470:14)
06-05 07:59:41.684  2081  4397 E GcmPushIntentOperation: 	at java.util.concurrent.ThreadPoolExecutor.runWorker(ThreadPoolExecutor.java:1133)
06-05 07:59:41.684  2081  4397 E GcmPushIntentOperation: 	at java.util.concurrent.ThreadPoolExecutor$Worker.run(ThreadPoolExecutor.java:607)
06-05 07:59:41.684  2081  4397 E GcmPushIntentOperation: 	at java.lang.Thread.run(Thread.java:761)
06-05 07:59:41.728  2471  2471 D MediaScannerReceiver: action: android.intent.action.MEDIA_SCANNER_SCAN_FILE path: /storage/emulated/0/screen_2018-06-05_105940.png
06-05 07:59:41.735  2081  4397 E GcmPushIntentOperation: Failed to subscribe to GCM: com.google.android.gms.ulr
06-05 07:59:41.735  2081  4397 E GcmPushIntentOperation: java.io.IOException: SERVICE_NOT_AVAILABLE
06-05 07:59:41.735  2081  4397 E GcmPushIntentOperation: 	at vfm.b(:com.google.android.gms@11743470:39)
06-05 07:59:41.735  2081  4397 E GcmPushIntentOperation: 	at vfm.a(:com.google.android.gms@11743470:46)
06-05 07:59:41.735  2081  4397 E GcmPushIntentOperation: 	at vfj.b(:com.google.android.gms@11743470:11)
06-05 07:59:41.735  2081  4397 E GcmPushIntentOperation: 	at vfj.a(:com.google.android.gms@11743470:29)
06-05 07:59:41.735  2081  4397 E GcmPushIntentOperation: 	at com.google.android.gms.phenotype.gcmpush.GcmPushIntentOperation.a(:com.google.android.gms@11743470:15)
06-05 07:59:41.735  2081  4397 E GcmPushIntentOperation: 	at com.google.android.gms.phenotype.gcmpush.GcmPushIntentOperation.a(:com.google.android.gms@11743470:6)
06-05 07:59:41.735  2081  4397 E GcmPushIntentOperation: 	at com.google.android.gms.phenotype.gcmpush.GcmPushIntentOperation.onHandleIntent(:com.google.android.gms@11743470:19)
06-05 07:59:41.735  2081  4397 E GcmPushIntentOperation: 	at com.google.android.chimera.IntentOperation.onHandleIntent(:com.google.android.gms@11743470:2)
06-05 07:59:41.735  2081  4397 E GcmPushIntentOperation: 	at bwo.run(:com.google.android.gms@11743470:10)
06-05 07:59:41.735  2081  4397 E GcmPushIntentOperation: 	at bwl.run(:com.google.android.gms@11743470:14)
06-05 07:59:41.735  2081  4397 E GcmPushIntentOperation: 	at java.util.concurrent.ThreadPoolExecutor.runWorker(ThreadPoolExecutor.java:1133)
06-05 07:59:41.735  2081  4397 E GcmPushIntentOperation: 	at java.util.concurrent.ThreadPoolExecutor$Worker.run(ThreadPoolExecutor.java:607)
06-05 07:59:41.735  2081  4397 E GcmPushIntentOperation: 	at java.lang.Thread.run(Thread.java:761)
06-05 07:59:41.739  5029  5029 D AndroidRuntime: Shutting down VM
06-05 07:59:41.884  2081  4397 E GcmPushIntentOperation: Failed to subscribe to GCM: com.google.android.gms.feedback
06-05 07:59:41.884  2081  4397 E GcmPushIntentOperation: java.io.IOException: SERVICE_NOT_AVAILABLE
06-05 07:59:41.884  2081  4397 E GcmPushIntentOperation: 	at vfm.b(:com.google.android.gms@11743470:39)
06-05 07:59:41.884  2081  4397 E GcmPushIntentOperation: 	at vfm.a(:com.google.android.gms@11743470:46)
06-05 07:59:41.884  2081  4397 E GcmPushIntentOperation: 	at vfj.b(:com.google.android.gms@11743470:11)
06-05 07:59:41.884  2081  4397 E GcmPushIntentOperation: 	at vfj.a(:com.google.android.gms@11743470:29)
06-05 07:59:41.884  2081  4397 E GcmPushIntentOperation: 	at com.google.android.gms.phenotype.gcmpush.GcmPushIntentOperation.a(:com.google.android.gms@11743470:15)
06-05 07:59:41.884  2081  4397 E GcmPushIntentOperation: 	at com.google.android.gms.phenotype.gcmpush.GcmPushIntentOperation.a(:com.google.android.gms@11743470:6)
06-05 07:59:41.884  2081  4397 E GcmPushIntentOperation: 	at com.google.android.gms.phenotype.gcmpush.GcmPushIntentOperation.onHandleIntent(:com.google.android.gms@11743470:19)
06-05 07:59:41.884  2081  4397 E GcmPushIntentOperation: 	at com.google.android.chimera.IntentOperation.onHandleIntent(:com.google.android.gms@11743470:2)
06-05 07:59:41.884  2081  4397 E GcmPushIntentOperation: 	at bwo.run(:com.google.android.gms@11743470:10)
06-05 07:59:41.884  2081  4397 E GcmPushIntentOperation: 	at bwl.run(:com.google.android.gms@11743470:14)
06-05 07:59:41.884  2081  4397 E GcmPushIntentOperation: 	at java.util.concurrent.ThreadPoolExecutor.runWorker(ThreadPoolExecutor.java:1133)
06-05 07:59:41.884  2081  4397 E GcmPushIntentOperation: 	at java.util.concurrent.ThreadPoolExecutor$Worker.run(ThreadPoolExecutor.java:607)
06-05 07:59:41.884  2081  4397 E GcmPushIntentOperation: 	at java.lang.Thread.run(Thread.java:761)
06-05 07:59:41.928  2081  4397 E GcmPushIntentOperation: Failed to subscribe to GCM: com.google.android.gms.auth_cryptauth
06-05 07:59:41.928  2081  4397 E GcmPushIntentOperation: java.io.IOException: SERVICE_NOT_AVAILABLE
06-05 07:59:41.928  2081  4397 E GcmPushIntentOperation: 	at vfm.b(:com.google.android.gms@11743470:39)
06-05 07:59:41.928  2081  4397 E GcmPushIntentOperation: 	at vfm.a(:com.google.android.gms@11743470:46)
06-05 07:59:41.928  2081  4397 E GcmPushIntentOperation: 	at vfj.b(:com.google.android.gms@11743470:11)
06-05 07:59:41.928  2081  4397 E GcmPushIntentOperation: 	at vfj.a(:com.google.android.gms@11743470:29)
06-05 07:59:41.928  2081  4397 E GcmPushIntentOperation: 	at com.google.android.gms.phenotype.gcmpush.GcmPushIntentOperation.a(:com.google.android.gms@11743470:15)
06-05 07:59:41.928  2081  4397 E GcmPushIntentOperation: 	at com.google.android.gms.phenotype.gcmpush.GcmPushIntentOperation.a(:com.google.android.gms@11743470:6)
06-05 07:59:41.928  2081  4397 E GcmPushIntentOperation: 	at com.google.android.gms.phenotype.gcmpush.GcmPushIntentOperation.onHandleIntent(:com.google.android.gms@11743470:19)
06-05 07:59:41.928  2081  4397 E GcmPushIntentOperation: 	at com.google.android.chimera.IntentOperation.onHandleIntent(:com.google.android.gms@11743470:2)
06-05 07:59:41.928  2081  4397 E GcmPushIntentOperation: 	at bwo.run(:com.google.android.gms@11743470:10)
06-05 07:59:41.928  2081  4397 E GcmPushIntentOperation: 	at bwl.run(:com.google.android.gms@11743470:14)
06-05 07:59:41.928  2081  4397 E GcmPushIntentOperation: 	at java.util.concurrent.ThreadPoolExecutor.runWorker(ThreadPoolExecutor.java:1133)
06-05 07:59:41.928  2081  4397 E GcmPushIntentOperation: 	at java.util.concurrent.ThreadPoolExecutor$Worker.run(ThreadPoolExecutor.java:607)
06-05 07:59:41.928  2081  4397 E GcmPushIntentOperation: 	at java.lang.Thread.run(Thread.java:761)
06-05 07:59:41.969  2081  4397 E GcmPushIntentOperation: Failed to subscribe to GCM: com.google.android.gms.magictether
06-05 07:59:41.969  2081  4397 E GcmPushIntentOperation: java.io.IOException: SERVICE_NOT_AVAILABLE
06-05 07:59:41.969  2081  4397 E GcmPushIntentOperation: 	at vfm.b(:com.google.android.gms@11743470:39)
06-05 07:59:41.969  2081  4397 E GcmPushIntentOperation: 	at vfm.a(:com.google.android.gms@11743470:46)
06-05 07:59:41.969  2081  4397 E GcmPushIntentOperation: 	at vfj.b(:com.google.android.gms@11743470:11)
06-05 07:59:41.969  2081  4397 E GcmPushIntentOperation: 	at vfj.a(:com.google.android.gms@11743470:29)
06-05 07:59:41.969  2081  4397 E GcmPushIntentOperation: 	at com.google.android.gms.phenotype.gcmpush.GcmPushIntentOperation.a(:com.google.android.gms@11743470:15)
06-05 07:59:41.969  2081  4397 E GcmPushIntentOperation: 	at com.google.android.gms.phenotype.gcmpush.GcmPushIntentOperation.a(:com.google.android.gms@11743470:6)
06-05 07:59:41.969  2081  4397 E GcmPushIntentOperation: 	at com.google.android.gms.phenotype.gcmpush.GcmPushIntentOperation.onHandleIntent(:com.google.android.gms@11743470:19)
06-05 07:59:41.969  2081  4397 E GcmPushIntentOperation: 	at com.google.android.chimera.IntentOperation.onHandleIntent(:com.google.android.gms@11743470:2)
06-05 07:59:41.969  2081  4397 E GcmPushIntentOperation: 	at bwo.run(:com.google.android.gms@11743470:10)
06-05 07:59:41.969  2081  4397 E GcmPushIntentOperation: 	at bwl.run(:com.google.android.gms@11743470:14)
06-05 07:59:41.969  2081  4397 E GcmPushIntentOperation: 	at java.util.concurrent.ThreadPoolExecutor.runWorker(ThreadPoolExecutor.java:1133)
06-05 07:59:41.969  2081  4397 E GcmPushIntentOperation: 	at java.util.concurrent.ThreadPoolExecutor$Worker.run(ThreadPoolExecutor.java:607)
06-05 07:59:41.969  2081  4397 E GcmPushIntentOperation: 	at java.lang.Thread.run(Thread.java:761)
06-05 07:59:42.011  2081  4397 E GcmPushIntentOperation: Failed to subscribe to GCM: com.google.android.gms.walletp2p#config
06-05 07:59:42.011  2081  4397 E GcmPushIntentOperation: java.io.IOException: SERVICE_NOT_AVAILABLE
06-05 07:59:42.011  2081  4397 E GcmPushIntentOperation: 	at vfm.b(:com.google.android.gms@11743470:39)
06-05 07:59:42.011  2081  4397 E GcmPushIntentOperation: 	at vfm.a(:com.google.android.gms@11743470:46)
06-05 07:59:42.011  2081  4397 E GcmPushIntentOperation: 	at vfj.b(:com.google.android.gms@11743470:11)
06-05 07:59:42.011  2081  4397 E GcmPushIntentOperation: 	at vfj.a(:com.google.android.gms@11743470:29)
06-05 07:59:42.011  2081  4397 E GcmPushIntentOperation: 	at com.google.android.gms.phenotype.gcmpush.GcmPushIntentOperation.a(:com.google.android.gms@11743470:15)
06-05 07:59:42.011  2081  4397 E GcmPushIntentOperation: 	at com.google.android.gms.phenotype.gcmpush.GcmPushIntentOperation.a(:com.google.android.gms@11743470:6)
06-05 07:59:42.011  2081  4397 E GcmPushIntentOperation: 	at com.google.android.gms.phenotype.gcmpush.GcmPushIntentOperation.onHandleIntent(:com.google.android.gms@11743470:19)
06-05 07:59:42.011  2081  4397 E GcmPushIntentOperation: 	at com.google.android.chimera.IntentOperation.onHandleIntent(:com.google.android.gms@11743470:2)
06-05 07:59:42.011  2081  4397 E GcmPushIntentOperation: 	at bwo.run(:com.google.android.gms@11743470:10)
06-05 07:59:42.011  2081  4397 E GcmPushIntentOperation: 	at bwl.run(:com.google.android.gms@11743470:14)
06-05 07:59:42.011  2081  4397 E GcmPushIntentOperation: 	at java.util.concurrent.ThreadPoolExecutor.runWorker(ThreadPoolExecutor.java:1133)
06-05 07:59:42.011  2081  4397 E GcmPushIntentOperation: 	at java.util.concurrent.ThreadPoolExecutor$Worker.run(ThreadPoolExecutor.java:607)
06-05 07:59:42.011  2081  4397 E GcmPushIntentOperation: 	at java.lang.Thread.run(Thread.java:761)
06-05 07:59:42.052  2081  4397 E GcmPushIntentOperation: Failed to subscribe to GCM: com.google.android.gms.matchstick
06-05 07:59:42.052  2081  4397 E GcmPushIntentOperation: java.io.IOException: SERVICE_NOT_AVAILABLE
06-05 07:59:42.052  2081  4397 E GcmPushIntentOperation: 	at vfm.b(:com.google.android.gms@11743470:39)
06-05 07:59:42.052  2081  4397 E GcmPushIntentOperation: 	at vfm.a(:com.google.android.gms@11743470:46)
06-05 07:59:42.052  2081  4397 E GcmPushIntentOperation: 	at vfj.b(:com.google.android.gms@11743470:11)
06-05 07:59:42.052  2081  4397 E GcmPushIntentOperation: 	at vfj.a(:com.google.android.gms@11743470:29)
06-05 07:59:42.052  2081  4397 E GcmPushIntentOperation: 	at com.google.android.gms.phenotype.gcmpush.GcmPushIntentOperation.a(:com.google.android.gms@11743470:15)
06-05 07:59:42.052  2081  4397 E GcmPushIntentOperation: 	at com.google.android.gms.phenotype.gcmpush.GcmPushIntentOperation.a(:com.google.android.gms@11743470:6)
06-05 07:59:42.052  2081  4397 E GcmPushIntentOperation: 	at com.google.android.gms.phenotype.gcmpush.GcmPushIntentOperation.onHandleIntent(:com.google.android.gms@11743470:19)
06-05 07:59:42.052  2081  4397 E GcmPushIntentOperation: 	at com.google.android.chimera.IntentOperation.onHandleIntent(:com.google.android.gms@11743470:2)
06-05 07:59:42.052  2081  4397 E GcmPushIntentOperation: 	at bwo.run(:com.google.android.gms@11743470:10)
06-05 07:59:42.052  2081  4397 E GcmPushIntentOperation: 	at bwl.run(:com.google.android.gms@11743470:14)
06-05 07:59:42.052  2081  4397 E GcmPushIntentOperation: 	at java.util.concurrent.ThreadPoolExecutor.runWorker(ThreadPoolExecutor.java:1133)
06-05 07:59:42.052  2081  4397 E GcmPushIntentOperation: 	at java.util.concurrent.ThreadPoolExecutor$Worker.run(ThreadPoolExecutor.java:607)
06-05 07:59:42.052  2081  4397 E GcmPushIntentOperation: 	at java.lang.Thread.run(Thread.java:761)
06-05 07:59:42.117  2081  4397 E GcmPushIntentOperation: Failed to subscribe to GCM: com.google.android.gms.instantapps
06-05 07:59:42.117  2081  4397 E GcmPushIntentOperation: java.io.IOException: SERVICE_NOT_AVAILABLE
06-05 07:59:42.117  2081  4397 E GcmPushIntentOperation: 	at vfm.b(:com.google.android.gms@11743470:39)
06-05 07:59:42.117  2081  4397 E GcmPushIntentOperation: 	at vfm.a(:com.google.android.gms@11743470:46)
06-05 07:59:42.117  2081  4397 E GcmPushIntentOperation: 	at vfj.b(:com.google.android.gms@11743470:11)
06-05 07:59:42.117  2081  4397 E GcmPushIntentOperation: 	at vfj.a(:com.google.android.gms@11743470:29)
06-05 07:59:42.117  2081  4397 E GcmPushIntentOperation: 	at com.google.android.gms.phenotype.gcmpush.GcmPushIntentOperation.a(:com.google.android.gms@11743470:15)
06-05 07:59:42.117  2081  4397 E GcmPushIntentOperation: 	at com.google.android.gms.phenotype.gcmpush.GcmPushIntentOperation.a(:com.google.android.gms@11743470:6)
06-05 07:59:42.117  2081  4397 E GcmPushIntentOperation: 	at com.google.android.gms.phenotype.gcmpush.GcmPushIntentOperation.onHandleIntent(:com.google.android.gms@11743470:19)
06-05 07:59:42.117  2081  4397 E GcmPushIntentOperation: 	at com.google.android.chimera.IntentOperation.onHandleIntent(:com.google.android.gms@11743470:2)
06-05 07:59:42.117  2081  4397 E GcmPushIntentOperation: 	at bwo.run(:com.google.android.gms@11743470:10)
06-05 07:59:42.117  2081  4397 E GcmPushIntentOperation: 	at bwl.run(:com.google.android.gms@11743470:14)
06-05 07:59:42.117  2081  4397 E GcmPushIntentOperation: 	at java.util.concurrent.ThreadPoolExecutor.runWorker(ThreadPoolExecutor.java:1133)
06-05 07:59:42.117  2081  4397 E GcmPushIntentOperation: 	at java.util.concurrent.ThreadPoolExecutor$Worker.run(ThreadPoolExecutor.java:607)
06-05 07:59:42.117  2081  4397 E GcmPushIntentOperation: 	at java.lang.Thread.run(Thread.java:761)
06-05 07:59:42.179  2081  4397 E GcmPushIntentOperation: Failed to subscribe to GCM: com.google.android.gms.clearcut.public
06-05 07:59:42.179  2081  4397 E GcmPushIntentOperation: java.io.IOException: SERVICE_NOT_AVAILABLE
06-05 07:59:42.179  2081  4397 E GcmPushIntentOperation: 	at vfm.b(:com.google.android.gms@11743470:39)
06-05 07:59:42.179  2081  4397 E GcmPushIntentOperation: 	at vfm.a(:com.google.android.gms@11743470:46)
06-05 07:59:42.179  2081  4397 E GcmPushIntentOperation: 	at vfj.b(:com.google.android.gms@11743470:11)
06-05 07:59:42.179  2081  4397 E GcmPushIntentOperation: 	at vfj.a(:com.google.android.gms@11743470:29)
06-05 07:59:42.179  2081  4397 E GcmPushIntentOperation: 	at com.google.android.gms.phenotype.gcmpush.GcmPushIntentOperation.a(:com.google.android.gms@11743470:15)
06-05 07:59:42.179  2081  4397 E GcmPushIntentOperation: 	at com.google.android.gms.phenotype.gcmpush.GcmPushIntentOperation.a(:com.google.android.gms@11743470:6)
06-05 07:59:42.179  2081  4397 E GcmPushIntentOperation: 	at com.google.android.gms.phenotype.gcmpush.GcmPushIntentOperation.onHandleIntent(:com.google.android.gms@11743470:19)
06-05 07:59:42.179  2081  4397 E GcmPushIntentOperation: 	at com.google.android.chimera.IntentOperation.onHandleIntent(:com.google.android.gms@11743470:2)
06-05 07:59:42.179  2081  4397 E GcmPushIntentOperation: 	at bwo.run(:com.google.android.gms@11743470:10)
06-05 07:59:42.179  2081  4397 E GcmPushIntentOperation: 	at bwl.run(:com.google.android.gms@11743470:14)
06-05 07:59:42.179  2081  4397 E GcmPushIntentOperation: 	at java.util.concurrent.ThreadPoolExecutor.runWorker(ThreadPoolExecutor.java:1133)
06-05 07:59:42.179  2081  4397 E GcmPushIntentOperation: 	at java.util.concurrent.ThreadPoolExecutor$Worker.run(ThreadPoolExecutor.java:607)
06-05 07:59:42.179  2081  4397 E GcmPushIntentOperation: 	at java.lang.Thread.run(Thread.java:761)
06-05 07:59:42.225  2081  4397 E GcmPushIntentOperation: Failed to subscribe to GCM: com.google.android.gms.contextmanager
06-05 07:59:42.225  2081  4397 E GcmPushIntentOperation: java.io.IOException: SERVICE_NOT_AVAILABLE
06-05 07:59:42.225  2081  4397 E GcmPushIntentOperation: 	at vfm.b(:com.google.android.gms@11743470:39)
06-05 07:59:42.225  2081  4397 E GcmPushIntentOperation: 	at vfm.a(:com.google.android.gms@11743470:46)
06-05 07:59:42.225  2081  4397 E GcmPushIntentOperation: 	at vfj.b(:com.google.android.gms@11743470:11)
06-05 07:59:42.225  2081  4397 E GcmPushIntentOperation: 	at vfj.a(:com.google.android.gms@11743470:29)
06-05 07:59:42.225  2081  4397 E GcmPushIntentOperation: 	at com.google.android.gms.phenotype.gcmpush.GcmPushIntentOperation.a(:com.google.android.gms@11743470:15)
06-05 07:59:42.225  2081  4397 E GcmPushIntentOperation: 	at com.google.android.gms.phenotype.gcmpush.GcmPushIntentOperation.a(:com.google.android.gms@11743470:6)
06-05 07:59:42.225  2081  4397 E GcmPushIntentOperation: 	at com.google.android.gms.phenotype.gcmpush.GcmPushIntentOperation.onHandleIntent(:com.google.android.gms@11743470:19)
06-05 07:59:42.225  2081  4397 E GcmPushIntentOperation: 	at com.google.android.chimera.IntentOperation.onHandleIntent(:com.google.android.gms@11743470:2)
06-05 07:59:42.225  2081  4397 E GcmPushIntentOperation: 	at bwo.run(:com.google.android.gms@11743470:10)
06-05 07:59:42.225  2081  4397 E GcmPushIntentOperation: 	at bwl.run(:com.google.android.gms@11743470:14)
06-05 07:59:42.225  2081  4397 E GcmPushIntentOperation: 	at java.util.concurrent.ThreadPoolExecutor.runWorker(ThreadPoolExecutor.java:1133)
06-05 07:59:42.225  2081  4397 E GcmPushIntentOperation: 	at java.util.concurrent.ThreadPoolExecutor$Worker.run(ThreadPoolExecutor.java:607)
06-05 07:59:42.225  2081  4397 E GcmPushIntentOperation: 	at java.lang.Thread.run(Thread.java:761)
06-05 07:59:42.271  2081  4397 E GcmPushIntentOperation: Failed to subscribe to GCM: com.google.android.gms
06-05 07:59:42.271  2081  4397 E GcmPushIntentOperation: java.io.IOException: SERVICE_NOT_AVAILABLE
06-05 07:59:42.271  2081  4397 E GcmPushIntentOperation: 	at vfm.b(:com.google.android.gms@11743470:39)
06-05 07:59:42.271  2081  4397 E GcmPushIntentOperation: 	at vfm.a(:com.google.android.gms@11743470:46)
06-05 07:59:42.271  2081  4397 E GcmPushIntentOperation: 	at vfj.b(:com.google.android.gms@11743470:11)
06-05 07:59:42.271  2081  4397 E GcmPushIntentOperation: 	at vfj.a(:com.google.android.gms@11743470:29)
06-05 07:59:42.271  2081  4397 E GcmPushIntentOperation: 	at com.google.android.gms.phenotype.gcmpush.GcmPushIntentOperation.a(:com.google.android.gms@11743470:15)
06-05 07:59:42.271  2081  4397 E GcmPushIntentOperation: 	at com.google.android.gms.phenotype.gcmpush.GcmPushIntentOperation.a(:com.google.android.gms@11743470:6)
06-05 07:59:42.271  2081  4397 E GcmPushIntentOperation: 	at com.google.android.gms.phenotype.gcmpush.GcmPushIntentOperation.onHandleIntent(:com.google.android.gms@11743470:19)
06-05 07:59:42.271  2081  4397 E GcmPushIntentOperation: 	at com.google.android.chimera.IntentOperation.onHandleIntent(:com.google.android.gms@11743470:2)
06-05 07:59:42.271  2081  4397 E GcmPushIntentOperation: 	at bwo.run(:com.google.android.gms@11743470:10)
06-05 07:59:42.271  2081  4397 E GcmPushIntentOperation: 	at bwl.run(:com.google.android.gms@11743470:14)
06-05 07:59:42.271  2081  4397 E GcmPushIntentOperation: 	at java.util.concurrent.ThreadPoolExecutor.runWorker(ThreadPoolExecutor.java:1133)
06-05 07:59:42.271  2081  4397 E GcmPushIntentOperation: 	at java.util.concurrent.ThreadPoolExecutor$Worker.run(ThreadPoolExecutor.java:607)
06-05 07:59:42.271  2081  4397 E GcmPushIntentOperation: 	at java.lang.Thread.run(Thread.java:761)
06-05 07:59:42.334  2081  4397 E GcmPushIntentOperation: Failed to subscribe to GCM: com.google.android.gms.security
06-05 07:59:42.334  2081  4397 E GcmPushIntentOperation: java.io.IOException: SERVICE_NOT_AVAILABLE
06-05 07:59:42.334  2081  4397 E GcmPushIntentOperation: 	at vfm.b(:com.google.android.gms@11743470:39)
06-05 07:59:42.334  2081  4397 E GcmPushIntentOperation: 	at vfm.a(:com.google.android.gms@11743470:46)
06-05 07:59:42.334  2081  4397 E GcmPushIntentOperation: 	at vfj.b(:com.google.android.gms@11743470:11)
06-05 07:59:42.334  2081  4397 E GcmPushIntentOperation: 	at vfj.a(:com.google.android.gms@11743470:29)
06-05 07:59:42.334  2081  4397 E GcmPushIntentOperation: 	at com.google.android.gms.phenotype.gcmpush.GcmPushIntentOperation.a(:com.google.android.gms@11743470:15)
06-05 07:59:42.334  2081  4397 E GcmPushIntentOperation: 	at com.google.android.gms.phenotype.gcmpush.GcmPushIntentOperation.a(:com.google.android.gms@11743470:6)
06-05 07:59:42.334  2081  4397 E GcmPushIntentOperation: 	at com.google.android.gms.phenotype.gcmpush.GcmPushIntentOperation.onHandleIntent(:com.google.android.gms@11743470:19)
06-05 07:59:42.334  2081  4397 E GcmPushIntentOperation: 	at com.google.android.chimera.IntentOperation.onHandleIntent(:com.google.android.gms@11743470:2)
06-05 07:59:42.334  2081  4397 E GcmPushIntentOperation: 	at bwo.run(:com.google.android.gms@11743470:10)
06-05 07:59:42.334  2081  4397 E GcmPushIntentOperation: 	at bwl.run(:com.google.android.gms@11743470:14)
06-05 07:59:42.334  2081  4397 E GcmPushIntentOperation: 	at java.util.concurrent.ThreadPoolExecutor.runWorker(ThreadPoolExecutor.java:1133)
06-05 07:59:42.334  2081  4397 E GcmPushIntentOperation: 	at java.util.concurrent.ThreadPoolExecutor$Worker.run(ThreadPoolExecutor.java:607)
06-05 07:59:42.334  2081  4397 E GcmPushIntentOperation: 	at java.lang.Thread.run(Thread.java:761)
06-05 07:59:42.374  2081  4397 E GcmPushIntentOperation: Failed to subscribe to GCM: com.google.android.gms.trustlet_place
06-05 07:59:42.374  2081  4397 E GcmPushIntentOperation: java.io.IOException: SERVICE_NOT_AVAILABLE
06-05 07:59:42.374  2081  4397 E GcmPushIntentOperation: 	at vfm.b(:com.google.android.gms@11743470:39)
06-05 07:59:42.374  2081  4397 E GcmPushIntentOperation: 	at vfm.a(:com.google.android.gms@11743470:46)
06-05 07:59:42.374  2081  4397 E GcmPushIntentOperation: 	at vfj.b(:com.google.android.gms@11743470:11)
06-05 07:59:42.374  2081  4397 E GcmPushIntentOperation: 	at vfj.a(:com.google.android.gms@11743470:29)
06-05 07:59:42.374  2081  4397 E GcmPushIntentOperation: 	at com.google.android.gms.phenotype.gcmpush.GcmPushIntentOperation.a(:com.google.android.gms@11743470:15)
06-05 07:59:42.374  2081  4397 E GcmPushIntentOperation: 	at com.google.android.gms.phenotype.gcmpush.GcmPushIntentOperation.a(:com.google.android.gms@11743470:6)
06-05 07:59:42.374  2081  4397 E GcmPushIntentOperation: 	at com.google.android.gms.phenotype.gcmpush.GcmPushIntentOperation.onHandleIntent(:com.google.android.gms@11743470:19)
06-05 07:59:42.374  2081  4397 E GcmPushIntentOperation: 	at com.google.android.chimera.IntentOperation.onHandleIntent(:com.google.android.gms@11743470:2)
06-05 07:59:42.374  2081  4397 E GcmPushIntentOperation: 	at bwo.run(:com.google.android.gms@11743470:10)
06-05 07:59:42.374  2081  4397 E GcmPushIntentOperation: 	at bwl.run(:com.google.android.gms@11743470:14)
06-05 07:59:42.374  2081  4397 E GcmPushIntentOperation: 	at java.util.concurrent.ThreadPoolExecutor.runWorker(ThreadPoolExecutor.java:1133)
06-05 07:59:42.374  2081  4397 E GcmPushIntentOperation: 	at java.util.concurrent.ThreadPoolExecutor$Worker.run(ThreadPoolExecutor.java:607)
06-05 07:59:42.374  2081  4397 E GcmPushIntentOperation: 	at java.lang.Thread.run(Thread.java:761)
06-05 07:59:42.421  2081  4397 E GcmPushIntentOperation: Failed to subscribe to GCM: com.google.android.gms.octarine
06-05 07:59:42.421  2081  4397 E GcmPushIntentOperation: java.io.IOException: SERVICE_NOT_AVAILABLE
06-05 07:59:42.421  2081  4397 E GcmPushIntentOperation: 	at vfm.b(:com.google.android.gms@11743470:39)
06-05 07:59:42.421  2081  4397 E GcmPushIntentOperation: 	at vfm.a(:com.google.android.gms@11743470:46)
06-05 07:59:42.421  2081  4397 E GcmPushIntentOperation: 	at vfj.b(:com.google.android.gms@11743470:11)
06-05 07:59:42.421  2081  4397 E GcmPushIntentOperation: 	at vfj.a(:com.google.android.gms@11743470:29)
06-05 07:59:42.421  2081  4397 E GcmPushIntentOperation: 	at com.google.android.gms.phenotype.gcmpush.GcmPushIntentOperation.a(:com.google.android.gms@11743470:15)
06-05 07:59:42.421  2081  4397 E GcmPushIntentOperation: 	at com.google.android.gms.phenotype.gcmpush.GcmPushIntentOperation.a(:com.google.android.gms@11743470:6)
06-05 07:59:42.421  2081  4397 E GcmPushIntentOperation: 	at com.google.android.gms.phenotype.gcmpush.GcmPushIntentOperation.onHandleIntent(:com.google.android.gms@11743470:19)
06-05 07:59:42.421  2081  4397 E GcmPushIntentOperation: 	at com.google.android.chimera.IntentOperation.onHandleIntent(:com.google.android.gms@11743470:2)
06-05 07:59:42.421  2081  4397 E GcmPushIntentOperation: 	at bwo.run(:com.google.android.gms@11743470:10)
06-05 07:59:42.421  2081  4397 E GcmPushIntentOperation: 	at bwl.run(:com.google.android.gms@11743470:14)
06-05 07:59:42.421  2081  4397 E GcmPushIntentOperation: 	at java.util.concurrent.ThreadPoolExecutor.runWorker(ThreadPoolExecutor.java:1133)
06-05 07:59:42.421  2081  4397 E GcmPushIntentOperation: 	at java.util.concurrent.ThreadPoolExecutor$Worker.run(ThreadPoolExecutor.java:607)
06-05 07:59:42.421  2081  4397 E GcmPushIntentOperation: 	at java.lang.Thread.run(Thread.java:761)
06-05 07:59:42.469  2081  4397 E GcmPushIntentOperation: Failed to subscribe to GCM: com.google.android.gms.googlehelp
06-05 07:59:42.469  2081  4397 E GcmPushIntentOperation: java.io.IOException: SERVICE_NOT_AVAILABLE
06-05 07:59:42.469  2081  4397 E GcmPushIntentOperation: 	at vfm.b(:com.google.android.gms@11743470:39)
06-05 07:59:42.469  2081  4397 E GcmPushIntentOperation: 	at vfm.a(:com.google.android.gms@11743470:46)
06-05 07:59:42.469  2081  4397 E GcmPushIntentOperation: 	at vfj.b(:com.google.android.gms@11743470:11)
06-05 07:59:42.469  2081  4397 E GcmPushIntentOperation: 	at vfj.a(:com.google.android.gms@11743470:29)
06-05 07:59:42.469  2081  4397 E GcmPushIntentOperation: 	at com.google.android.gms.phenotype.gcmpush.GcmPushIntentOperation.a(:com.google.android.gms@11743470:15)
06-05 07:59:42.469  2081  4397 E GcmPushIntentOperation: 	at com.google.android.gms.phenotype.gcmpush.GcmPushIntentOperation.a(:com.google.android.gms@11743470:6)
06-05 07:59:42.469  2081  4397 E GcmPushIntentOperation: 	at com.google.android.gms.phenotype.gcmpush.GcmPushIntentOperation.onHandleIntent(:com.google.android.gms@11743470:19)
06-05 07:59:42.469  2081  4397 E GcmPushIntentOperation: 	at com.google.android.chimera.IntentOperation.onHandleIntent(:com.google.android.gms@11743470:2)
06-05 07:59:42.469  2081  4397 E GcmPushIntentOperation: 	at bwo.run(:com.google.android.gms@11743470:10)
06-05 07:59:42.469  2081  4397 E GcmPushIntentOperation: 	at bwl.run(:com.google.android.gms@11743470:14)
06-05 07:59:42.469  2081  4397 E GcmPushIntentOperation: 	at java.util.concurrent.ThreadPoolExecutor.runWorker(ThreadPoolExecutor.java:1133)
06-05 07:59:42.469  2081  4397 E GcmPushIntentOperation: 	at java.util.concurrent.ThreadPoolExecutor$Worker.run(ThreadPoolExecutor.java:607)
06-05 07:59:42.469  2081  4397 E GcmPushIntentOperation: 	at java.lang.Thread.run(Thread.java:761)
06-05 07:59:42.519  2081  4397 E GcmPushIntentOperation: Failed to subscribe to GCM: com.google.android.gms.autofill
06-05 07:59:42.519  2081  4397 E GcmPushIntentOperation: java.io.IOException: SERVICE_NOT_AVAILABLE
06-05 07:59:42.519  2081  4397 E GcmPushIntentOperation: 	at vfm.b(:com.google.android.gms@11743470:39)
06-05 07:59:42.519  2081  4397 E GcmPushIntentOperation: 	at vfm.a(:com.google.android.gms@11743470:46)
06-05 07:59:42.519  2081  4397 E GcmPushIntentOperation: 	at vfj.b(:com.google.android.gms@11743470:11)
06-05 07:59:42.519  2081  4397 E GcmPushIntentOperation: 	at vfj.a(:com.google.android.gms@11743470:29)
06-05 07:59:42.519  2081  4397 E GcmPushIntentOperation: 	at com.google.android.gms.phenotype.gcmpush.GcmPushIntentOperation.a(:com.google.android.gms@11743470:15)
06-05 07:59:42.519  2081  4397 E GcmPushIntentOperation: 	at com.google.android.gms.phenotype.gcmpush.GcmPushIntentOperation.a(:com.google.android.gms@11743470:6)
06-05 07:59:42.519  2081  4397 E GcmPushIntentOperation: 	at com.google.android.gms.phenotype.gcmpush.GcmPushIntentOperation.onHandleIntent(:com.google.android.gms@11743470:19)
06-05 07:59:42.519  2081  4397 E GcmPushIntentOperation: 	at com.google.android.chimera.IntentOperation.onHandleIntent(:com.google.android.gms@11743470:2)
06-05 07:59:42.519  2081  4397 E GcmPushIntentOperation: 	at bwo.run(:com.google.android.gms@11743470:10)
06-05 07:59:42.519  2081  4397 E GcmPushIntentOperation: 	at bwl.run(:com.google.android.gms@11743470:14)
06-05 07:59:42.519  2081  4397 E GcmPushIntentOperation: 	at java.util.concurrent.ThreadPoolExecutor.runWorker(ThreadPoolExecutor.java:1133)
06-05 07:59:42.519  2081  4397 E GcmPushIntentOperation: 	at java.util.concurrent.ThreadPoolExecutor$Worker.run(ThreadPoolExecutor.java:607)
06-05 07:59:42.519  2081  4397 E GcmPushIntentOperation: 	at java.lang.Thread.run(Thread.java:761)
06-05 07:59:42.564  2081  4397 E GcmPushIntentOperation: Failed to subscribe to GCM: com.google.android.gms.cast
06-05 07:59:42.564  2081  4397 E GcmPushIntentOperation: java.io.IOException: SERVICE_NOT_AVAILABLE
06-05 07:59:42.564  2081  4397 E GcmPushIntentOperation: 	at vfm.b(:com.google.android.gms@11743470:39)
06-05 07:59:42.564  2081  4397 E GcmPushIntentOperation: 	at vfm.a(:com.google.android.gms@11743470:46)
06-05 07:59:42.564  2081  4397 E GcmPushIntentOperation: 	at vfj.b(:com.google.android.gms@11743470:11)
06-05 07:59:42.564  2081  4397 E GcmPushIntentOperation: 	at vfj.a(:com.google.android.gms@11743470:29)
06-05 07:59:42.564  2081  4397 E GcmPushIntentOperation: 	at com.google.android.gms.phenotype.gcmpush.GcmPushIntentOperation.a(:com.google.android.gms@11743470:15)
06-05 07:59:42.564  2081  4397 E GcmPushIntentOperation: 	at com.google.android.gms.phenotype.gcmpush.GcmPushIntentOperation.a(:com.google.android.gms@11743470:6)
06-05 07:59:42.564  2081  4397 E GcmPushIntentOperation: 	at com.google.android.gms.phenotype.gcmpush.GcmPushIntentOperation.onHandleIntent(:com.google.android.gms@11743470:19)
06-05 07:59:42.564  2081  4397 E GcmPushIntentOperation: 	at com.google.android.chimera.IntentOperation.onHandleIntent(:com.google.android.gms@11743470:2)
06-05 07:59:42.564  2081  4397 E GcmPushIntentOperation: 	at bwo.run(:com.google.android.gms@11743470:10)
06-05 07:59:42.564  2081  4397 E GcmPushIntentOperation: 	at bwl.run(:com.google.android.gms@11743470:14)
06-05 07:59:42.564  2081  4397 E GcmPushIntentOperation: 	at java.util.concurrent.ThreadPoolExecutor.runWorker(ThreadPoolExecutor.java:1133)
06-05 07:59:42.564  2081  4397 E GcmPushIntentOperation: 	at java.util.concurrent.ThreadPoolExecutor$Worker.run(ThreadPoolExecutor.java:607)
06-05 07:59:42.564  2081  4397 E GcmPushIntentOperation: 	at java.lang.Thread.run(Thread.java:761)
06-05 07:59:42.622  2081  4397 E GcmPushIntentOperation: Failed to subscribe to GCM: com.google.android.gms.trustagent
06-05 07:59:42.622  2081  4397 E GcmPushIntentOperation: java.io.IOException: SERVICE_NOT_AVAILABLE
06-05 07:59:42.622  2081  4397 E GcmPushIntentOperation: 	at vfm.b(:com.google.android.gms@11743470:39)
06-05 07:59:42.622  2081  4397 E GcmPushIntentOperation: 	at vfm.a(:com.google.android.gms@11743470:46)
06-05 07:59:42.622  2081  4397 E GcmPushIntentOperation: 	at vfj.b(:com.google.android.gms@11743470:11)
06-05 07:59:42.622  2081  4397 E GcmPushIntentOperation: 	at vfj.a(:com.google.android.gms@11743470:29)
06-05 07:59:42.622  2081  4397 E GcmPushIntentOperation: 	at com.google.android.gms.phenotype.gcmpush.GcmPushIntentOperation.a(:com.google.android.gms@11743470:15)
06-05 07:59:42.622  2081  4397 E GcmPushIntentOperation: 	at com.google.android.gms.phenotype.gcmpush.GcmPushIntentOperation.a(:com.google.android.gms@11743470:6)
06-05 07:59:42.622  2081  4397 E GcmPushIntentOperation: 	at com.google.android.gms.phenotype.gcmpush.GcmPushIntentOperation.onHandleIntent(:com.google.android.gms@11743470:19)
06-05 07:59:42.622  2081  4397 E GcmPushIntentOperation: 	at com.google.android.chimera.IntentOperation.onHandleIntent(:com.google.android.gms@11743470:2)
06-05 07:59:42.622  2081  4397 E GcmPushIntentOperation: 	at bwo.run(:com.google.android.gms@11743470:10)
06-05 07:59:42.622  2081  4397 E GcmPushIntentOperation: 	at bwl.run(:com.google.android.gms@11743470:14)
06-05 07:59:42.622  2081  4397 E GcmPushIntentOperation: 	at java.util.concurrent.ThreadPoolExecutor.runWorker(ThreadPoolExecutor.java:1133)
06-05 07:59:42.622  2081  4397 E GcmPushIntentOperation: 	at java.util.concurrent.ThreadPoolExecutor$Worker.run(ThreadPoolExecutor.java:607)
06-05 07:59:42.622  2081  4397 E GcmPushIntentOperation: 	at java.lang.Thread.run(Thread.java:761)
06-05 07:59:42.692  2081  4397 E GcmPushIntentOperation: Failed to subscribe to GCM: com.google.android.gms.devicedoctor
06-05 07:59:42.692  2081  4397 E GcmPushIntentOperation: java.io.IOException: SERVICE_NOT_AVAILABLE
06-05 07:59:42.692  2081  4397 E GcmPushIntentOperation: 	at vfm.b(:com.google.android.gms@11743470:39)
06-05 07:59:42.692  2081  4397 E GcmPushIntentOperation: 	at vfm.a(:com.google.android.gms@11743470:46)
06-05 07:59:42.692  2081  4397 E GcmPushIntentOperation: 	at vfj.b(:com.google.android.gms@11743470:11)
06-05 07:59:42.692  2081  4397 E GcmPushIntentOperation: 	at vfj.a(:com.google.android.gms@11743470:29)
06-05 07:59:42.692  2081  4397 E GcmPushIntentOperation: 	at com.google.android.gms.phenotype.gcmpush.GcmPushIntentOperation.a(:com.google.android.gms@11743470:15)
06-05 07:59:42.692  2081  4397 E GcmPushIntentOperation: 	at com.google.android.gms.phenotype.gcmpush.GcmPushIntentOperation.a(:com.google.android.gms@11743470:6)
06-05 07:59:42.692  2081  4397 E GcmPushIntentOperation: 	at com.google.android.gms.phenotype.gcmpush.GcmPushIntentOperation.onHandleIntent(:com.google.android.gms@11743470:19)
06-05 07:59:42.692  2081  4397 E GcmPushIntentOperation: 	at com.google.android.chimera.IntentOperation.onHandleIntent(:com.google.android.gms@11743470:2)
06-05 07:59:42.692  2081  4397 E GcmPushIntentOperation: 	at bwo.run(:com.google.android.gms@11743470:10)
06-05 07:59:42.692  2081  4397 E GcmPushIntentOperation: 	at bwl.run(:com.google.android.gms@11743470:14)
06-05 07:59:42.692  2081  4397 E GcmPushIntentOperation: 	at java.util.concurrent.ThreadPoolExecutor.runWorker(ThreadPoolExecutor.java:1133)
06-05 07:59:42.692  2081  4397 E GcmPushIntentOperation: 	at java.util.concurrent.ThreadPoolExecutor$Worker.run(ThreadPoolExecutor.java:607)
06-05 07:59:42.692  2081  4397 E GcmPushIntentOperation: 	at java.lang.Thread.run(Thread.java:761)
06-05 07:59:42.744  2081  4397 E GcmPushIntentOperation: Failed to subscribe to GCM: com.google.android.gms.trustlet_onbody
06-05 07:59:42.744  2081  4397 E GcmPushIntentOperation: java.io.IOException: SERVICE_NOT_AVAILABLE
06-05 07:59:42.744  2081  4397 E GcmPushIntentOperation: 	at vfm.b(:com.google.android.gms@11743470:39)
06-05 07:59:42.744  2081  4397 E GcmPushIntentOperation: 	at vfm.a(:com.google.android.gms@11743470:46)
06-05 07:59:42.744  2081  4397 E GcmPushIntentOperation: 	at vfj.b(:com.google.android.gms@11743470:11)
06-05 07:59:42.744  2081  4397 E GcmPushIntentOperation: 	at vfj.a(:com.google.android.gms@11743470:29)
06-05 07:59:42.744  2081  4397 E GcmPushIntentOperation: 	at com.google.android.gms.phenotype.gcmpush.GcmPushIntentOperation.a(:com.google.android.gms@11743470:15)
06-05 07:59:42.744  2081  4397 E GcmPushIntentOperation: 	at com.google.android.gms.phenotype.gcmpush.GcmPushIntentOperation.a(:com.google.android.gms@11743470:6)
06-05 07:59:42.744  2081  4397 E GcmPushIntentOperation: 	at com.google.android.gms.phenotype.gcmpush.GcmPushIntentOperation.onHandleIntent(:com.google.android.gms@11743470:19)
06-05 07:59:42.744  2081  4397 E GcmPushIntentOperation: 	at com.google.android.chimera.IntentOperation.onHandleIntent(:com.google.android.gms@11743470:2)
06-05 07:59:42.744  2081  4397 E GcmPushIntentOperation: 	at bwo.run(:com.google.android.gms@11743470:10)
06-05 07:59:42.744  2081  4397 E GcmPushIntentOperation: 	at bwl.run(:com.google.android.gms@11743470:14)
06-05 07:59:42.744  2081  4397 E GcmPushIntentOperation: 	at java.util.concurrent.ThreadPoolExecutor.runWorker(ThreadPoolExecutor.java:1133)
06-05 07:59:42.744  2081  4397 E GcmPushIntentOperation: 	at java.util.concurrent.ThreadPoolExecutor$Worker.run(ThreadPoolExecutor.java:607)
06-05 07:59:42.744  2081  4397 E GcmPushIntentOperation: 	at java.lang.Thread.run(Thread.java:761)
06-05 07:59:42.799  2081  4397 E GcmPushIntentOperation: Failed to subscribe to GCM: com.google.android.gms.telephonyspam
06-05 07:59:42.799  2081  4397 E GcmPushIntentOperation: java.io.IOException: SERVICE_NOT_AVAILABLE
06-05 07:59:42.799  2081  4397 E GcmPushIntentOperation: 	at vfm.b(:com.google.android.gms@11743470:39)
06-05 07:59:42.799  2081  4397 E GcmPushIntentOperation: 	at vfm.a(:com.google.android.gms@11743470:46)
06-05 07:59:42.799  2081  4397 E GcmPushIntentOperation: 	at vfj.b(:com.google.android.gms@11743470:11)
06-05 07:59:42.799  2081  4397 E GcmPushIntentOperation: 	at vfj.a(:com.google.android.gms@11743470:29)
06-05 07:59:42.799  2081  4397 E GcmPushIntentOperation: 	at com.google.android.gms.phenotype.gcmpush.GcmPushIntentOperation.a(:com.google.android.gms@11743470:15)
06-05 07:59:42.799  2081  4397 E GcmPushIntentOperation: 	at com.google.android.gms.phenotype.gcmpush.GcmPushIntentOperation.a(:com.google.android.gms@11743470:6)
06-05 07:59:42.799  2081  4397 E GcmPushIntentOperation: 	at com.google.android.gms.phenotype.gcmpush.GcmPushIntentOperation.onHandleIntent(:com.google.android.gms@11743470:19)
06-05 07:59:42.799  2081  4397 E GcmPushIntentOperation: 	at com.google.android.chimera.IntentOperation.onHandleIntent(:com.google.android.gms@11743470:2)
06-05 07:59:42.799  2081  4397 E GcmPushIntentOperation: 	at bwo.run(:com.google.android.gms@11743470:10)
06-05 07:59:42.799  2081  4397 E GcmPushIntentOperation: 	at bwl.run(:com.google.android.gms@11743470:14)
06-05 07:59:42.799  2081  4397 E GcmPushIntentOperation: 	at java.util.concurrent.ThreadPoolExecutor.runWorker(ThreadPoolExecutor.java:1133)
06-05 07:59:42.799  2081  4397 E GcmPushIntentOperation: 	at java.util.concurrent.ThreadPoolExecutor$Worker.run(ThreadPoolExecutor.java:607)
06-05 07:59:42.799  2081  4397 E GcmPushIntentOperation: 	at java.lang.Thread.run(Thread.java:761)
06-05 07:59:42.854  2309  2924 E FontsHttpClientDL: Download https://fonts.gstatic.com/s/a/directory014.pb failed
06-05 07:59:42.859  2309  2734 E FontsUpdateRunner: Abort update with status Status{statusCode=Unable to resolve host "fonts.gstatic.com": No address associated with hostname, resolution=null}
06-05 07:59:42.863  2620  2645 I ClearcutLoggerApiImpl: disconnect managed GoogleApiClient
06-05 07:59:42.877  2081  4397 E GcmPushIntentOperation: Failed to subscribe to GCM: com.google.android.gms.reachability
06-05 07:59:42.877  2081  4397 E GcmPushIntentOperation: java.io.IOException: SERVICE_NOT_AVAILABLE
06-05 07:59:42.877  2081  4397 E GcmPushIntentOperation: 	at vfm.b(:com.google.android.gms@11743470:39)
06-05 07:59:42.877  2081  4397 E GcmPushIntentOperation: 	at vfm.a(:com.google.android.gms@11743470:46)
06-05 07:59:42.877  2081  4397 E GcmPushIntentOperation: 	at vfj.b(:com.google.android.gms@11743470:11)
06-05 07:59:42.877  2081  4397 E GcmPushIntentOperation: 	at vfj.a(:com.google.android.gms@11743470:29)
06-05 07:59:42.877  2081  4397 E GcmPushIntentOperation: 	at com.google.android.gms.phenotype.gcmpush.GcmPushIntentOperation.a(:com.google.android.gms@11743470:15)
06-05 07:59:42.877  2081  4397 E GcmPushIntentOperation: 	at com.google.android.gms.phenotype.gcmpush.GcmPushIntentOperation.a(:com.google.android.gms@11743470:6)
06-05 07:59:42.877  2081  4397 E GcmPushIntentOperation: 	at com.google.android.gms.phenotype.gcmpush.GcmPushIntentOperation.onHandleIntent(:com.google.android.gms@11743470:19)
06-05 07:59:42.877  2081  4397 E GcmPushIntentOperation: 	at com.google.android.chimera.IntentOperation.onHandleIntent(:com.google.android.gms@11743470:2)
06-05 07:59:42.877  2081  4397 E GcmPushIntentOperation: 	at bwo.run(:com.google.android.gms@11743470:10)
06-05 07:59:42.877  2081  4397 E GcmPushIntentOperation: 	at bwl.run(:com.google.android.gms@11743470:14)
06-05 07:59:42.877  2081  4397 E GcmPushIntentOperation: 	at java.util.concurrent.ThreadPoolExecutor.runWorker(ThreadPoolExecutor.java:1133)
06-05 07:59:42.877  2081  4397 E GcmPushIntentOperation: 	at java.util.concurrent.ThreadPoolExecutor$Worker.run(ThreadPoolExecutor.java:607)
06-05 07:59:42.877  2081  4397 E GcmPushIntentOperation: 	at java.lang.Thread.run(Thread.java:761)
06-05 07:59:42.948  2081  2102 I art     : Background sticky concurrent mark sweep GC freed 33840(3MB) AllocSpace objects, 0(0B) LOS objects, 35% free, 6MB/9MB, paused 8.451ms total 237.520ms
06-05 07:59:42.988  2081  4397 E GcmPushIntentOperation: Failed to subscribe to GCM: com.google.android.gms.audit
06-05 07:59:42.988  2081  4397 E GcmPushIntentOperation: java.io.IOException: SERVICE_NOT_AVAILABLE
06-05 07:59:42.988  2081  4397 E GcmPushIntentOperation: 	at vfm.b(:com.google.android.gms@11743470:39)
06-05 07:59:42.988  2081  4397 E GcmPushIntentOperation: 	at vfm.a(:com.google.android.gms@11743470:46)
06-05 07:59:42.988  2081  4397 E GcmPushIntentOperation: 	at vfj.b(:com.google.android.gms@11743470:11)
06-05 07:59:42.988  2081  4397 E GcmPushIntentOperation: 	at vfj.a(:com.google.android.gms@11743470:29)
06-05 07:59:42.988  2081  4397 E GcmPushIntentOperation: 	at com.google.android.gms.phenotype.gcmpush.GcmPushIntentOperation.a(:com.google.android.gms@11743470:15)
