--------- beginning of main
06-05 07:58:00.297  2259  3291 I MicroRecognitionRunner: Starting detection.
06-05 07:58:00.327  2259  2347 I MicrophoneInputStream: mic_starting com.google.android.apps.gsa.staticplugins.z.c@b5fbb0a
06-05 07:58:00.339  1356  3294 I AudioFlinger: AudioFlinger's thread 0xacb03080 ready to run
06-05 07:58:00.347  2259  2347 I MicrophoneInputStream: mic_started com.google.android.apps.gsa.staticplugins.z.c@b5fbb0a
--------- beginning of system
06-05 07:58:00.348  2259  2347 E ActivityThread: Failed to find provider info for com.google.android.apps.gsa.testing.ui.audio.recorded
06-05 07:58:00.351  2259  2259 I MicroDetectionWorker: onReady
06-05 07:58:00.372  2259  2347 I MicrophoneInputStream: mic_close com.google.android.apps.gsa.staticplugins.z.c@b5fbb0a
06-05 07:58:00.376  2259  3291 I MicroRecognitionRunner: Detection finished
06-05 07:58:00.376  2259  3291 W ErrorReporter: reportError [type: 211, code: 524300]: Error reading from input stream
06-05 07:58:00.387  2259  3291 W ErrorProcessor: onFatalError, processing error from engine(4)
06-05 07:58:00.387  2259  3291 W ErrorProcessor: com.google.android.apps.gsa.shared.speech.a.g: Error reading from input stream
06-05 07:58:00.387  2259  3291 W ErrorProcessor: 	at com.google.android.apps.gsa.staticplugins.recognizer.i.a.a(SourceFile:342)
06-05 07:58:00.387  2259  3291 W ErrorProcessor: 	at com.google.android.apps.gsa.staticplugins.recognizer.i.a$1.run(SourceFile:1367)
06-05 07:58:00.387  2259  3291 W ErrorProcessor: 	at java.util.concurrent.Executors$RunnableAdapter.call(Executors.java:428)
06-05 07:58:00.387  2259  3291 W ErrorProcessor: 	at java.util.concurrent.FutureTask.run(FutureTask.java:237)
06-05 07:58:00.387  2259  3291 W ErrorProcessor: 	at com.google.android.apps.gsa.shared.util.concurrent.a.ak.run(SourceFile:66)
06-05 07:58:00.387  2259  3291 W ErrorProcessor: 	at java.util.concurrent.ThreadPoolExecutor.runWorker(ThreadPoolExecutor.java:1133)
06-05 07:58:00.387  2259  3291 W ErrorProcessor: 	at java.util.concurrent.ThreadPoolExecutor$Worker.run(ThreadPoolExecutor.java:607)
06-05 07:58:00.387  2259  3291 W ErrorProcessor: 	at java.lang.Thread.run(Thread.java:761)
06-05 07:58:00.387  2259  3291 W ErrorProcessor: 	at com.google.android.apps.gsa.shared.util.concurrent.a.ad$1.run(SourceFile:85)
06-05 07:58:00.387  2259  3291 W ErrorProcessor: Caused by: com.google.android.apps.gsa.shared.exception.GsaIOException: Error code: 393238 | Buffer overflow, no available space.
06-05 07:58:00.387  2259  3291 W ErrorProcessor: 	at com.google.android.apps.gsa.speech.audio.Tee.g(SourceFile:2531)
06-05 07:58:00.387  2259  3291 W ErrorProcessor: 	at com.google.android.apps.gsa.speech.audio.ap.read(SourceFile:555)
06-05 07:58:00.387  2259  3291 W ErrorProcessor: 	at java.io.InputStream.read(InputStream.java:101)
06-05 07:58:00.387  2259  3291 W ErrorProcessor: 	at com.google.android.apps.gsa.speech.audio.al.run(SourceFile:362)
06-05 07:58:00.387  2259  3291 W ErrorProcessor: 	at com.google.android.apps.gsa.speech.audio.ak$1.run(SourceFile:471)
06-05 07:58:00.387  2259  3291 W ErrorProcessor: 	at java.util.concurrent.Executors$RunnableAdapter.call(Executors.java:428)
06-05 07:58:00.387  2259  3291 W ErrorProcessor: 	at java.util.concurrent.FutureTask.run(FutureTask.java:237)
06-05 07:58:00.387  2259  3291 W ErrorProcessor: 	at com.google.android.apps.gsa.shared.util.concurrent.a.ak.run(SourceFile:66)
06-05 07:58:00.387  2259  3291 W ErrorProcessor: 	at com.google.android.apps.gsa.shared.util.concurrent.a.ax.run(SourceFile:139)
06-05 07:58:00.387  2259  3291 W ErrorProcessor: 	at com.google.android.apps.gsa.shared.util.concurrent.a.ax.run(SourceFile:139)
06-05 07:58:00.387  2259  3291 W ErrorProcessor: 	... 4 more
06-05 07:58:00.387  2259  2448 I MicroRecognitionRunner: Stopping hotword detection.
06-05 07:58:00.387  2259  3291 I AudioController: internalShutdown
06-05 07:58:00.394  2259  2259 I MicroDetector: Keeping mic open: false
06-05 07:58:00.394  2259  2259 I MicroDetectionWorker: #onError(false)
06-05 07:58:00.395  2259  3289 I DeviceStateChecker: DeviceStateChecker cancelled
06-05 07:58:00.428  2259  2272 I art     : Background sticky concurrent mark sweep GC freed 10780(768KB) AllocSpace objects, 4(80KB) LOS objects, 7% free, 8MB/9MB, paused 10.991ms total 153.902ms
06-05 07:58:00.448  2994  2994 I Babel_Prime: startMemoryMonitor
06-05 07:58:00.626  2994  2994 W Babel   : On boot, found 0 ready accounts
06-05 07:58:00.633  2090  2205 D PrivacyStreams: Accepted a socket client.
06-05 07:58:00.652  1657  1669 I ActivityManager: Start proc 3304:com.google.android.youtube/u0a76 for broadcast com.google.android.youtube/com.google.android.libraries.youtube.upload.service.UploadService$BootReceiver
06-05 07:58:00.660  3304  3304 W art     : Unexpected CPU variant for X86 using defaults: x86
06-05 07:58:00.741  3304  3304 W System  : ClassLoader referenced unknown path: /system/app/YouTube/lib/x86
06-05 07:58:00.858  2994  2994 I Babel_ConcService: Binding ConcurrentService
06-05 07:58:00.869  1657  2992 I ActivityManager: Killing 1951:com.android.cellbroadcastreceiver/u0a4 (adj 906): empty #17
06-05 07:58:01.054  2994  3324 I Babel_ConcService: Acquired partial wake lock to keep ConcurrentService alive
06-05 07:58:01.055  2994  3324 I Babel_ConcService: Released partial wake lock as ConcurrentService became idle
06-05 07:58:01.058  2994  3324 I Babel_ConcService: Acquired partial wake lock to keep ConcurrentService alive
06-05 07:58:01.061  2994  3324 I Babel_ConcService: Released partial wake lock as ConcurrentService became idle
06-05 07:58:01.065  2994  3325 I Babel_ConcService: Acquired partial wake lock to keep ConcurrentService alive
06-05 07:58:01.069  2994  3325 I Babel_ConcService: Released partial wake lock as ConcurrentService became idle
06-05 07:58:01.072  2994  3328 I Babel_ConcService: Acquired partial wake lock to keep ConcurrentService alive
06-05 07:58:01.075  2994  3328 I Babel_ConcService: Released partial wake lock as ConcurrentService became idle
06-05 07:58:01.391  3319  3319 D AndroidRuntime: >>>>>> START com.android.internal.os.RuntimeInit uid 2000 <<<<<<
06-05 07:58:01.395  3319  3319 D AndroidRuntime: CheckJNI is ON
06-05 07:58:01.510  3319  3319 W art     : Unexpected CPU variant for X86 using defaults: x86
06-05 07:58:01.514  1657  2168 D ActivityManager: cleanUpApplicationRecord -- 1951
06-05 07:58:01.552  3319  3319 D ICU     : No timezone override file found: /data/misc/zoneinfo/current/icu/icu_tzdata.dat
06-05 07:58:01.632  3319  3319 E memtrack: Couldn't load memtrack module (No such file or directory)
06-05 07:58:01.632  3319  3319 E android.os.Debug: failed to load memtrack module: -2
06-05 07:58:01.634  3319  3319 I Radio-JNI: register_android_hardware_Radio DONE
06-05 07:58:01.660  3319  3319 D AndroidRuntime: Calling main entry com.android.commands.ime.Ime
06-05 07:58:01.721  2081  2081 I WearableService: Wearable Services stopping
06-05 07:58:01.726  3319  3319 D AndroidRuntime: Shutting down VM
06-05 07:58:02.179  3304  3343 W System  : ClassLoader referenced unknown path: /system/priv-app/PrebuiltGmsCore/lib/x86
06-05 07:58:02.181  3304  3343 D ApplicationLoaders: ignored Vulkan layer search path /system/priv-app/PrebuiltGmsCore/lib/x86:/system/fake-libs:/system/priv-app/PrebuiltGmsCore/PrebuiltGmsCore.apk!/lib/x86:/system/lib:/vendor/lib for namespace 0xa7418090
06-05 07:58:02.217  3304  3343 W System  : ClassLoader referenced unknown path: /system/priv-app/PrebuiltGmsCore/lib/x86
06-05 07:58:02.218  3304  3343 W System  : ClassLoader referenced unknown path: /system/priv-app/PrebuiltGmsCore/lib/x86
06-05 07:58:02.227  3304  3343 W System  : ClassLoader referenced unknown path: /system/priv-app/PrebuiltGmsCore/lib/x86
06-05 07:58:02.229  3304  3343 W System  : ClassLoader referenced unknown path: /system/priv-app/PrebuiltGmsCore/lib/x86
06-05 07:58:02.257  3304  3343 W linker  : /data/user_de/0/com.google.android.gms/app_extracted_libs/x86/libconscrypt_gmscore_jni.so: unused DT entry: type 0xf arg 0x91
06-05 07:58:02.280  3304  3343 V NativeCrypto: Registering com/google/android/gms/org/conscrypt/NativeCrypto's 276 native methods...
06-05 07:58:02.350  3304  3343 D NetworkSecurityConfig: No Network Security Config specified, using platform default
06-05 07:58:02.367  3304  3343 I ProviderInstaller: Installed default security provider GmsCore_OpenSSL
06-05 07:58:02.518  3304  3349 W art     : Long monitor contention with owner background2-4 (3350) at void java.lang.Object.wait!()(Object.java:-2) waiters=0 in void oah.e() for 341ms
06-05 07:58:02.561  3304  3304 E YT      : flushBinderConnectionCallbacks is unverified on SDK 25
06-05 07:58:02.592  3304  3349 W System  : ClassLoader referenced unknown path: 
06-05 07:58:02.593  3304  3349 W System  : ClassLoader referenced unknown path: /system/priv-app/PrebuiltGmsCore/lib/x86
06-05 07:58:02.594  3304  3349 D ApplicationLoaders: ignored Vulkan layer search path /system/priv-app/PrebuiltGmsCore/lib/x86:/system/fake-libs:/system/priv-app/PrebuiltGmsCore/PrebuiltGmsCore.apk!/lib/x86:/system/lib:/vendor/lib for namespace 0xa74180d0
06-05 07:58:02.719  3304  3349 W System  : ClassLoader referenced unknown path: /data/user_de/0/com.google.android.gms/app_chimera/m/00000001/n/x86
06-05 07:58:02.790  3304  3349 D DynamitePackage: Instantiated singleton DynamitePackage.
06-05 07:58:02.796  3304  3349 D DynamitePackage: Instantiating com.google.android.gms.ads.adshield.ChimeraAdShieldCreatorImpl
06-05 07:58:03.234  3304  3349 W art     : Before Android 4.1, method double java.util.concurrent.ThreadLocalRandom.internalNextDouble(double, double) would have incorrectly overridden the package-private method in java.util.Random
06-05 07:58:03.234  3304  3349 W art     : Before Android 4.1, method int java.util.concurrent.ThreadLocalRandom.internalNextInt(int, int) would have incorrectly overridden the package-private method in java.util.Random
06-05 07:58:03.234  3304  3349 W art     : Before Android 4.1, method long java.util.concurrent.ThreadLocalRandom.internalNextLong(long, long) would have incorrectly overridden the package-private method in java.util.Random
06-05 07:58:03.509  3304  3384 W art     : Long monitor contention with owner pool-5-thread-6 (3377) at void com.google.android.gms.org.conscrypt.OpenSSLCipher$EVP_CIPHER$AES$CBC$PKCS5Padding.<init>()(:com.google.android.gms@11743470:-1) waiters=5 in byte[] gs.a(byte[], java.lang.String) for 182ms
06-05 07:58:03.514  3304  3381 W art     : Long monitor contention with owner initCrit3-2 (3349) at void java.lang.Thread.unpark$()(Thread.java:2069) waiters=1 in void java.lang.Object.wait!(long, int) for 195ms
06-05 07:58:03.971  2309  2734 I Icing   : updateResources: need to parse uaz{com.google.android.gms}
06-05 07:58:04.231  3372  3372 D AndroidRuntime: >>>>>> START com.android.internal.os.RuntimeInit uid 2000 <<<<<<
06-05 07:58:04.237  3372  3372 D AndroidRuntime: CheckJNI is ON
06-05 07:58:04.353  3372  3372 W art     : Unexpected CPU variant for X86 using defaults: x86
06-05 07:58:04.361  3372  3372 D ICU     : No timezone override file found: /data/misc/zoneinfo/current/icu/icu_tzdata.dat
06-05 07:58:04.495  1357  2161 V EmulatedCamera_Camera: getCameraInfo
06-05 07:58:04.495  1357  2161 V EmulatedCamera_BaseCamera: getCameraInfo
06-05 07:58:04.497  1357  1357 V EmulatedCamera_Camera: getCameraInfo
06-05 07:58:04.497  1357  1357 V EmulatedCamera_BaseCamera: getCameraInfo
06-05 07:58:04.507  3372  3372 E memtrack: Couldn't load memtrack module (No such file or directory)
06-05 07:58:04.507  3372  3372 E android.os.Debug: failed to load memtrack module: -2
06-05 07:58:04.511  3372  3372 I Radio-JNI: register_android_hardware_Radio DONE
06-05 07:58:04.538  1657  1770 I ActivityManager: Killing 1876:com.android.settings/1000 (adj 906): empty #17
06-05 07:58:04.548  3372  3372 D AndroidRuntime: Calling main entry com.android.commands.input.Input
06-05 07:58:04.556  1657  1947 D CryptdConnector: SND -> {6 cryptfs getpwtype}
06-05 07:58:04.557  1262  1297 D VoldCryptCmdListener: cryptfs getpwtype
06-05 07:58:04.558  1657  1699 D CryptdConnector: RCV <- {213 6 default}
06-05 07:58:04.601  1657  2992 D ActivityManager: cleanUpApplicationRecord -- 1876
06-05 07:58:04.630  1657  1947 D GraphicsStats: Buffer count: 3
06-05 07:58:04.642  3372  3372 I Input   : injectKeyEvent: KeyEvent { action=ACTION_DOWN, keyCode=KEYCODE_MENU, scanCode=0, metaState=0, flags=0x0, repeatCount=0, eventTime=70806, downTime=70806, deviceId=-1, source=0x101 }
06-05 07:58:04.786  3372  3372 I Input   : injectKeyEvent: KeyEvent { action=ACTION_UP, keyCode=KEYCODE_MENU, scanCode=0, metaState=0, flags=0x0, repeatCount=0, eventTime=70806, downTime=70806, deviceId=-1, source=0x101 }
06-05 07:58:04.854  3372  3372 D AndroidRuntime: Shutting down VM
06-05 07:58:04.959  1657  1719 D SntpClient: request time failed: java.net.UnknownHostException: Unable to resolve host "2.android.pool.ntp.org": No address associated with hostname
06-05 07:58:04.959  1657  1719 E GnssLocationProvider: requestTime failed
06-05 07:58:04.959  1657  1719 I GnssLocationProvider: WakeLock acquired by sendMessage(10, 0, null)
06-05 07:58:04.959  1657  1719 I GnssLocationProvider: WakeLock released by handleInjectNtpTime()
06-05 07:58:04.961  1657  1671 I GnssLocationProvider: WakeLock released by handleMessage(10, 0, null)
06-05 07:58:04.968  2090  2116 I art     : Background partial concurrent mark sweep GC freed 40368(1703KB) AllocSpace objects, 84(2MB) LOS objects, 40% free, 2MB/3MB, paused 14.708ms total 98.097ms
06-05 07:58:05.144  3304  3316 W art     : Suspending all threads took: 13.179ms
06-05 07:58:05.322  1657  1696 I InputReader: Reconfiguring input devices.  changes=0x00000010
06-05 07:58:05.398  2259  2259 I MicroDetectionWorker: Micro detection mode: [mDetectionMode: [1]].
06-05 07:58:05.398  2259  2259 I AudioController: Using mInputStreamFactoryBuilder
06-05 07:58:05.451  2259  3442 I MicroRecognitionRunner: Starting detection.
06-05 07:58:05.467  2259  2347 I MicrophoneInputStream: mic_starting com.google.android.apps.gsa.staticplugins.z.c@ab8b7e9
06-05 07:58:05.474  2259  2347 I MicrophoneInputStream: mic_started com.google.android.apps.gsa.staticplugins.z.c@ab8b7e9
06-05 07:58:05.475  2259  2347 E ActivityThread: Failed to find provider info for com.google.android.apps.gsa.testing.ui.audio.recorded
06-05 07:58:05.476  2259  2259 I MicroDetectionWorker: onReady
06-05 07:58:05.476  1356  3445 I AudioFlinger: AudioFlinger's thread 0xac883700 ready to run
06-05 07:58:05.505  2259  2347 I MicrophoneInputStream: mic_close com.google.android.apps.gsa.staticplugins.z.c@ab8b7e9
06-05 07:58:05.537  2259  3442 I MicroRecognitionRunner: Detection finished
06-05 07:58:05.537  2259  3442 W ErrorReporter: reportError [type: 211, code: 524300]: Error reading from input stream
06-05 07:58:05.542  2259  3442 W ErrorProcessor: onFatalError, processing error from engine(4)
06-05 07:58:05.542  2259  3442 W ErrorProcessor: com.google.android.apps.gsa.shared.speech.a.g: Error reading from input stream
06-05 07:58:05.542  2259  3442 W ErrorProcessor: 	at com.google.android.apps.gsa.staticplugins.recognizer.i.a.a(SourceFile:342)
06-05 07:58:05.542  2259  3442 W ErrorProcessor: 	at com.google.android.apps.gsa.staticplugins.recognizer.i.a$1.run(SourceFile:1367)
06-05 07:58:05.542  2259  3442 W ErrorProcessor: 	at java.util.concurrent.Executors$RunnableAdapter.call(Executors.java:428)
06-05 07:58:05.542  2259  3442 W ErrorProcessor: 	at java.util.concurrent.FutureTask.run(FutureTask.java:237)
06-05 07:58:05.542  2259  3442 W ErrorProcessor: 	at com.google.android.apps.gsa.shared.util.concurrent.a.ak.run(SourceFile:66)
06-05 07:58:05.542  2259  3442 W ErrorProcessor: 	at java.util.concurrent.ThreadPoolExecutor.runWorker(ThreadPoolExecutor.java:1133)
06-05 07:58:05.542  2259  3442 W ErrorProcessor: 	at java.util.concurrent.ThreadPoolExecutor$Worker.run(ThreadPoolExecutor.java:607)
06-05 07:58:05.542  2259  3442 W ErrorProcessor: 	at java.lang.Thread.run(Thread.java:761)
06-05 07:58:05.542  2259  3442 W ErrorProcessor: 	at com.google.android.apps.gsa.shared.util.concurrent.a.ad$1.run(SourceFile:85)
06-05 07:58:05.542  2259  3442 W ErrorProcessor: Caused by: com.google.android.apps.gsa.shared.exception.GsaIOException: Error code: 393238 | Buffer overflow, no available space.
06-05 07:58:05.542  2259  3442 W ErrorProcessor: 	at com.google.android.apps.gsa.speech.audio.Tee.g(SourceFile:2531)
06-05 07:58:05.542  2259  3442 W ErrorProcessor: 	at com.google.android.apps.gsa.speech.audio.ap.read(SourceFile:555)
06-05 07:58:05.542  2259  3442 W ErrorProcessor: 	at java.io.InputStream.read(InputStream.java:101)
06-05 07:58:05.542  2259  3442 W ErrorProcessor: 	at com.google.android.apps.gsa.speech.audio.al.run(SourceFile:362)
06-05 07:58:05.542  2259  3442 W ErrorProcessor: 	at com.google.android.apps.gsa.speech.audio.ak$1.run(SourceFile:471)
06-05 07:58:05.542  2259  3442 W ErrorProcessor: 	at java.util.concurrent.Executors$RunnableAdapter.call(Executors.java:428)
06-05 07:58:05.542  2259  3442 W ErrorProcessor: 	at java.util.concurrent.FutureTask.run(FutureTask.java:237)
06-05 07:58:05.542  2259  3442 W ErrorProcessor: 	at com.google.android.apps.gsa.shared.util.concurrent.a.ak.run(SourceFile:66)
06-05 07:58:05.542  2259  3442 W ErrorProcessor: 	at com.google.android.apps.gsa.shared.util.concurrent.a.ax.run(SourceFile:139)
06-05 07:58:05.542  2259  3442 W ErrorProcessor: 	at com.google.android.apps.gsa.shared.util.concurrent.a.ax.run(SourceFile:139)
06-05 07:58:05.542  2259  3442 W ErrorProcessor: 	... 4 more
06-05 07:58:05.542  2259  3442 I AudioController: internalShutdown
06-05 07:58:05.543  2259  2448 I MicroRecognitionRunner: Stopping hotword detection.
06-05 07:58:05.549  2259  2259 I MicroDetector: Keeping mic open: false
06-05 07:58:05.549  2259  2259 I MicroDetectionWorker: #onError(false)
06-05 07:58:05.550  2259  3441 I DeviceStateChecker: DeviceStateChecker cancelled
06-05 07:58:05.567  2259  2272 I art     : Background sticky concurrent mark sweep GC freed 2685(123KB) AllocSpace objects, 0(0B) LOS objects, 0% free, 9MB/9MB, paused 13.599ms total 94.529ms
06-05 07:58:05.674  2259  2272 I art     : Background sticky concurrent mark sweep GC freed 490(50KB) AllocSpace objects, 0(0B) LOS objects, 1% free, 9MB/9MB, paused 3.135ms total 102.024ms
06-05 07:58:05.689  3304  3304 W InstanceID/Rpc: Found 10014
06-05 07:58:05.907  2259  2272 I art     : Background partial concurrent mark sweep GC freed 4438(185KB) AllocSpace objects, 8(3MB) LOS objects, 39% free, 6MB/10MB, paused 4.307ms total 229.407ms
06-05 07:58:05.916  2090  2116 I art     : Background sticky concurrent mark sweep GC freed 12473(548KB) AllocSpace objects, 29(836KB) LOS objects, 20% free, 2MB/3MB, paused 35.151ms total 135.265ms
06-05 07:58:05.937  1861  1861 D CarrierSvcBindHelper: No carrier app for: 0
06-05 07:58:06.053  3304  3304 I art     : Waiting for a blocking GC DisableMovingGc
06-05 07:58:06.057  3304  3304 I art     : Starting a blocking GC DisableMovingGc
06-05 07:58:06.469  3437  3437 D AndroidRuntime: >>>>>> START com.android.internal.os.RuntimeInit uid 2000 <<<<<<
06-05 07:58:06.477  3437  3437 D AndroidRuntime: CheckJNI is ON
06-05 07:58:06.622  3437  3437 W art     : Unexpected CPU variant for X86 using defaults: x86
06-05 07:58:06.635  3437  3437 D ICU     : No timezone override file found: /data/misc/zoneinfo/current/icu/icu_tzdata.dat
06-05 07:58:06.651  3454  3454 W art     : Unexpected CPU variant for X86 using defaults: x86
06-05 07:58:06.652  1657  1671 I ActivityManager: Start proc 3454:com.android.printspooler/u0a69 for service com.android.printspooler/.model.PrintSpoolerService
06-05 07:58:06.684  3437  3437 E memtrack: Couldn't load memtrack module (No such file or directory)
06-05 07:58:06.684  3437  3437 E android.os.Debug: failed to load memtrack module: -2
06-05 07:58:06.687  3437  3437 I Radio-JNI: register_android_hardware_Radio DONE
06-05 07:58:06.713  3437  3437 D AndroidRuntime: Calling main entry com.android.commands.input.Input
06-05 07:58:06.715  3437  3437 I Input   : injectKeyEvent: KeyEvent { action=ACTION_DOWN, keyCode=KEYCODE_BACK, scanCode=0, metaState=0, flags=0x0, repeatCount=0, eventTime=72880, downTime=72880, deviceId=-1, source=0x101 }
06-05 07:58:06.722  3437  3437 I Input   : injectKeyEvent: KeyEvent { action=ACTION_UP, keyCode=KEYCODE_BACK, scanCode=0, metaState=0, flags=0x0, repeatCount=0, eventTime=72880, downTime=72880, deviceId=-1, source=0x101 }
06-05 07:58:06.741  3437  3437 D AndroidRuntime: Shutting down VM
06-05 07:58:06.790  2178  2278 W OpenGLRenderer: Incorrectly called buildLayer on View: Hotseat, destroying layer...
06-05 07:58:06.790  2178  2278 W OpenGLRenderer: Incorrectly called buildLayer on View: PageIndicatorLineCaret, destroying layer...
06-05 07:58:06.790  2178  2278 W OpenGLRenderer: Incorrectly called buildLayer on View: SuperGContainerView, destroying layer...
06-05 07:58:06.959  3304  3304 V MediaRouter: Adding route: RouteInfo{ name=Phone, description=null, status=null, category=RouteCategory{ name=null types=ROUTE_TYPE_LIVE_AUDIO ROUTE_TYPE_LIVE_VIDEO  groupable=false }, supportedTypes=ROUTE_TYPE_LIVE_AUDIO ROUTE_TYPE_LIVE_VIDEO , presentationDisplay=null }
06-05 07:58:06.963  2309  2734 I Icing   : Internal init done: storage state 0
06-05 07:58:07.089  3304  3304 V MediaRouter: Updating audio routes: AudioRoutesInfo{ type=SPEAKER }
06-05 07:58:07.094  3304  3304 V MediaRouter: Selecting route: RouteInfo{ name=Phone, description=null, status=null, category=RouteCategory{ name=null types=ROUTE_TYPE_LIVE_AUDIO ROUTE_TYPE_LIVE_VIDEO  groupable=false }, supportedTypes=ROUTE_TYPE_LIVE_AUDIO ROUTE_TYPE_LIVE_VIDEO , presentationDisplay=null }
06-05 07:58:07.180  2309  2734 I Icing   : 25 corpora need re-polling
06-05 07:58:07.368  2081  2081 I GCoreNlp: shouldConfirmNlp, NLP off. Ensuring opt-in disabled
06-05 07:58:07.567  2081  2102 I art     : Background sticky concurrent mark sweep GC freed 26339(2MB) AllocSpace objects, 9(180KB) LOS objects, 34% free, 5MB/9MB, paused 45.636ms total 261.120ms
06-05 07:58:07.646  2081  2081 I GeofencerStateMachine: sendQueryLocationOptIn
06-05 07:58:07.823  2090  2116 I art     : Background partial concurrent mark sweep GC freed 18926(772KB) AllocSpace objects, 33(1140KB) LOS objects, 40% free, 2MB/4MB, paused 2.571ms total 139.913ms
06-05 07:58:07.979  1657  2988 W ActivityManager: Unable to start service Intent { cmp=com.google.android.youtube/com.google.android.libraries.youtube.upload.service.UploadService$BootReceiver } U=0: not found
06-05 07:58:07.990  3304  3379 W art     : Long monitor contention with owner pool-5-thread-5 (3376) at void com.google.android.gms.org.conscrypt.NativeCrypto.EVP_DigestUpdate(com.google.android.gms.org.conscrypt.NativeRef$EVP_MD_CTX, byte[], int, int)(:com.google.android.gms@11743470:-2) waiters=0 in void com.google.android.ads.tasks.c.a() for 2.477s
06-05 07:58:08.033  1657  1770 I ActivityManager: Start proc 3494:com.android.cellbroadcastreceiver/u0a4 for broadcast com.android.cellbroadcastreceiver/.CellBroadcastReceiver
06-05 07:58:08.040  1657  1770 I ActivityManager: Killing 2581:com.android.dialer/u0a9 (adj 906): empty #17
06-05 07:58:08.054  3494  3494 W art     : Unexpected CPU variant for X86 using defaults: x86
06-05 07:58:08.126  2259  2889 E Search.IcingConnection: Got error status from getGlobalSearchSources: null
06-05 07:58:08.127  2259  2889 W ThreadPoolDumper: Task d[maybeDisconnect] was queued for 20032ms before starting on executor IcingConnectionExecutor
06-05 07:58:08.179  1657  2988 D ActivityManager: cleanUpApplicationRecord -- 2581
06-05 07:58:08.193  3304  3304 V MediaRouter: Selecting route: RouteInfo{ name=Phone, description=null, status=null, category=RouteCategory{ name=null types=ROUTE_TYPE_LIVE_AUDIO ROUTE_TYPE_LIVE_VIDEO  groupable=false }, supportedTypes=ROUTE_TYPE_LIVE_AUDIO ROUTE_TYPE_LIVE_VIDEO , presentationDisplay=null }
06-05 07:58:08.242  1657  1750 W ActivityManager: Permission Denial: Accessing service ComponentInfo{com.google.android.music/com.google.android.music.dial.DialMediaRouteProviderService} from pid=3304, uid=10076 that is not exported from uid 10059
06-05 07:58:08.274  1657  1711 D ConnectivityService: handleLingerComplete for NetworkAgentInfo [MOBILE (LTE) - 100]
06-05 07:58:08.292  2309  2320 W art     : Suspending all threads took: 145.288ms
06-05 07:58:08.403  2309  2345 I art     : Waiting for a blocking GC DisableMovingGc
06-05 07:58:08.405  2309  2872 I art     : Waiting for a blocking GC DisableMovingGc
06-05 07:58:08.406  2309  2320 I art     : HomogeneousSpaceCompact marksweep + semispace GC freed 26561(2MB) AllocSpace objects, 25(500KB) LOS objects, 38% free, 6MB/10MB, paused 110.189ms total 110.189ms
06-05 07:58:08.407  2309  2345 I art     : Starting a blocking GC DisableMovingGc
06-05 07:58:08.407  2309  2872 I art     : Starting a blocking GC DisableMovingGc
06-05 07:58:08.419  2309  2903 I Icing   : IndexChimeraService.getServiceInterface callingPackage=com.google.android.googlequicksearchbox componentName=null serviceId=32
06-05 07:58:08.440  2309  3516 I Icing   : IndexChimeraService.getServiceInterface callingPackage=com.google.android.googlequicksearchbox componentName=null serviceId=33
06-05 07:58:08.451  2309  2743 W art     : Long monitor contention with owner lowpool[1] (2734) at int ayvn.a(java.lang.CharSequence)(:com.google.android.gms@11743470:2) waiters=1 in dhx txh.b(ubc, java.lang.String, java.lang.String) for 996ms
06-05 07:58:08.454  2309  2901 W art     : Long monitor contention with owner lowpool[1] (2734) at void uci.a(java.lang.String, long)(:com.google.android.gms@11743470:6) waiters=1 in uaz uba.d(java.lang.String) for 987ms
06-05 07:58:08.559  2309  2534 I CastDatabase: Opening the database
06-05 07:58:08.636  3479  3479 D AndroidRuntime: >>>>>> START com.android.internal.os.RuntimeInit uid 2000 <<<<<<
06-05 07:58:08.640  3479  3479 D AndroidRuntime: CheckJNI is ON
06-05 07:58:08.745  3479  3479 W art     : Unexpected CPU variant for X86 using defaults: x86
06-05 07:58:08.754  3479  3479 D ICU     : No timezone override file found: /data/misc/zoneinfo/current/icu/icu_tzdata.dat
06-05 07:58:08.802  3479  3479 E memtrack: Couldn't load memtrack module (No such file or directory)
06-05 07:58:08.802  3479  3479 E android.os.Debug: failed to load memtrack module: -2
06-05 07:58:08.804  3479  3479 I Radio-JNI: register_android_hardware_Radio DONE
06-05 07:58:08.865  3479  3479 D AndroidRuntime: Calling main entry com.android.commands.pm.Pm
06-05 07:58:08.890  3479  3479 I art     : System.exit called, status: 0
06-05 07:58:08.890  3479  3479 I AndroidRuntime: VM exiting with result code 0.
06-05 07:58:09.116  2309  2743 I Icing   : IndexChimeraService.getServiceInterface callingPackage=com.google.android.apps.messaging componentName=null serviceId=36
06-05 07:58:09.171  2309  2309 I CastSocket: 25 >= 18. Adding new CastClientAuthKeyManager.
06-05 07:58:09.183  2309  2924 I CheckinCompat: Done disabling old GoogleServicesFramework version
06-05 07:58:09.211  2309  2309 I DiscoveryManager: WifiGuestModeDeviceScanner enabled.
06-05 07:58:09.241  1657  1667 I art     : Background sticky concurrent mark sweep GC freed 49121(2MB) AllocSpace objects, 10(336KB) LOS objects, 29% free, 9MB/12MB, paused 9.431ms total 105.784ms
06-05 07:58:09.305  2309  2901 W art     : Long monitor contention with owner lowpool[1] (2734) at void uci.a(java.lang.String, long)(:com.google.android.gms@11743470:6) waiters=0 in aedm aedr.b() for 799ms
06-05 07:58:09.359  3494  3494 W System  : ClassLoader referenced unknown path: /system/priv-app/CellBroadcastReceiver/lib/x86
06-05 07:58:09.391  2309  2743 W art     : Long monitor contention with owner lowpool[1] (2734) at void uci.a(java.lang.String, long)(:com.google.android.gms@11743470:6) waiters=1 in uaz uba.d(java.lang.String) for 273ms
06-05 07:58:09.406  1657  2042 I ActivityManager: Killing 2163:com.android.deskclock/u0a41 (adj 906): empty #17
06-05 07:58:09.478  3545  3545 W art     : Unexpected CPU variant for X86 using defaults: x86
06-05 07:58:09.498  1657  1770 I ActivityManager: Start proc 3545:com.android.settings/1000 for broadcast com.android.settings/.sim.SimSelectNotification
06-05 07:58:09.499  1657  1669 D ActivityManager: cleanUpApplicationRecord -- 2163
06-05 07:58:09.508  2309  2743 I Icing   : IndexChimeraService.getServiceInterface callingPackage=com.google.android.apps.messaging componentName=null serviceId=36
06-05 07:58:09.564  3545  3545 W System  : ClassLoader referenced unknown path: /system/priv-app/Settings/lib/x86
06-05 07:58:09.678  2309  2534 I SQLiteCastStore: 0 CastNetworkInfo instances loaded, 0 CastDeviceInfo instances loaded, 0 paired guest mode devices loaded.
06-05 07:58:09.681  2309  2534 I DiscoveryManager: Filter criteria(233637DE) scannerFlags(2)
06-05 07:58:09.698  1657  2041 I ActivityManager: Killing 2603:com.android.managedprovisioning/u0a20 (adj 906): empty #17
06-05 07:58:09.798  1657  2041 D ActivityManager: cleanUpApplicationRecord -- 2603
06-05 07:58:09.880  3494  3494 D CellBroadcastReceiver: Start Cell Broadcast configuration.
06-05 07:58:09.924  3494  3568 D CellBroadcastConfigService: Enable CellBroadcast on sub 1
06-05 07:58:09.987  2309  3564 I IcingInternalCorpora: Received calendar change notification.
06-05 07:58:10.091  1861  1875 D IccSmsInterfaceManager: [IccSmsInterfaceManager] Calling setCdmaBroadcastConfig with 1 configurations
06-05 07:58:10.102  1861  1875 D IccSmsInterfaceManager: [IccSmsInterfaceManager] Failed to add cdma broadcast subscription for MID range 4096 to 4096 from client com.android.cellbroadcastreceiver
06-05 07:58:10.144  1861  2304 D IccSmsInterfaceManager: [IccSmsInterfaceManager] Calling setCdmaBroadcastConfig with 1 configurations
06-05 07:58:10.157  1861  2304 D IccSmsInterfaceManager: [IccSmsInterfaceManager] Failed to add cdma broadcast subscription for MID range 4097 to 4097 from client com.android.cellbroadcastreceiver
06-05 07:58:10.381  1307  1348 E SurfaceFlinger: ro.sf.lcd_density must be defined as a build property
06-05 07:58:10.393  1861  1974 D IccSmsInterfaceManager: [IccSmsInterfaceManager] Calling setCdmaBroadcastConfig with 1 configurations
06-05 07:58:10.392  1307  1317 D PermissionCache: checking android.permission.READ_FRAME_BUFFER for uid=2000 => granted (2197 us)
06-05 07:58:10.400  1307  1317 D gralloc_ranchu: gralloc_alloc: Creating ashmem region of size 1536000
06-05 07:58:10.412  1861  1974 D IccSmsInterfaceManager: [IccSmsInterfaceManager] Failed to add cdma broadcast subscription for MID range 4098 to 4098 from client com.android.cellbroadcastreceiver
06-05 07:58:10.425  3577  3577 D         : HostConnection::get() New Host Connection established 0xaff1b2c0, tid 3577
06-05 07:58:10.426  1861  1974 D IccSmsInterfaceManager: [IccSmsInterfaceManager] Calling setCdmaBroadcastConfig with 1 configurations
06-05 07:58:10.429  3577  3577 W         : Unrecognized GLES max version string in extensions: ANDROID_EMU_CHECKSUM_HELPER_v1 ANDROID_EMU_dma_v1 
06-05 07:58:10.432  1861  1974 D IccSmsInterfaceManager: [IccSmsInterfaceManager] Failed to add cdma broadcast subscription for MID range 4099 to 4099 from client com.android.cellbroadcastreceiver
06-05 07:58:10.445  1861  1974 D IccSmsInterfaceManager: [IccSmsInterfaceManager] Failed to remove cdma broadcast subscription for MID range 4100 to 4100 from client com.android.cellbroadcastreceiver
06-05 07:58:10.461  1307  1307 E EGL_emulation: tid 1307: eglCreateSyncKHR(1881): error 0x3004 (EGL_BAD_ATTRIBUTE)
06-05 07:58:10.463  1861  1974 D IccSmsInterfaceManager: [IccSmsInterfaceManager] Calling setGsmBroadcastConfig with 1 configurations
06-05 07:58:10.473  1861  1974 D IccSmsInterfaceManager: [IccSmsInterfaceManager] Failed to add GSM cell broadcast subscription for MID range 4352 to 4354 from client com.android.cellbroadcastreceiver
06-05 07:58:10.488  1861  2304 D IccSmsInterfaceManager: [IccSmsInterfaceManager] Calling setGsmBroadcastConfig with 1 configurations
06-05 07:58:10.495  1861  2304 D IccSmsInterfaceManager: [IccSmsInterfaceManager] Failed to add GSM cell broadcast subscription for MID range 4356 to 4356 from client com.android.cellbroadcastreceiver
06-05 07:58:10.521  1861  2298 D IccSmsInterfaceManager: [IccSmsInterfaceManager] Failed to remove GSM cell broadcast subscription for MID range 4355 to 4355 from client com.android.cellbroadcastreceiver
06-05 07:58:10.539  1861  1861 D VvmSimChangeReceiver: Carrier config changed
06-05 07:58:10.550  1861  1861 I VvmSimChangeReceiver: Sim state or carrier config changed for 1
06-05 07:58:10.555  2259  2259 I MicroDetectionWorker: Micro detection mode: [mDetectionMode: [1]].
06-05 07:58:10.556  2259  2259 I AudioController: Using mInputStreamFactoryBuilder
06-05 07:58:10.572  2259  3587 I MicroRecognitionRunner: Starting detection.
06-05 07:58:10.573  2259  2347 I MicrophoneInputStream: mic_starting com.google.android.apps.gsa.staticplugins.z.c@420fa48
06-05 07:58:10.574  1861  1861 D VvmTaskScheduler: create task:com.android.phone.vvm.omtp.ActivationTask
06-05 07:58:10.580  2259  2347 I MicrophoneInputStream: mic_started com.google.android.apps.gsa.staticplugins.z.c@420fa48
06-05 07:58:10.581  2259  2347 E ActivityThread: Failed to find provider info for com.google.android.apps.gsa.testing.ui.audio.recorded
06-05 07:58:10.593  2259  2259 I MicroDetectionWorker: onReady
06-05 07:58:10.617  1356  3590 I AudioFlinger: AudioFlinger's thread 0xac603e80 ready to run
06-05 07:58:10.642  2259  2347 I MicrophoneInputStream: mic_close com.google.android.apps.gsa.staticplugins.z.c@420fa48
06-05 07:58:10.645  2259  3587 I MicroRecognitionRunner: Detection finished
06-05 07:58:10.646  2259  3587 W ErrorReporter: reportError [type: 211, code: 524300]: Error reading from input stream
06-05 07:58:10.648  2259  2448 I MicroRecognitionRunner: Stopping hotword detection.
06-05 07:58:10.648  2259  3587 W ErrorProcessor: onFatalError, processing error from engine(4)
06-05 07:58:10.648  2259  3587 W ErrorProcessor: com.google.android.apps.gsa.shared.speech.a.g: Error reading from input stream
06-05 07:58:10.648  2259  3587 W ErrorProcessor: 	at com.google.android.apps.gsa.staticplugins.recognizer.i.a.a(SourceFile:342)
06-05 07:58:10.648  2259  3587 W ErrorProcessor: 	at com.google.android.apps.gsa.staticplugins.recognizer.i.a$1.run(SourceFile:1367)
06-05 07:58:10.648  2259  3587 W ErrorProcessor: 	at java.util.concurrent.Executors$RunnableAdapter.call(Executors.java:428)
06-05 07:58:10.648  2259  3587 W ErrorProcessor: 	at java.util.concurrent.FutureTask.run(FutureTask.java:237)
06-05 07:58:10.648  2259  3587 W ErrorProcessor: 	at com.google.android.apps.gsa.shared.util.concurrent.a.ak.run(SourceFile:66)
06-05 07:58:10.648  2259  3587 W ErrorProcessor: 	at java.util.concurrent.ThreadPoolExecutor.runWorker(ThreadPoolExecutor.java:1133)
06-05 07:58:10.648  2259  3587 W ErrorProcessor: 	at java.util.concurrent.ThreadPoolExecutor$Worker.run(ThreadPoolExecutor.java:607)
06-05 07:58:10.648  2259  3587 W ErrorProcessor: 	at java.lang.Thread.run(Thread.java:761)
06-05 07:58:10.648  2259  3587 W ErrorProcessor: 	at com.google.android.apps.gsa.shared.util.concurrent.a.ad$1.run(SourceFile:85)
06-05 07:58:10.648  2259  3587 W ErrorProcessor: Caused by: com.google.android.apps.gsa.shared.exception.GsaIOException: Error code: 393238 | Buffer overflow, no available space.
06-05 07:58:10.648  2259  3587 W ErrorProcessor: 	at com.google.android.apps.gsa.speech.audio.Tee.g(SourceFile:2531)
06-05 07:58:10.648  2259  3587 W ErrorProcessor: 	at com.google.android.apps.gsa.speech.audio.ap.read(SourceFile:555)
06-05 07:58:10.648  2259  3587 W ErrorProcessor: 	at java.io.InputStream.read(InputStream.java:101)
06-05 07:58:10.648  2259  3587 W ErrorProcessor: 	at com.google.android.apps.gsa.speech.audio.al.run(SourceFile:362)
06-05 07:58:10.648  2259  3587 W ErrorProcessor: 	at com.google.android.apps.gsa.speech.audio.ak$1.run(SourceFile:471)
06-05 07:58:10.648  2259  3587 W ErrorProcessor: 	at java.util.concurrent.Executors$RunnableAdapter.call(Executors.java:428)
06-05 07:58:10.648  2259  3587 W ErrorProcessor: 	at java.util.concurrent.FutureTask.run(FutureTask.java:237)
06-05 07:58:10.648  2259  3587 W ErrorProcessor: 	at com.google.android.apps.gsa.shared.util.concurrent.a.ak.run(SourceFile:66)
06-05 07:58:10.648  2259  3587 W ErrorProcessor: 	at com.google.android.apps.gsa.shared.util.concurrent.a.ax.run(SourceFile:139)
06-05 07:58:10.648  2259  3587 W ErrorProcessor: 	at com.google.android.apps.gsa.shared.util.concurrent.a.ax.run(SourceFile:139)
06-05 07:58:10.648  2259  3587 W ErrorProcessor: 	... 4 more
06-05 07:58:10.648  2259  3587 I AudioController: internalShutdown
06-05 07:58:10.650  2259  2259 I MicroDetector: Keeping mic open: false
06-05 07:58:10.650  2259  2259 I MicroDetectionWorker: #onError(false)
06-05 07:58:10.650  2259  3586 I DeviceStateChecker: DeviceStateChecker cancelled
06-05 07:58:10.708  1861  1875 D IccSmsInterfaceManager: [IccSmsInterfaceManager] Calling setGsmBroadcastConfig with 1 configurations
06-05 07:58:10.714  1861  1875 D IccSmsInterfaceManager: [IccSmsInterfaceManager] Failed to add GSM cell broadcast subscription for MID range 4370 to 4370 from client com.android.cellbroadcastreceiver
06-05 07:58:10.773  2309  2534 W MdnsClient_Cast: #acquireLock. Multicast lock not held. Acquiring. Subtypes:"233637DE"
06-05 07:58:10.882  2309  2320 I art     : Background partial concurrent mark sweep GC freed 20315(1211KB) AllocSpace objects, 4(76KB) LOS objects, 37% free, 6MB/10MB, paused 6.420ms total 872.963ms
06-05 07:58:10.918  2309  2309 I iu.Environment: update connectivity state; isNetworkMetered? false, isRoaming? false, isBackgroundDataAllowed? true*
06-05 07:58:10.939  2309  3592 I iu.SyncManager: SYNC; picasa accounts
06-05 07:58:10.964  2309  3592 I iu.UploadsManager: num queued entries: 0
06-05 07:58:10.964  2309  3592 I iu.UploadsManager: num updated entries: 0
06-05 07:58:11.023  1861  1873 D IccSmsInterfaceManager: [IccSmsInterfaceManager] Calling setGsmBroadcastConfig with 1 configurations
06-05 07:58:11.033  3596  3596 W art     : Unexpected CPU variant for X86 using defaults: x86
06-05 07:58:11.035  1861  1873 D IccSmsInterfaceManager: [IccSmsInterfaceManager] Failed to add GSM cell broadcast subscription for MID range 4371 to 4372 from client com.android.cellbroadcastreceiver
06-05 07:58:11.035  1657  1668 I ActivityManager: Start proc 3596:com.google.android.music:main/u0a59 for broadcast com.google.android.music/.store.MediaStoreImportService$Receiver
06-05 07:58:11.090  1861  2304 D IccSmsInterfaceManager: [IccSmsInterfaceManager] Calling setGsmBroadcastConfig with 1 configurations
06-05 07:58:11.094  1861  2304 D IccSmsInterfaceManager: [IccSmsInterfaceManager] Failed to add GSM cell broadcast subscription for MID range 4373 to 4378 from client com.android.cellbroadcastreceiver
06-05 07:58:11.102  1861  1974 D IccSmsInterfaceManager: [IccSmsInterfaceManager] Calling setGsmBroadcastConfig with 1 configurations
06-05 07:58:11.107  1861  1974 D IccSmsInterfaceManager: [IccSmsInterfaceManager] Failed to add GSM cell broadcast subscription for MID range 4379 to 4379 from client com.android.cellbroadcastreceiver
06-05 07:58:11.115  1861  2298 D IccSmsInterfaceManager: [IccSmsInterfaceManager] Failed to remove GSM cell broadcast subscription for MID range 4380 to 4382 from client com.android.cellbroadcastreceiver
06-05 07:58:11.121  1861  1875 D IccSmsInterfaceManager: [IccSmsInterfaceManager] Calling setGsmBroadcastConfig with 1 configurations
06-05 07:58:11.126  1861  1875 D IccSmsInterfaceManager: [IccSmsInterfaceManager] Failed to add GSM cell broadcast subscription for MID range 4383 to 4383 from client com.android.cellbroadcastreceiver
06-05 07:58:11.136  1861  1873 D IccSmsInterfaceManager: [IccSmsInterfaceManager] Calling setGsmBroadcastConfig with 1 configurations
06-05 07:58:11.151  1861  1873 D IccSmsInterfaceManager: [IccSmsInterfaceManager] Failed to add GSM cell broadcast subscription for MID range 4384 to 4385 from client com.android.cellbroadcastreceiver
06-05 07:58:11.158  1861  2304 D IccSmsInterfaceManager: [IccSmsInterfaceManager] Calling setGsmBroadcastConfig with 1 configurations
06-05 07:58:11.162  1861  2304 D IccSmsInterfaceManager: [IccSmsInterfaceManager] Failed to add GSM cell broadcast subscription for MID range 4386 to 4391 from client com.android.cellbroadcastreceiver
06-05 07:58:11.173  1861  1974 D IccSmsInterfaceManager: [IccSmsInterfaceManager] Calling setGsmBroadcastConfig with 1 configurations
06-05 07:58:11.178  1861  1974 D IccSmsInterfaceManager: [IccSmsInterfaceManager] Failed to add GSM cell broadcast subscription for MID range 4392 to 4392 from client com.android.cellbroadcastreceiver
06-05 07:58:11.184  1861  2298 D IccSmsInterfaceManager: [IccSmsInterfaceManager] Failed to remove GSM cell broadcast subscription for MID range 4393 to 4395 from client com.android.cellbroadcastreceiver
06-05 07:58:11.190  1861  1875 D IccSmsInterfaceManager: [IccSmsInterfaceManager] Failed to remove GSM cell broadcast subscription for MID range 50 to 50 from client com.android.cellbroadcastreceiver
06-05 07:58:11.193  3494  3568 D CellBroadcastOtherChannelsManager: No additional channels configured. subId = 1
06-05 07:58:11.447  2309  2534 W MdnsClient_Cast: #acquireLock. Multicast lock not held. Acquiring. Subtypes:"233637DE"
06-05 07:58:11.491  2309  2534 W MdnsClient_Cast: Multicast lock held. Releasing. Subtypes:"233637DE"
06-05 07:58:11.506  2309  2534 W MdnsClient_Cast: #acquireLock. Multicast lock not held. Acquiring. Subtypes:"233637DE"
06-05 07:58:11.580  3596  3596 W System  : ClassLoader referenced unknown path: /system/app/Music2/lib/x86
06-05 07:58:11.595  2309  3592 I iu.SyncManager: NEXT; no task
06-05 07:58:11.656  2309  2534 W MdnsClient_Cast: Multicast lock held. Releasing. Subtypes:"233637DE"
06-05 07:58:11.703  2309  2742 I IcingInternalCorpora: EventIndexer: starting incremental update
06-05 07:58:11.704  2309  2742 I IcingInternalCorpora: EventIndexer: 0 added, 0 removed, 0 changed, 0 unchanged, 0 errors.
06-05 07:58:11.704  2309  2742 I IcingInternalCorpora: EventIndexer: finished after 1 ms.
06-05 07:58:11.727  2309  2534 W MdnsClient_Cast: #acquireLock. Multicast lock not held. Acquiring. Subtypes:"233637DE"
06-05 07:58:11.810  3595  3595 D AndroidRuntime: >>>>>> START com.android.internal.os.RuntimeInit uid 2000 <<<<<<
06-05 07:58:11.814  3595  3595 D AndroidRuntime: CheckJNI is ON
06-05 07:58:11.867  3596  3596 I MultiDex: VM with version 2.1.0 has multidex support
06-05 07:58:11.868  3596  3596 I MultiDex: install
06-05 07:58:11.868  3596  3596 I MultiDex: VM has multidex support, MultiDex support library is disabled.
06-05 07:58:11.931  3595  3595 W art     : Unexpected CPU variant for X86 using defaults: x86
06-05 07:58:11.942  3595  3595 D ICU     : No timezone override file found: /data/misc/zoneinfo/current/icu/icu_tzdata.dat
06-05 07:58:11.971  2081  2081 I GoogleURLConnFactory: Using platform SSLCertificateSocketFactory
06-05 07:58:11.973  2309  2901 I Icing   : IndexChimeraService.getServiceInterface callingPackage=com.google.android.apps.messaging componentName=null serviceId=36
06-05 07:58:12.023  3595  3595 E memtrack: Couldn't load memtrack module (No such file or directory)
06-05 07:58:12.023  3595  3595 E android.os.Debug: failed to load memtrack module: -2
06-05 07:58:12.025  3595  3595 I Radio-JNI: register_android_hardware_Radio DONE
06-05 07:58:12.178  3595  3595 D AndroidRuntime: Calling main entry com.android.commands.am.Am
06-05 07:58:12.265  2081  2439 W art     : Long monitor contention with owner netscheduler-queue-handler (3015) at void tdc.a(tdj, taz)(:com.google.android.gms@11743470:105) waiters=0 in int tdc.e(tbn) for 588ms
06-05 07:58:12.279  2081  3641 W ConfigurationChimeraPro: Got null configs for com.google.android.gms.tapandpay_legacy_gservices
06-05 07:58:12.428  3596  3596 I BaseStore: ConfigStore database version: 1
06-05 07:58:12.791  1657  2990 I ActivityManager: Killing 2076:com.google.android.apps.maps/u0a58 (adj 906): empty #17
06-05 07:58:12.862  2081  3015 E NetworkScheduler: ignoring stale queue check message
06-05 07:58:12.885  3596  3596 I GoogleURLConnFactory: Using platform SSLCertificateSocketFactory
06-05 07:58:12.889  1657  2042 D ActivityManager: cleanUpApplicationRecord -- 2076
06-05 07:58:12.908  3596  3596 I GoogleHttpClient: Using GMS GoogleHttpClient
06-05 07:58:12.919  3596  3596 D NetworkSecurityConfig: No Network Security Config specified, using platform default
06-05 07:58:12.933  3596  3596 I GHttpClientFactory: Using our fixed implementation of GMSCore's GoogleHttpClient
06-05 07:58:12.934  3596  3596 I GoogleURLConnFactory: Using platform SSLCertificateSocketFactory
06-05 07:58:12.946  3596  3596 I BaseStore: Store database version: 139
06-05 07:58:13.049  3596  3596 I NetworkPolicyMonitor: Download-ability status changed to (true) unmetered wifi/eth: true mobileOrMetered: false
06-05 07:58:13.056  3596  3596 I NetworkPolicyMonitor: Stream-ability status changed to (true) unmetered wifi/eth: true mobileOrMetered: false
06-05 07:58:13.292  2081  3653 I VacuumService: Vacuum at: now=1528185493292 tag=VacuumService
06-05 07:58:13.412  3596  3596 D MusicLifecycle: com.google.android.music.MusicApplication generated event: Application created
06-05 07:58:13.478  3596  3596 W System  : ClassLoader referenced unknown path: /system/priv-app/PrebuiltGmsCore/lib/x86
06-05 07:58:13.479  3596  3596 D ApplicationLoaders: ignored Vulkan layer search path /system/priv-app/PrebuiltGmsCore/lib/x86:/system/fake-libs:/system/priv-app/PrebuiltGmsCore/PrebuiltGmsCore.apk!/lib/x86:/system/lib:/vendor/lib for namespace 0xa7418090
06-05 07:58:13.502  3596  3596 W System  : ClassLoader referenced unknown path: /system/priv-app/PrebuiltGmsCore/lib/x86
06-05 07:58:13.503  3596  3596 W System  : ClassLoader referenced unknown path: /system/priv-app/PrebuiltGmsCore/lib/x86
06-05 07:58:13.529  3596  3596 W System  : ClassLoader referenced unknown path: /system/priv-app/PrebuiltGmsCore/lib/x86
06-05 07:58:13.531  3596  3596 W System  : ClassLoader referenced unknown path: /system/priv-app/PrebuiltGmsCore/lib/x86
06-05 07:58:13.543  3596  3596 W linker  : /data/user_de/0/com.google.android.gms/app_extracted_libs/x86/libconscrypt_gmscore_jni.so: unused DT entry: type 0xf arg 0x91
06-05 07:58:13.549  3596  3596 V NativeCrypto: Registering com/google/android/gms/org/conscrypt/NativeCrypto's 276 native methods...
06-05 07:58:13.592  3596  3596 I ProviderInstaller: Installed default security provider GmsCore_OpenSSL
06-05 07:58:13.593  3596  3596 D AndroidMusic: GMSCore installation verified
06-05 07:58:13.678  3596  3596 V MediaRouter: Adding route: RouteInfo{ name=Phone, description=null, status=null, category=RouteCategory{ name=null types=ROUTE_TYPE_LIVE_AUDIO ROUTE_TYPE_LIVE_VIDEO  groupable=false }, supportedTypes=ROUTE_TYPE_LIVE_AUDIO ROUTE_TYPE_LIVE_VIDEO , presentationDisplay=null }
06-05 07:58:13.724  3596  3596 V MediaRouter: Updating audio routes: AudioRoutesInfo{ type=SPEAKER }
06-05 07:58:13.742  3596  3596 V MediaRouter: Selecting route: RouteInfo{ name=Phone, description=null, status=null, category=RouteCategory{ name=null types=ROUTE_TYPE_LIVE_AUDIO ROUTE_TYPE_LIVE_VIDEO  groupable=false }, supportedTypes=ROUTE_TYPE_LIVE_AUDIO ROUTE_TYPE_LIVE_VIDEO , presentationDisplay=null }
06-05 07:58:13.751  3596  3596 I MediaRouter: Found default route: MediaRouter.RouteInfo{ uniqueId=android/.support.v7.media.SystemMediaRouteProvider:DEFAULT_ROUTE, name=Phone, description=null, iconUri=null, enabled=true, connecting=false, connectionState=0, canDisconnect=false, playbackType=0, playbackStream=3, deviceType=0, volumeHandling=1, volume=11, volumeMax=15, presentationDisplayId=-1, extras=null, settingsIntent=null, providerPackageName=android }
06-05 07:58:13.957  3596  3596 D MusicLifecycle: com.google.android.music.store.MediaStoreImportService$Receiver generated event: Broadcast received with context android.app.ReceiverRestrictedContext@fa9450d and intent Intent { act=android.intent.action.MEDIA_SCANNER_STARTED dat=file:///storage/emulated/0 flg=0x10 cmp=com.google.android.music/.store.MediaStoreImportService$Receiver }
06-05 07:58:13.973  3596  3596 D MusicLifecycle: com.google.android.music.net.NetworkConnectivityMonitor$NetworkChangedReceiver generated event: Broadcast received with context com.google.android.music.MusicApplication@bc0a989 and intent Intent { act=android.net.conn.CONNECTIVITY_CHANGE flg=0x4000010 (has extras) }
06-05 07:58:13.974  3596  3596 I NetworkConnectivity: Network state changed: [type: WIFI[], state: CONNECTED/CONNECTED, reason: (unspecified), extra: "AndroidWifi", failover: false, available: true, roaming: false, metered: false]
06-05 07:58:14.198  3596  3596 D MusicLifecycle: com.google.android.music.preferences.MusicPreferenceService$MusicPreferenceServiceBinder generated event: Service created
06-05 07:58:14.268  2081  3661 W ConfigurationChimeraPro: Got null configs for com.google.android.gms.auth.account.base
06-05 07:58:14.290  3596  3596 D MusicLifecycle: com.google.android.music.download.cache.StorageMigrationService generated event: Service created
06-05 07:58:14.311  3596  3596 D MusicLifecycle: com.google.android.music.download.artwork.ArtDownloadService generated event: Service created
06-05 07:58:14.315  3596  3596 V MediaRouter: Selecting route: RouteInfo{ name=Phone, description=null, status=null, category=RouteCategory{ name=null types=ROUTE_TYPE_LIVE_AUDIO ROUTE_TYPE_LIVE_VIDEO  groupable=false }, supportedTypes=ROUTE_TYPE_LIVE_AUDIO ROUTE_TYPE_LIVE_VIDEO , presentationDisplay=null }
