06-05 08:01:42.897  6968  6968 D AndroidRuntime: >>>>>> START com.android.internal.os.RuntimeInit uid 2000 <<<<<<
06-05 08:01:42.900  6968  6968 D AndroidRuntime: CheckJNI is ON
06-05 08:01:42.982  6968  6968 W art     : Unexpected CPU variant for X86 using defaults: x86
06-05 08:01:42.993  6968  6968 D ICU     : No timezone override file found: /data/misc/zoneinfo/current/icu/icu_tzdata.dat
06-05 08:01:43.047  6968  6968 E memtrack: Couldn't load memtrack module (No such file or directory)
06-05 08:01:43.048  6968  6968 E android.os.Debug: failed to load memtrack module: -2
06-05 08:01:43.050  6968  6968 I Radio-JNI: register_android_hardware_Radio DONE
06-05 08:01:43.073  6968  6968 D AndroidRuntime: Calling main entry com.android.commands.am.Am
06-05 08:01:43.090  2471  2471 D MediaScannerReceiver: action: android.intent.action.MEDIA_SCANNER_SCAN_FILE path: /storage/emulated/0/screen_2018-06-05_110142.png
06-05 08:01:43.096  6968  6968 D AndroidRuntime: Shutting down VM
06-05 08:01:45.319  7008  7008 D AndroidRuntime: >>>>>> START com.android.internal.os.RuntimeInit uid 2000 <<<<<<
06-05 08:01:45.323  7008  7008 D AndroidRuntime: CheckJNI is ON
06-05 08:01:45.401  7008  7008 W art     : Unexpected CPU variant for X86 using defaults: x86
06-05 08:01:45.410  7008  7008 D ICU     : No timezone override file found: /data/misc/zoneinfo/current/icu/icu_tzdata.dat
06-05 08:01:45.455  7008  7008 E memtrack: Couldn't load memtrack module (No such file or directory)
06-05 08:01:45.455  7008  7008 E android.os.Debug: failed to load memtrack module: -2
06-05 08:01:45.458  7008  7008 I Radio-JNI: register_android_hardware_Radio DONE
06-05 08:01:45.479  7008  7008 D AndroidRuntime: Calling main entry com.android.commands.input.Input
06-05 08:01:45.495  7008  7008 I Input   : injectMotionEvent: MotionEvent { action=ACTION_DOWN, actionButton=0, id[0]=0, x[0]=105.0, y[0]=176.0, toolType[0]=TOOL_TYPE_UNKNOWN, buttonState=0, metaState=0, flags=0x0, edgeFlags=0x0, pointerCount=1, historySize=0, eventTime=291654, downTime=291654, deviceId=0, source=0x1002 }
06-05 08:01:45.505  7008  7008 I Input   : injectMotionEvent: MotionEvent { action=ACTION_MOVE, actionButton=0, id[0]=0, x[0]=105.0, y[0]=176.0, toolType[0]=TOOL_TYPE_UNKNOWN, buttonState=0, metaState=0, flags=0x0, edgeFlags=0x0, pointerCount=1, historySize=0, eventTime=291654, downTime=291654, deviceId=0, source=0x1002 }
06-05 08:01:45.525  7008  7008 I Input   : injectMotionEvent: MotionEvent { action=ACTION_MOVE, actionButton=0, id[0]=0, x[0]=105.0, y[0]=176.0, toolType[0]=TOOL_TYPE_UNKNOWN, buttonState=0, metaState=0, flags=0x0, edgeFlags=0x0, pointerCount=1, historySize=0, eventTime=291689, downTime=291689, deviceId=0, source=0x1002 }
06-05 08:01:45.541  7008  7008 I Input   : injectMotionEvent: MotionEvent { action=ACTION_MOVE, actionButton=0, id[0]=0, x[0]=105.0, y[0]=176.0, toolType[0]=TOOL_TYPE_UNKNOWN, buttonState=0, metaState=0, flags=0x0, edgeFlags=0x0, pointerCount=1, historySize=0, eventTime=291705, downTime=291705, deviceId=0, source=0x1002 }
06-05 08:01:45.558  7008  7008 I Input   : injectMotionEvent: MotionEvent { action=ACTION_MOVE, actionButton=0, id[0]=0, x[0]=105.0, y[0]=176.0, toolType[0]=TOOL_TYPE_UNKNOWN, buttonState=0, metaState=0, flags=0x0, edgeFlags=0x0, pointerCount=1, historySize=0, eventTime=291723, downTime=291723, deviceId=0, source=0x1002 }
06-05 08:01:45.576  7008  7008 I Input   : injectMotionEvent: MotionEvent { action=ACTION_MOVE, actionButton=0, id[0]=0, x[0]=105.0, y[0]=176.0, toolType[0]=TOOL_TYPE_UNKNOWN, buttonState=0, metaState=0, flags=0x0, edgeFlags=0x0, pointerCount=1, historySize=0, eventTime=291740, downTime=291740, deviceId=0, source=0x1002 }
06-05 08:01:45.593  7008  7008 I Input   : injectMotionEvent: MotionEvent { action=ACTION_MOVE, actionButton=0, id[0]=0, x[0]=105.0, y[0]=176.0, toolType[0]=TOOL_TYPE_UNKNOWN, buttonState=0, metaState=0, flags=0x0, edgeFlags=0x0, pointerCount=1, historySize=0, eventTime=291757, downTime=291757, deviceId=0, source=0x1002 }
06-05 08:01:45.611  7008  7008 I Input   : injectMotionEvent: MotionEvent { action=ACTION_MOVE, actionButton=0, id[0]=0, x[0]=105.0, y[0]=176.0, toolType[0]=TOOL_TYPE_UNKNOWN, buttonState=0, metaState=0, flags=0x0, edgeFlags=0x0, pointerCount=1, historySize=0, eventTime=291776, downTime=291776, deviceId=0, source=0x1002 }
06-05 08:01:45.627  7008  7008 I Input   : injectMotionEvent: MotionEvent { action=ACTION_MOVE, actionButton=0, id[0]=0, x[0]=105.0, y[0]=176.0, toolType[0]=TOOL_TYPE_UNKNOWN, buttonState=0, metaState=0, flags=0x0, edgeFlags=0x0, pointerCount=1, historySize=0, eventTime=291791, downTime=291791, deviceId=0, source=0x1002 }
06-05 08:01:45.651  7008  7008 I Input   : injectMotionEvent: MotionEvent { action=ACTION_MOVE, actionButton=0, id[0]=0, x[0]=105.0, y[0]=176.0, toolType[0]=TOOL_TYPE_UNKNOWN, buttonState=0, metaState=0, flags=0x0, edgeFlags=0x0, pointerCount=1, historySize=0, eventTime=291815, downTime=291815, deviceId=0, source=0x1002 }
06-05 08:01:45.707  7008  7008 I Input   : injectMotionEvent: MotionEvent { action=ACTION_UP, actionButton=0, id[0]=0, x[0]=105.0, y[0]=176.0, toolType[0]=TOOL_TYPE_UNKNOWN, buttonState=0, metaState=0, flags=0x0, edgeFlags=0x0, pointerCount=1, historySize=0, eventTime=291872, downTime=291872, deviceId=0, source=0x1002 }
06-05 08:01:45.722  7008  7008 D AndroidRuntime: Shutting down VM
06-05 08:01:45.723  3998  3998 E A2DP_Volume: error/data/user/0/a2dp.Vol/files/My_Last_Location (No such file or directory)
06-05 08:01:45.739  1356  1410 W audio_hw_generic: Not supplying enough data to HAL, expected position 2627399 , only wrote 2627280
06-05 08:01:45.785  1356  1410 W audio_hw_generic: Hardware backing HAL too slow, could only write 0 of 720 frames
06-05 08:01:45.800  1356  1410 W audio_hw_generic: Hardware backing HAL too slow, could only write 0 of 720 frames
06-05 08:01:45.956  3998  4022 D EGL_emulation: eglMakeCurrent: 0x9cc841e0: ver 2 0 (tinfo 0x9cc83710)
06-05 08:01:45.997  3998  4022 D EGL_emulation: eglMakeCurrent: 0x9cc841e0: ver 2 0 (tinfo 0x9cc83710)
06-05 08:01:46.809  3304  6415 E YouTube : Scheduled config refresh failed.
06-05 08:01:46.958  2309  2309 W GcmTaskChimeraService: com.google.android.gms RetryTaskTag: Task already running, won't start another
06-05 08:01:47.765  1307  1348 E SurfaceFlinger: ro.sf.lcd_density must be defined as a build property
06-05 08:01:47.769  1307  1318 D gralloc_ranchu: gralloc_alloc: Creating ashmem region of size 1536000
06-05 08:01:47.781  7039  7039 D         : HostConnection::get() New Host Connection established 0xa9b1b2c0, tid 7039
06-05 08:01:47.784  7039  7039 W         : Unrecognized GLES max version string in extensions: ANDROID_EMU_CHECKSUM_HELPER_v1 ANDROID_EMU_dma_v1 
06-05 08:01:47.807  1307  1307 E EGL_emulation: tid 1307: eglCreateSyncKHR(1881): error 0x3004 (EGL_BAD_ATTRIBUTE)
06-05 08:01:48.268  1657  1711 D ConnectivityService: NetworkAgentInfo [MOBILE (LTE) - 100] validation failed
06-05 08:01:48.644  7044  7044 D AndroidRuntime: >>>>>> START com.android.internal.os.RuntimeInit uid 2000 <<<<<<
06-05 08:01:48.651  7044  7044 D AndroidRuntime: CheckJNI is ON
06-05 08:01:48.739  7044  7044 W art     : Unexpected CPU variant for X86 using defaults: x86
06-05 08:01:48.750  7044  7044 D ICU     : No timezone override file found: /data/misc/zoneinfo/current/icu/icu_tzdata.dat
06-05 08:01:48.800  7044  7044 E memtrack: Couldn't load memtrack module (No such file or directory)
06-05 08:01:48.800  7044  7044 E android.os.Debug: failed to load memtrack module: -2
06-05 08:01:48.802  7044  7044 I Radio-JNI: register_android_hardware_Radio DONE
06-05 08:01:48.826  7044  7044 D AndroidRuntime: Calling main entry com.android.commands.am.Am
06-05 08:01:48.852  2471  2471 D MediaScannerReceiver: action: android.intent.action.MEDIA_SCANNER_SCAN_FILE path: /storage/emulated/0/screen_2018-06-05_110148.png
06-05 08:01:48.863  7044  7044 D AndroidRuntime: Shutting down VM
06-05 08:01:48.981  1356  1411 W audio_hw_generic: Not supplying enough data to HAL, expected position 2936453 , only wrote 2782800
06-05 08:01:49.230  1657  1657 W WindowManager: Attempted to remove non-existing token: android.os.Binder@a0f941d
06-05 08:01:50.114  1307  1347 E SurfaceFlinger: ro.sf.lcd_density must be defined as a build property
06-05 08:01:50.118  1307  1318 D gralloc_ranchu: gralloc_alloc: Creating ashmem region of size 1536000
06-05 08:01:50.129  7075  7075 D         : HostConnection::get() New Host Connection established 0xacc9b2c0, tid 7075
06-05 08:01:50.130  7075  7075 W         : Unrecognized GLES max version string in extensions: ANDROID_EMU_CHECKSUM_HELPER_v1 ANDROID_EMU_dma_v1 
06-05 08:01:50.150  1307  1307 E EGL_emulation: tid 1307: eglCreateSyncKHR(1881): error 0x3004 (EGL_BAD_ATTRIBUTE)
06-05 08:01:50.829  7080  7080 D AndroidRuntime: >>>>>> START com.android.internal.os.RuntimeInit uid 2000 <<<<<<
06-05 08:01:50.832  7080  7080 D AndroidRuntime: CheckJNI is ON
06-05 08:01:50.919  7080  7080 W art     : Unexpected CPU variant for X86 using defaults: x86
06-05 08:01:50.926  2940  3939 D EGL_emulation: eglCreateContext: 0x9a3963e0: maj 2 min 0 rcv 2
06-05 08:01:50.931  7080  7080 D ICU     : No timezone override file found: /data/misc/zoneinfo/current/icu/icu_tzdata.dat
06-05 08:01:50.942  2940  3939 D EGL_emulation: eglMakeCurrent: 0x9a3963e0: ver 2 0 (tinfo 0x9a4096a0)
06-05 08:01:50.979  7080  7080 E memtrack: Couldn't load memtrack module (No such file or directory)
06-05 08:01:50.979  7080  7080 E android.os.Debug: failed to load memtrack module: -2
06-05 08:01:50.981  7080  7080 I Radio-JNI: register_android_hardware_Radio DONE
06-05 08:01:51.010  7080  7080 D AndroidRuntime: Calling main entry com.android.commands.am.Am
06-05 08:01:51.042  2471  2471 D MediaScannerReceiver: action: android.intent.action.MEDIA_SCANNER_SCAN_FILE path: /storage/emulated/0/screen_2018-06-05_110150.png
06-05 08:01:51.054  7080  7080 D AndroidRuntime: Shutting down VM
06-05 08:01:52.095  1307  1348 E SurfaceFlinger: ro.sf.lcd_density must be defined as a build property
06-05 08:01:52.098  1307  1347 D gralloc_ranchu: gralloc_alloc: Creating ashmem region of size 1536000
06-05 08:01:52.111  7110  7110 D         : HostConnection::get() New Host Connection established 0xb071b2c0, tid 7110
06-05 08:01:52.112  7110  7110 W         : Unrecognized GLES max version string in extensions: ANDROID_EMU_CHECKSUM_HELPER_v1 ANDROID_EMU_dma_v1 
06-05 08:01:52.131  1307  1307 E EGL_emulation: tid 1307: eglCreateSyncKHR(1881): error 0x3004 (EGL_BAD_ATTRIBUTE)
06-05 08:01:52.871  7116  7116 D AndroidRuntime: >>>>>> START com.android.internal.os.RuntimeInit uid 2000 <<<<<<
06-05 08:01:52.874  7116  7116 D AndroidRuntime: CheckJNI is ON
06-05 08:01:52.956  7116  7116 W art     : Unexpected CPU variant for X86 using defaults: x86
06-05 08:01:52.965  7116  7116 D ICU     : No timezone override file found: /data/misc/zoneinfo/current/icu/icu_tzdata.dat
06-05 08:01:53.005  7116  7116 E memtrack: Couldn't load memtrack module (No such file or directory)
06-05 08:01:53.005  7116  7116 E android.os.Debug: failed to load memtrack module: -2
06-05 08:01:53.007  7116  7116 I Radio-JNI: register_android_hardware_Radio DONE
06-05 08:01:53.027  7116  7116 D AndroidRuntime: Calling main entry com.android.commands.am.Am
06-05 08:01:53.043  2471  2471 D MediaScannerReceiver: action: android.intent.action.MEDIA_SCANNER_SCAN_FILE path: /storage/emulated/0/screen_2018-06-05_110152.png
06-05 08:01:53.052  7116  7116 D AndroidRuntime: Shutting down VM
06-05 08:01:55.188  7156  7156 D AndroidRuntime: >>>>>> START com.android.internal.os.RuntimeInit uid 2000 <<<<<<
06-05 08:01:55.191  7156  7156 D AndroidRuntime: CheckJNI is ON
06-05 08:01:55.276  7156  7156 W art     : Unexpected CPU variant for X86 using defaults: x86
06-05 08:01:55.284  7156  7156 D ICU     : No timezone override file found: /data/misc/zoneinfo/current/icu/icu_tzdata.dat
06-05 08:01:55.328  7156  7156 E memtrack: Couldn't load memtrack module (No such file or directory)
06-05 08:01:55.328  7156  7156 E android.os.Debug: failed to load memtrack module: -2
06-05 08:01:55.330  7156  7156 I Radio-JNI: register_android_hardware_Radio DONE
06-05 08:01:55.349  7156  7156 D AndroidRuntime: Calling main entry com.android.commands.input.Input
06-05 08:01:55.363  7156  7156 I Input   : injectMotionEvent: MotionEvent { action=ACTION_DOWN, actionButton=0, id[0]=0, x[0]=450.0, y[0]=78.0, toolType[0]=TOOL_TYPE_UNKNOWN, buttonState=0, metaState=0, flags=0x0, edgeFlags=0x0, pointerCount=1, historySize=0, eventTime=301517, downTime=301517, deviceId=0, source=0x1002 }
06-05 08:01:55.370  7156  7156 I Input   : injectMotionEvent: MotionEvent { action=ACTION_MOVE, actionButton=0, id[0]=0, x[0]=450.0, y[0]=78.0, toolType[0]=TOOL_TYPE_UNKNOWN, buttonState=0, metaState=0, flags=0x0, edgeFlags=0x0, pointerCount=1, historySize=0, eventTime=301517, downTime=301517, deviceId=0, source=0x1002 }
06-05 08:01:55.387  7156  7156 I Input   : injectMotionEvent: MotionEvent { action=ACTION_MOVE, actionButton=0, id[0]=0, x[0]=450.0, y[0]=78.0, toolType[0]=TOOL_TYPE_UNKNOWN, buttonState=0, metaState=0, flags=0x0, edgeFlags=0x0, pointerCount=1, historySize=0, eventTime=301552, downTime=301552, deviceId=0, source=0x1002 }
06-05 08:01:55.405  7156  7156 I Input   : injectMotionEvent: MotionEvent { action=ACTION_MOVE, actionButton=0, id[0]=0, x[0]=450.0, y[0]=78.0, toolType[0]=TOOL_TYPE_UNKNOWN, buttonState=0, metaState=0, flags=0x0, edgeFlags=0x0, pointerCount=1, historySize=0, eventTime=301570, downTime=301570, deviceId=0, source=0x1002 }
06-05 08:01:55.421  7156  7156 I Input   : injectMotionEvent: MotionEvent { action=ACTION_MOVE, actionButton=0, id[0]=0, x[0]=450.0, y[0]=78.0, toolType[0]=TOOL_TYPE_UNKNOWN, buttonState=0, metaState=0, flags=0x0, edgeFlags=0x0, pointerCount=1, historySize=0, eventTime=301585, downTime=301585, deviceId=0, source=0x1002 }
06-05 08:01:55.438  7156  7156 I Input   : injectMotionEvent: MotionEvent { action=ACTION_MOVE, actionButton=0, id[0]=0, x[0]=450.0, y[0]=78.0, toolType[0]=TOOL_TYPE_UNKNOWN, buttonState=0, metaState=0, flags=0x0, edgeFlags=0x0, pointerCount=1, historySize=0, eventTime=301603, downTime=301603, deviceId=0, source=0x1002 }
06-05 08:01:55.455  7156  7156 I Input   : injectMotionEvent: MotionEvent { action=ACTION_MOVE, actionButton=0, id[0]=0, x[0]=450.0, y[0]=78.0, toolType[0]=TOOL_TYPE_UNKNOWN, buttonState=0, metaState=0, flags=0x0, edgeFlags=0x0, pointerCount=1, historySize=0, eventTime=301620, downTime=301620, deviceId=0, source=0x1002 }
06-05 08:01:55.472  7156  7156 I Input   : injectMotionEvent: MotionEvent { action=ACTION_MOVE, actionButton=0, id[0]=0, x[0]=450.0, y[0]=78.0, toolType[0]=TOOL_TYPE_UNKNOWN, buttonState=0, metaState=0, flags=0x0, edgeFlags=0x0, pointerCount=1, historySize=0, eventTime=301636, downTime=301636, deviceId=0, source=0x1002 }
06-05 08:01:55.487  7156  7156 I Input   : injectMotionEvent: MotionEvent { action=ACTION_MOVE, actionButton=0, id[0]=0, x[0]=450.0, y[0]=78.0, toolType[0]=TOOL_TYPE_UNKNOWN, buttonState=0, metaState=0, flags=0x0, edgeFlags=0x0, pointerCount=1, historySize=0, eventTime=301652, downTime=301652, deviceId=0, source=0x1002 }
06-05 08:01:55.508  7156  7156 I Input   : injectMotionEvent: MotionEvent { action=ACTION_MOVE, actionButton=0, id[0]=0, x[0]=450.0, y[0]=78.0, toolType[0]=TOOL_TYPE_UNKNOWN, buttonState=0, metaState=0, flags=0x0, edgeFlags=0x0, pointerCount=1, historySize=0, eventTime=301672, downTime=301672, deviceId=0, source=0x1002 }
06-05 08:01:55.521  7156  7156 I Input   : injectMotionEvent: MotionEvent { action=ACTION_MOVE, actionButton=0, id[0]=0, x[0]=450.0, y[0]=78.0, toolType[0]=TOOL_TYPE_UNKNOWN, buttonState=0, metaState=0, flags=0x0, edgeFlags=0x0, pointerCount=1, historySize=0, eventTime=301686, downTime=301686, deviceId=0, source=0x1002 }
06-05 08:01:55.538  7156  7156 I Input   : injectMotionEvent: MotionEvent { action=ACTION_MOVE, actionButton=0, id[0]=0, x[0]=450.0, y[0]=78.0, toolType[0]=TOOL_TYPE_UNKNOWN, buttonState=0, metaState=0, flags=0x0, edgeFlags=0x0, pointerCount=1, historySize=0, eventTime=301703, downTime=301703, deviceId=0, source=0x1002 }
06-05 08:01:55.559  7156  7156 I Input   : injectMotionEvent: MotionEvent { action=ACTION_UP, actionButton=0, id[0]=0, x[0]=450.0, y[0]=78.0, toolType[0]=TOOL_TYPE_UNKNOWN, buttonState=0, metaState=0, flags=0x0, edgeFlags=0x0, pointerCount=1, historySize=0, eventTime=301724, downTime=301724, deviceId=0, source=0x1002 }
06-05 08:01:55.567  7156  7156 D AndroidRuntime: Shutting down VM
06-05 08:01:55.579  1356  1410 W audio_hw_generic: Not supplying enough data to HAL, expected position 2782910 , only wrote 2782800
06-05 08:01:55.627  1356  1410 W audio_hw_generic: Hardware backing HAL too slow, could only write 0 of 720 frames
06-05 08:01:55.640  1356  1410 W audio_hw_generic: Hardware backing HAL too slow, could only write 0 of 720 frames
06-05 08:01:55.655  1356  1410 W audio_hw_generic: Hardware backing HAL too slow, could only write 0 of 720 frames
06-05 08:01:55.943  3998  4022 D EGL_emulation: eglMakeCurrent: 0x9cc841e0: ver 2 0 (tinfo 0x9cc83710)
06-05 08:01:55.987  3998  4022 D EGL_emulation: eglMakeCurrent: 0x9cc841e0: ver 2 0 (tinfo 0x9cc83710)
06-05 08:01:56.077  3998  4022 D EGL_emulation: eglMakeCurrent: 0x9cc841e0: ver 2 0 (tinfo 0x9cc83710)
06-05 08:01:56.169  3998  4022 D EGL_emulation: eglMakeCurrent: 0x9cc841e0: ver 2 0 (tinfo 0x9cc83710)
06-05 08:01:56.198  3998  4022 D EGL_emulation: eglMakeCurrent: 0x9cc841e0: ver 2 0 (tinfo 0x9cc83710)
06-05 08:01:56.368  1861  2619 I OmtpVvmCarrierCfgHlpr: OmtpEvent:CONFIG_STATUS_SMS_TIME_OUT
06-05 08:01:56.370  1861  1861 I RetryPolicy: discarding deferred status: configuration_state=4
06-05 08:01:56.381  1861  1861 D VvmTaskScheduler: No more tasks, stopping service if no task are added in 5000 millis
06-05 08:01:56.383  1861  1861 D VvmTaskScheduler: create task:com.android.phone.vvm.omtp.ActivationTask
06-05 08:01:56.384  1861  1861 D RetryPolicy: retry #4 for com.android.phone.vvm.omtp.ActivationTask@f49b605 queued, executing in 5000
06-05 08:01:56.398  1861  1861 D VvmTaskScheduler: minimal wait time:4986
06-05 08:01:56.400  1861  1861 D VvmTaskScheduler: minimal wait time:4985
06-05 08:01:56.412  2090  2116 I art     : Background sticky concurrent mark sweep GC freed 27959(1234KB) AllocSpace objects, 59(1468KB) LOS objects, 34% free, 2MB/4MB, paused 8.953ms total 90.144ms
06-05 08:01:57.406  1307  1347 E SurfaceFlinger: ro.sf.lcd_density must be defined as a build property
06-05 08:01:57.408  1307  1317 D gralloc_ranchu: gralloc_alloc: Creating ashmem region of size 1536000
06-05 08:01:57.421  7195  7195 D         : HostConnection::get() New Host Connection established 0xab61b2c0, tid 7195
06-05 08:01:57.423  7195  7195 W         : Unrecognized GLES max version string in extensions: ANDROID_EMU_CHECKSUM_HELPER_v1 ANDROID_EMU_dma_v1 
06-05 08:01:57.445  1307  1307 E EGL_emulation: tid 1307: eglCreateSyncKHR(1881): error 0x3004 (EGL_BAD_ATTRIBUTE)
06-05 08:01:58.436  7202  7202 D AndroidRuntime: >>>>>> START com.android.internal.os.RuntimeInit uid 2000 <<<<<<
06-05 08:01:58.441  7202  7202 D AndroidRuntime: CheckJNI is ON
06-05 08:01:58.530  7202  7202 W art     : Unexpected CPU variant for X86 using defaults: x86
06-05 08:01:58.542  7202  7202 D ICU     : No timezone override file found: /data/misc/zoneinfo/current/icu/icu_tzdata.dat
06-05 08:01:58.585  7202  7202 E memtrack: Couldn't load memtrack module (No such file or directory)
06-05 08:01:58.587  7202  7202 E android.os.Debug: failed to load memtrack module: -2
06-05 08:01:58.589  7202  7202 I Radio-JNI: register_android_hardware_Radio DONE
06-05 08:01:58.612  7202  7202 D AndroidRuntime: Calling main entry com.android.commands.am.Am
06-05 08:01:58.643  2471  2471 D MediaScannerReceiver: action: android.intent.action.MEDIA_SCANNER_SCAN_FILE path: /storage/emulated/0/screen_2018-06-05_110157.png
06-05 08:01:58.653  7202  7202 D AndroidRuntime: Shutting down VM
06-05 08:01:58.792  1356  1411 W audio_hw_generic: Not supplying enough data to HAL, expected position 3089220 , only wrote 2936880
06-05 08:01:59.705  1307  1348 E SurfaceFlinger: ro.sf.lcd_density must be defined as a build property
06-05 08:01:59.707  1307  1347 D gralloc_ranchu: gralloc_alloc: Creating ashmem region of size 1536000
06-05 08:01:59.719  7231  7231 D         : HostConnection::get() New Host Connection established 0xb2c1b2c0, tid 7231
06-05 08:01:59.720  7231  7231 W         : Unrecognized GLES max version string in extensions: ANDROID_EMU_CHECKSUM_HELPER_v1 ANDROID_EMU_dma_v1 
06-05 08:01:59.740  1307  1307 E EGL_emulation: tid 1307: eglCreateSyncKHR(1881): error 0x3004 (EGL_BAD_ATTRIBUTE)
06-05 08:02:00.096  2090  2116 I art     : Background partial concurrent mark sweep GC freed 23905(948KB) AllocSpace objects, 44(1336KB) LOS objects, 40% free, 2MB/3MB, paused 5.134ms total 52.267ms
06-05 08:02:00.615  7236  7236 D AndroidRuntime: >>>>>> START com.android.internal.os.RuntimeInit uid 2000 <<<<<<
06-05 08:02:00.620  7236  7236 D AndroidRuntime: CheckJNI is ON
06-05 08:02:00.702  7236  7236 W art     : Unexpected CPU variant for X86 using defaults: x86
06-05 08:02:00.712  7236  7236 D ICU     : No timezone override file found: /data/misc/zoneinfo/current/icu/icu_tzdata.dat
06-05 08:02:00.754  7236  7236 E memtrack: Couldn't load memtrack module (No such file or directory)
06-05 08:02:00.754  7236  7236 E android.os.Debug: failed to load memtrack module: -2
06-05 08:02:00.756  7236  7236 I Radio-JNI: register_android_hardware_Radio DONE
06-05 08:02:00.775  7236  7236 D AndroidRuntime: Calling main entry com.android.commands.am.Am
06-05 08:02:00.801  2471  2471 D MediaScannerReceiver: action: android.intent.action.MEDIA_SCANNER_SCAN_FILE path: /storage/emulated/0/screen_2018-06-05_110159.png
06-05 08:02:00.810  7236  7236 D AndroidRuntime: Shutting down VM
06-05 08:02:01.388  1861  2619 V VvmTaskScheduler: executing task com.android.phone.vvm.omtp.ActivationTask@f49b605
06-05 08:02:01.443  1861  2619 I VvmActivationTask: VVM content provider configured - vvm_type_cvvm
06-05 08:02:01.444  1861  2619 I OmtpVvmCarrierCfgHlpr: OmtpEvent:CONFIG_ACTIVATING
06-05 08:02:01.491  1861  2619 V OmtpMessageSender: Sending BINARY sms 'Activate:dt=15' to 122:1808
06-05 08:02:01.518  1861  1861 D VvmStatusSmsFetcher: Request SMS successfully sent
06-05 08:02:02.067  1307  1347 E SurfaceFlinger: ro.sf.lcd_density must be defined as a build property
06-05 08:02:02.070  1307  1318 D gralloc_ranchu: gralloc_alloc: Creating ashmem region of size 1536000
06-05 08:02:02.081  7269  7269 D         : HostConnection::get() New Host Connection established 0xb0c1b2c0, tid 7269
06-05 08:02:02.082  7269  7269 W         : Unrecognized GLES max version string in extensions: ANDROID_EMU_CHECKSUM_HELPER_v1 ANDROID_EMU_dma_v1 
06-05 08:02:02.104  1307  1307 E EGL_emulation: tid 1307: eglCreateSyncKHR(1881): error 0x3004 (EGL_BAD_ATTRIBUTE)
06-05 08:02:02.832  7274  7274 D AndroidRuntime: >>>>>> START com.android.internal.os.RuntimeInit uid 2000 <<<<<<
06-05 08:02:02.836  7274  7274 D AndroidRuntime: CheckJNI is ON
06-05 08:02:02.920  7274  7274 W art     : Unexpected CPU variant for X86 using defaults: x86
06-05 08:02:02.929  7274  7274 D ICU     : No timezone override file found: /data/misc/zoneinfo/current/icu/icu_tzdata.dat
06-05 08:02:02.970  7274  7274 E memtrack: Couldn't load memtrack module (No such file or directory)
06-05 08:02:02.971  7274  7274 E android.os.Debug: failed to load memtrack module: -2
06-05 08:02:02.972  7274  7274 I Radio-JNI: register_android_hardware_Radio DONE
06-05 08:02:02.993  7274  7274 D AndroidRuntime: Calling main entry com.android.commands.am.Am
06-05 08:02:03.021  2471  2471 D MediaScannerReceiver: action: android.intent.action.MEDIA_SCANNER_SCAN_FILE path: /storage/emulated/0/screen_2018-06-05_110202.png
06-05 08:02:03.029  7274  7274 D AndroidRuntime: Shutting down VM
06-05 08:02:05.109  7314  7314 D AndroidRuntime: >>>>>> START com.android.internal.os.RuntimeInit uid 2000 <<<<<<
06-05 08:02:05.113  7314  7314 D AndroidRuntime: CheckJNI is ON
06-05 08:02:05.212  7314  7314 W art     : Unexpected CPU variant for X86 using defaults: x86
06-05 08:02:05.223  7314  7314 D ICU     : No timezone override file found: /data/misc/zoneinfo/current/icu/icu_tzdata.dat
06-05 08:02:05.274  7314  7314 E memtrack: Couldn't load memtrack module (No such file or directory)
06-05 08:02:05.274  7314  7314 E android.os.Debug: failed to load memtrack module: -2
06-05 08:02:05.276  7314  7314 I Radio-JNI: register_android_hardware_Radio DONE
06-05 08:02:05.300  7314  7314 D AndroidRuntime: Calling main entry com.android.commands.input.Input
06-05 08:02:05.306  7314  7314 I Input   : injectMotionEvent: MotionEvent { action=ACTION_DOWN, actionButton=0, id[0]=0, x[0]=327.0, y[0]=438.0, toolType[0]=TOOL_TYPE_UNKNOWN, buttonState=0, metaState=0, flags=0x0, edgeFlags=0x0, pointerCount=1, historySize=0, eventTime=311466, downTime=311466, deviceId=0, source=0x1002 }
06-05 08:02:05.311  7314  7314 I Input   : injectMotionEvent: MotionEvent { action=ACTION_MOVE, actionButton=0, id[0]=0, x[0]=327.0, y[0]=438.0, toolType[0]=TOOL_TYPE_UNKNOWN, buttonState=0, metaState=0, flags=0x0, edgeFlags=0x0, pointerCount=1, historySize=0, eventTime=311466, downTime=311466, deviceId=0, source=0x1002 }
06-05 08:02:05.325  7314  7314 I Input   : injectMotionEvent: MotionEvent { action=ACTION_MOVE, actionButton=0, id[0]=0, x[0]=327.0, y[0]=438.0, toolType[0]=TOOL_TYPE_UNKNOWN, buttonState=0, metaState=0, flags=0x0, edgeFlags=0x0, pointerCount=1, historySize=0, eventTime=311489, downTime=311489, deviceId=0, source=0x1002 }
06-05 08:02:05.339  7314  7314 I Input   : injectMotionEvent: MotionEvent { action=ACTION_MOVE, actionButton=0, id[0]=0, x[0]=327.0, y[0]=438.0, toolType[0]=TOOL_TYPE_UNKNOWN, buttonState=0, metaState=0, flags=0x0, edgeFlags=0x0, pointerCount=1, historySize=0, eventTime=311503, downTime=311503, deviceId=0, source=0x1002 }
06-05 08:02:05.354  7314  7314 I Input   : injectMotionEvent: MotionEvent { action=ACTION_MOVE, actionButton=0, id[0]=0, x[0]=327.0, y[0]=438.0, toolType[0]=TOOL_TYPE_UNKNOWN, buttonState=0, metaState=0, flags=0x0, edgeFlags=0x0, pointerCount=1, historySize=0, eventTime=311518, downTime=311518, deviceId=0, source=0x1002 }
06-05 08:02:05.371  7314  7314 I Input   : injectMotionEvent: MotionEvent { action=ACTION_MOVE, actionButton=0, id[0]=0, x[0]=327.0, y[0]=438.0, toolType[0]=TOOL_TYPE_UNKNOWN, buttonState=0, metaState=0, flags=0x0, edgeFlags=0x0, pointerCount=1, historySize=0, eventTime=311536, downTime=311536, deviceId=0, source=0x1002 }
06-05 08:02:05.388  7314  7314 I Input   : injectMotionEvent: MotionEvent { action=ACTION_MOVE, actionButton=0, id[0]=0, x[0]=327.0, y[0]=438.0, toolType[0]=TOOL_TYPE_UNKNOWN, buttonState=0, metaState=0, flags=0x0, edgeFlags=0x0, pointerCount=1, historySize=0, eventTime=311553, downTime=311553, deviceId=0, source=0x1002 }
06-05 08:02:05.404  7314  7314 I Input   : injectMotionEvent: MotionEvent { action=ACTION_MOVE, actionButton=0, id[0]=0, x[0]=327.0, y[0]=438.0, toolType[0]=TOOL_TYPE_UNKNOWN, buttonState=0, metaState=0, flags=0x0, edgeFlags=0x0, pointerCount=1, historySize=0, eventTime=311568, downTime=311568, deviceId=0, source=0x1002 }
06-05 08:02:05.420  7314  7314 I Input   : injectMotionEvent: MotionEvent { action=ACTION_MOVE, actionButton=0, id[0]=0, x[0]=327.0, y[0]=438.0, toolType[0]=TOOL_TYPE_UNKNOWN, buttonState=0, metaState=0, flags=0x0, edgeFlags=0x0, pointerCount=1, historySize=0, eventTime=311585, downTime=311585, deviceId=0, source=0x1002 }
06-05 08:02:05.443  7314  7314 I Input   : injectMotionEvent: MotionEvent { action=ACTION_MOVE, actionButton=0, id[0]=0, x[0]=327.0, y[0]=438.0, toolType[0]=TOOL_TYPE_UNKNOWN, buttonState=0, metaState=0, flags=0x0, edgeFlags=0x0, pointerCount=1, historySize=0, eventTime=311607, downTime=311607, deviceId=0, source=0x1002 }
06-05 08:02:05.459  7314  7314 I Input   : injectMotionEvent: MotionEvent { action=ACTION_MOVE, actionButton=0, id[0]=0, x[0]=327.0, y[0]=438.0, toolType[0]=TOOL_TYPE_UNKNOWN, buttonState=0, metaState=0, flags=0x0, edgeFlags=0x0, pointerCount=1, historySize=0, eventTime=311623, downTime=311623, deviceId=0, source=0x1002 }
06-05 08:02:05.473  7314  7314 I Input   : injectMotionEvent: MotionEvent { action=ACTION_MOVE, actionButton=0, id[0]=0, x[0]=327.0, y[0]=438.0, toolType[0]=TOOL_TYPE_UNKNOWN, buttonState=0, metaState=0, flags=0x0, edgeFlags=0x0, pointerCount=1, historySize=0, eventTime=311638, downTime=311638, deviceId=0, source=0x1002 }
06-05 08:02:05.490  7314  7314 I Input   : injectMotionEvent: MotionEvent { action=ACTION_MOVE, actionButton=0, id[0]=0, x[0]=327.0, y[0]=438.0, toolType[0]=TOOL_TYPE_UNKNOWN, buttonState=0, metaState=0, flags=0x0, edgeFlags=0x0, pointerCount=1, historySize=0, eventTime=311654, downTime=311654, deviceId=0, source=0x1002 }
06-05 08:02:05.505  7314  7314 I Input   : injectMotionEvent: MotionEvent { action=ACTION_UP, actionButton=0, id[0]=0, x[0]=327.0, y[0]=438.0, toolType[0]=TOOL_TYPE_UNKNOWN, buttonState=0, metaState=0, flags=0x0, edgeFlags=0x0, pointerCount=1, historySize=0, eventTime=311669, downTime=311669, deviceId=0, source=0x1002 }
06-05 08:02:05.515  1657  2168 I ActivityManager: START u0 {act=android.intent.action.VIEW dat=https://github.com/... cmp=org.chromium.webview_shell/.WebViewBrowserActivity} from uid 10084 on display 0
06-05 08:02:05.520  1356  1410 W audio_hw_generic: Not supplying enough data to HAL, expected position 2936975 , only wrote 2936880
06-05 08:02:05.567  1356  1410 W audio_hw_generic: Hardware backing HAL too slow, could only write 0 of 720 frames
06-05 08:02:05.570  7314  7314 D AndroidRuntime: Shutting down VM
06-05 08:02:05.582  1356  1410 W audio_hw_generic: Hardware backing HAL too slow, could only write 0 of 720 frames
06-05 08:02:05.627  1356  1410 W audio_hw_generic: Hardware backing HAL too slow, could only write 0 of 720 frames
06-05 08:02:05.641  1356  1410 W audio_hw_generic: Hardware backing HAL too slow, could only write 0 of 720 frames
06-05 08:02:05.657  1356  1410 W audio_hw_generic: Hardware backing HAL too slow, could only write 0 of 720 frames
06-05 08:02:05.666  7327  7327 W art     : Unexpected CPU variant for X86 using defaults: x86
06-05 08:02:05.670  1657  2217 W ActivityManager: Slow operation: 72ms so far, now at startProcess: returned from zygote!
06-05 08:02:05.671  1657  2217 W ActivityManager: Slow operation: 72ms so far, now at startProcess: done updating battery stats
06-05 08:02:05.672  1356  1410 W audio_hw_generic: Hardware backing HAL too slow, could only write 0 of 720 frames
06-05 08:02:05.671  1657  2217 W ActivityManager: Slow operation: 73ms so far, now at startProcess: building log message
06-05 08:02:05.674  1657  2217 I ActivityManager: Start proc 7327:org.chromium.webview_shell/u0a33 for activity org.chromium.webview_shell/.WebViewBrowserActivity
06-05 08:02:05.674  1657  2217 W ActivityManager: Slow operation: 76ms so far, now at startProcess: starting to update pids map
06-05 08:02:05.675  1657  2217 W ActivityManager: Slow operation: 76ms so far, now at startProcess: done updating pids map
06-05 08:02:05.675  1657  2217 W ActivityManager: Slow operation: 80ms so far, now at startProcess: done starting proc!
06-05 08:02:05.686  1356  1410 W audio_hw_generic: Hardware backing HAL too slow, could only write 0 of 720 frames
06-05 08:02:05.702  1356  1410 W audio_hw_generic: Hardware backing HAL too slow, could only write 0 of 720 frames
06-05 08:02:05.717  1356  1410 W audio_hw_generic: Hardware backing HAL too slow, could only write 0 of 720 frames
06-05 08:02:05.728  1307  1317 D gralloc_ranchu: gralloc_alloc: Creating ashmem region of size 1536000
06-05 08:02:05.732  1356  1410 W audio_hw_generic: Hardware backing HAL too slow, could only write 0 of 720 frames
06-05 08:02:05.748  1356  1410 W audio_hw_generic: Hardware backing HAL too slow, could only write 0 of 720 frames
06-05 08:02:05.762  1356  1410 W audio_hw_generic: Hardware backing HAL too slow, could only write 0 of 720 frames
06-05 08:02:05.780  1356  1410 W audio_hw_generic: Hardware backing HAL too slow, could only write 0 of 720 frames
06-05 08:02:05.841  7327  7327 W System  : ClassLoader referenced unknown path: /system/app/Browser2/lib/x86
06-05 08:02:05.949  7327  7327 W System  : ClassLoader referenced unknown path: /system/app/Chrome/lib/x86
06-05 08:02:05.951  7327  7327 D ApplicationLoaders: ignored Vulkan layer search path /system/app/Chrome/lib/x86:/system/app/Chrome/Chrome.apk!/lib/x86:/system/lib:/vendor/lib for namespace 0xa7418090
06-05 08:02:06.010  7327  7327 I WebViewFactory: Loading com.android.chrome version 55.0.2883.91 (code 288309112)
06-05 08:02:06.231  3998  4022 D EGL_emulation: eglMakeCurrent: 0x9cc841e0: ver 2 0 (tinfo 0x9cc83710)
06-05 08:02:06.254  3998  4022 D OpenGLRenderer: endAllActiveAnimators on 0x8a6f8d80 (MenuPopupWindow$MenuDropDownListView) with handle 0x8a72b1f0
06-05 08:02:06.341  7327  7327 I cr_LibraryLoader: Time to load native libraries: 53 ms (timestamps 2452-2505)
06-05 08:02:06.350  7327  7327 I cr_LibraryLoader: Expected native library version number "55.0.2883.91", actual native library version number "55.0.2883.91"
06-05 08:02:06.380  7327  7327 I cr_LibraryLoader: Expected native library version number "55.0.2883.91", actual native library version number "55.0.2883.91"
06-05 08:02:06.399  7327  7327 I chromium: [INFO:library_loader_hooks.cc(163)] Chromium logging enabled: level = 0, default verbosity = 0
06-05 08:02:06.500  7327  7327 I cr_BrowserStartup: Initializing chromium process, singleProcess=true
06-05 08:02:06.730  7327  7327 D         : HostConnection::get() New Host Connection established 0x9a42e640, tid 7327
06-05 08:02:06.732  7327  7327 W         : Unrecognized GLES max version string in extensions: ANDROID_EMU_CHECKSUM_HELPER_v1 ANDROID_EMU_dma_v1 
06-05 08:02:06.745  7327  7327 D EGL_emulation: eglCreateContext: 0x9b6cb320: maj 2 min 0 rcv 2
06-05 08:02:06.800  7327  7327 D EGL_emulation: eglMakeCurrent: 0x9b6cb320: ver 2 0 (tinfo 0x9a442060)
06-05 08:02:07.318  7327  7362 W cr_media: Requires BLUETOOTH permission
06-05 08:02:07.335  7327  7327 I cr_Ime  : ImeThread is enabled.
06-05 08:02:07.461  1307  1347 E SurfaceFlinger: ro.sf.lcd_density must be defined as a build property
06-05 08:02:07.755  7327  7369 I OpenGLRenderer: Initialized EGL, version 1.4
06-05 08:02:07.757  7327  7369 D OpenGLRenderer: Swap behavior 1
06-05 08:02:07.758  7327  7369 D         : HostConnection::get() New Host Connection established 0x881418c0, tid 7369
06-05 08:02:07.763  7327  7369 W         : Unrecognized GLES max version string in extensions: ANDROID_EMU_CHECKSUM_HELPER_v1 ANDROID_EMU_dma_v1 
06-05 08:02:07.763  7327  7369 W OpenGLRenderer: Failed to choose config with EGL_SWAP_BEHAVIOR_PRESERVED, retrying without...
06-05 08:02:07.763  7327  7369 D OpenGLRenderer: Swap behavior 0
06-05 08:02:07.783  7327  7369 D EGL_emulation: eglCreateContext: 0x88fa6c00: maj 2 min 0 rcv 2
06-05 08:02:07.839  1356  1410 W audio_hw_generic: Hardware backing HAL too slow, could only write 0 of 720 frames
06-05 08:02:07.849  1356  1410 W audio_hw_generic: Hardware backing HAL too slow, could only write 0 of 720 frames
06-05 08:02:07.863  1356  1410 W audio_hw_generic: Hardware backing HAL too slow, could only write 0 of 720 frames
06-05 08:02:07.879  1356  1410 W audio_hw_generic: Hardware backing HAL too slow, could only write 0 of 720 frames
06-05 08:02:07.896  1356  1410 W audio_hw_generic: Hardware backing HAL too slow, could only write 0 of 720 frames
06-05 08:02:07.908  1356  1410 W audio_hw_generic: Hardware backing HAL too slow, could only write 0 of 720 frames
06-05 08:02:07.920  7327  7369 D EGL_emulation: eglMakeCurrent: 0x88fa6c00: ver 2 0 (tinfo 0x88120120)
06-05 08:02:07.992  7327  7327 W art     : Attempt to remove non-JNI local reference, dumping thread
06-05 08:02:07.998  7327  7369 D EGL_emulation: eglMakeCurrent: 0x88fa6c00: ver 2 0 (tinfo 0x88120120)
06-05 08:02:08.289  7327  7386 E libEGL  : validate_display:99 error 3008 (EGL_BAD_DISPLAY)
06-05 08:02:08.309  1657  1679 I ActivityManager: Displayed org.chromium.webview_shell/.WebViewBrowserActivity: +2s715ms
06-05 08:02:08.315  7327  7386 D         : HostConnection::get() New Host Connection established 0x8b876b80, tid 7386
06-05 08:02:08.325  7327  7386 W         : Unrecognized GLES max version string in extensions: ANDROID_EMU_CHECKSUM_HELPER_v1 ANDROID_EMU_dma_v1 
06-05 08:02:08.350  7327  7386 D EGL_emulation: eglCreateContext: 0x88fa85e0: maj 2 min 0 rcv 2
06-05 08:02:08.387  7327  7327 E chromium: [ERROR:interface_registry.cc(104)] Failed to locate a binder for interface: autofill::mojom::PasswordManagerDriver
06-05 08:02:08.513  7327  7386 D EGL_emulation: eglMakeCurrent: 0x88fa85e0: ver 2 0 (tinfo 0x8817de30)
06-05 08:02:08.738  1356  1411 W audio_hw_generic: Not supplying enough data to HAL, expected position 3243322 , only wrote 3090960
06-05 08:02:08.756  7327  7386 I VideoCapabilities: Unsupported profile 4 for video/mp4v-es
06-05 08:02:08.817  2090  2116 I art     : Background partial concurrent mark sweep GC freed 12512(839KB) AllocSpace objects, 26(520KB) LOS objects, 40% free, 2MB/3MB, paused 7.212ms total 102.857ms
06-05 08:02:08.862  7327  7386 D EGL_emulation: eglCreateContext: 0x85d17180: maj 2 min 0 rcv 2
06-05 08:02:08.868  7327  7386 D EGL_emulation: eglMakeCurrent: 0x85d17180: ver 2 0 (tinfo 0x8817de30)
06-05 08:02:08.897  7327  7327 W art     : Attempt to remove non-JNI local reference, dumping thread
06-05 08:02:08.941  7327  7327 W art     : Attempt to remove non-JNI local reference, dumping thread
06-05 08:02:08.979  7327  7327 W art     : Attempt to remove non-JNI local reference, dumping thread
06-05 08:02:08.993  7327  7327 W art     : Attempt to remove non-JNI local reference, dumping thread
06-05 08:02:09.013  7327  7327 W art     : Attempt to remove non-JNI local reference, dumping thread
06-05 08:02:09.048  7327  7327 W art     : Attempt to remove non-JNI local reference, dumping thread
06-05 08:02:09.064  7327  7338 I art     : Background sticky concurrent mark sweep GC freed 21485(1285KB) AllocSpace objects, 5(100KB) LOS objects, 0% free, 11MB/11MB, paused 24.254ms total 202.992ms
06-05 08:02:09.080  7327  7327 W art     : Attempt to remove non-JNI local reference, dumping thread
06-05 08:02:09.120  7327  7327 W art     : Attempt to remove non-JNI local reference, dumping thread
06-05 08:02:09.150  7327  7327 W art     : Attempt to remove non-JNI local reference, dumping thread
06-05 08:02:09.177  1307  2059 E SurfaceFlinger: ro.sf.lcd_density must be defined as a build property
06-05 08:02:09.180  1307  2059 D gralloc_ranchu: gralloc_alloc: Creating ashmem region of size 1536000
06-05 08:02:09.195  7402  7402 D         : HostConnection::get() New Host Connection established 0xac91b2c0, tid 7402
06-05 08:02:09.196  7402  7402 W         : Unrecognized GLES max version string in extensions: ANDROID_EMU_CHECKSUM_HELPER_v1 ANDROID_EMU_dma_v1 
06-05 08:02:09.223  1307  1307 E EGL_emulation: tid 1307: eglCreateSyncKHR(1881): error 0x3004 (EGL_BAD_ATTRIBUTE)
06-05 08:02:09.301  7327  7338 I art     : Background partial concurrent mark sweep GC freed 714(47KB) AllocSpace objects, 8(9MB) LOS objects, 39% free, 4MB/8MB, paused 20.544ms total 217.844ms
06-05 08:02:09.436  7327  7327 W art     : Attempt to remove non-JNI local reference, dumping thread
06-05 08:02:09.486  7327  7327 W art     : Attempt to remove non-JNI local reference, dumping thread
06-05 08:02:09.568  7327  7327 W art     : Attempt to remove non-JNI local reference, dumping thread
06-05 08:02:10.231  7418  7418 D AndroidRuntime: >>>>>> START com.android.internal.os.RuntimeInit uid 2000 <<<<<<
06-05 08:02:10.235  7418  7418 D AndroidRuntime: CheckJNI is ON
06-05 08:02:10.314  7418  7418 W art     : Unexpected CPU variant for X86 using defaults: x86
06-05 08:02:10.325  7418  7418 D ICU     : No timezone override file found: /data/misc/zoneinfo/current/icu/icu_tzdata.dat
06-05 08:02:10.371  7418  7418 E memtrack: Couldn't load memtrack module (No such file or directory)
06-05 08:02:10.371  7418  7418 E android.os.Debug: failed to load memtrack module: -2
06-05 08:02:10.372  7418  7418 I Radio-JNI: register_android_hardware_Radio DONE
06-05 08:02:10.415  7418  7418 D AndroidRuntime: Calling main entry com.android.commands.am.Am
06-05 08:02:10.438  2471  2471 D MediaScannerReceiver: action: android.intent.action.MEDIA_SCANNER_SCAN_FILE path: /storage/emulated/0/screen_2018-06-05_110209.png
06-05 08:02:10.446  7418  7418 D AndroidRuntime: Shutting down VM
06-05 08:02:11.248  2081  2106 W GLSUser : [AppCertManager] IOException while requesting key: 
06-05 08:02:11.248  2081  2106 W GLSUser : [DeviceKeyStore] Cannot load key: Device key file not found.
06-05 08:02:11.259  2081  2878 W art     : Long monitor contention with owner highpool[3] (2961) at void java.lang.Object.wait!(long, int)(Object.java:-2) waiters=1 in boolean eyw.a() for 138.600s
06-05 08:02:11.560  1307  1347 E SurfaceFlinger: ro.sf.lcd_density must be defined as a build property
06-05 08:02:11.562  1307  1317 D gralloc_ranchu: gralloc_alloc: Creating ashmem region of size 1536000
06-05 08:02:11.577  7452  7452 D         : HostConnection::get() New Host Connection established 0xb3f9b2c0, tid 7452
06-05 08:02:11.578  7452  7452 W         : Unrecognized GLES max version string in extensions: ANDROID_EMU_CHECKSUM_HELPER_v1 ANDROID_EMU_dma_v1 
06-05 08:02:11.600  1307  1307 E EGL_emulation: tid 1307: eglCreateSyncKHR(1881): error 0x3004 (EGL_BAD_ATTRIBUTE)
06-05 08:02:12.370  7457  7457 D AndroidRuntime: >>>>>> START com.android.internal.os.RuntimeInit uid 2000 <<<<<<
06-05 08:02:12.374  7457  7457 D AndroidRuntime: CheckJNI is ON
06-05 08:02:12.452  7457  7457 W art     : Unexpected CPU variant for X86 using defaults: x86
06-05 08:02:12.462  7457  7457 D ICU     : No timezone override file found: /data/misc/zoneinfo/current/icu/icu_tzdata.dat
06-05 08:02:12.507  7457  7457 E memtrack: Couldn't load memtrack module (No such file or directory)
06-05 08:02:12.507  7457  7457 E android.os.Debug: failed to load memtrack module: -2
06-05 08:02:12.509  7457  7457 I Radio-JNI: register_android_hardware_Radio DONE
06-05 08:02:12.540  7457  7457 D AndroidRuntime: Calling main entry com.android.commands.am.Am
06-05 08:02:12.566  2471  2471 D MediaScannerReceiver: action: android.intent.action.MEDIA_SCANNER_SCAN_FILE path: /storage/emulated/0/screen_2018-06-05_110211.png
06-05 08:02:12.592  7457  7457 D AndroidRuntime: Shutting down VM
06-05 08:02:13.707  1307  1318 E SurfaceFlinger: ro.sf.lcd_density must be defined as a build property
06-05 08:02:13.708  1307  1347 D gralloc_ranchu: gralloc_alloc: Creating ashmem region of size 1536000
06-05 08:02:13.720  7489  7489 D         : HostConnection::get() New Host Connection established 0xb2d1b2c0, tid 7489
06-05 08:02:13.721  7489  7489 W         : Unrecognized GLES max version string in extensions: ANDROID_EMU_CHECKSUM_HELPER_v1 ANDROID_EMU_dma_v1 
06-05 08:02:13.741  1307  1307 E EGL_emulation: tid 1307: eglCreateSyncKHR(1881): error 0x3004 (EGL_BAD_ATTRIBUTE)
06-05 08:02:14.439  7494  7494 D AndroidRuntime: >>>>>> START com.android.internal.os.RuntimeInit uid 2000 <<<<<<
06-05 08:02:14.446  7494  7494 D AndroidRuntime: CheckJNI is ON
06-05 08:02:14.539  7494  7494 W art     : Unexpected CPU variant for X86 using defaults: x86
06-05 08:02:14.553  7494  7494 D ICU     : No timezone override file found: /data/misc/zoneinfo/current/icu/icu_tzdata.dat
06-05 08:02:14.604  7494  7494 E memtrack: Couldn't load memtrack module (No such file or directory)
06-05 08:02:14.604  7494  7494 E android.os.Debug: failed to load memtrack module: -2
06-05 08:02:14.606  7494  7494 I Radio-JNI: register_android_hardware_Radio DONE
06-05 08:02:14.653  7494  7494 D AndroidRuntime: Calling main entry com.android.commands.am.Am
06-05 08:02:14.693  2471  2471 D MediaScannerReceiver: action: android.intent.action.MEDIA_SCANNER_SCAN_FILE path: /storage/emulated/0/screen_2018-06-05_110213.png
06-05 08:02:14.713  7494  7494 D AndroidRuntime: Shutting down VM
06-05 08:02:16.793  7536  7536 D AndroidRuntime: >>>>>> START com.android.internal.os.RuntimeInit uid 2000 <<<<<<
06-05 08:02:16.798  7536  7536 D AndroidRuntime: CheckJNI is ON
06-05 08:02:16.876  7536  7536 W art     : Unexpected CPU variant for X86 using defaults: x86
06-05 08:02:16.882  7536  7536 D ICU     : No timezone override file found: /data/misc/zoneinfo/current/icu/icu_tzdata.dat
06-05 08:02:16.923  7536  7536 E memtrack: Couldn't load memtrack module (No such file or directory)
06-05 08:02:16.923  7536  7536 E android.os.Debug: failed to load memtrack module: -2
06-05 08:02:16.925  7536  7536 I Radio-JNI: register_android_hardware_Radio DONE
06-05 08:02:16.944  7536  7536 D AndroidRuntime: Calling main entry com.android.commands.input.Input
06-05 08:02:16.959  7536  7536 I Input   : injectMotionEvent: MotionEvent { action=ACTION_DOWN, actionButton=0, id[0]=0, x[0]=240.0, y[0]=473.0, toolType[0]=TOOL_TYPE_UNKNOWN, buttonState=0, metaState=0, flags=0x0, edgeFlags=0x0, pointerCount=1, historySize=0, eventTime=323116, downTime=323116, deviceId=0, source=0x1002 }
06-05 08:02:16.971  7536  7536 I Input   : injectMotionEvent: MotionEvent { action=ACTION_MOVE, actionButton=0, id[0]=0, x[0]=240.0, y[0]=473.0, toolType[0]=TOOL_TYPE_UNKNOWN, buttonState=0, metaState=0, flags=0x0, edgeFlags=0x0, pointerCount=1, historySize=0, eventTime=323116, downTime=323116, deviceId=0, source=0x1002 }
06-05 08:02:16.989  7536  7536 I Input   : injectMotionEvent: MotionEvent { action=ACTION_MOVE, actionButton=0, id[0]=0, x[0]=240.0, y[0]=473.0, toolType[0]=TOOL_TYPE_UNKNOWN, buttonState=0, metaState=0, flags=0x0, edgeFlags=0x0, pointerCount=1, historySize=0, eventTime=323153, downTime=323153, deviceId=0, source=0x1002 }
06-05 08:02:17.007  7536  7536 I Input   : injectMotionEvent: MotionEvent { action=ACTION_MOVE, actionButton=0, id[0]=0, x[0]=240.0, y[0]=473.0, toolType[0]=TOOL_TYPE_UNKNOWN, buttonState=0, metaState=0, flags=0x0, edgeFlags=0x0, pointerCount=1, historySize=0, eventTime=323172, downTime=323172, deviceId=0, source=0x1002 }
06-05 08:02:17.023  7536  7536 I Input   : injectMotionEvent: MotionEvent { action=ACTION_MOVE, actionButton=0, id[0]=0, x[0]=240.0, y[0]=473.0, toolType[0]=TOOL_TYPE_UNKNOWN, buttonState=0, metaState=0, flags=0x0, edgeFlags=0x0, pointerCount=1, historySize=0, eventTime=323187, downTime=323187, deviceId=0, source=0x1002 }
06-05 08:02:17.040  7536  7536 I Input   : injectMotionEvent: MotionEvent { action=ACTION_MOVE, actionButton=0, id[0]=0, x[0]=240