06-05 08:00:58.771  6279  6279 E android.os.Debug: failed to load memtrack module: -2
06-05 08:00:58.773  6279  6279 I Radio-JNI: register_android_hardware_Radio DONE
06-05 08:00:58.794  6279  6279 D AndroidRuntime: Calling main entry com.android.commands.am.Am
06-05 08:00:58.816  2471  2471 D MediaScannerReceiver: action: android.intent.action.MEDIA_SCANNER_SCAN_FILE path: /storage/emulated/0/screen_2018-06-05_110057.png
06-05 08:00:58.825  6279  6279 D AndroidRuntime: Shutting down VM
06-05 08:00:59.095  1356  1411 W audio_hw_generic: Not supplying enough data to HAL, expected position 2162311 , only wrote 2009520
06-05 08:00:59.951  1307  1347 E SurfaceFlinger: ro.sf.lcd_density must be defined as a build property
06-05 08:00:59.953  1307  2059 D gralloc_ranchu: gralloc_alloc: Creating ashmem region of size 1536000
06-05 08:00:59.965  6311  6311 D         : HostConnection::get() New Host Connection established 0xb499b2c0, tid 6311
06-05 08:00:59.966  6311  6311 W         : Unrecognized GLES max version string in extensions: ANDROID_EMU_CHECKSUM_HELPER_v1 ANDROID_EMU_dma_v1 
06-05 08:00:59.985  1307  1307 E EGL_emulation: tid 1307: eglCreateSyncKHR(1881): error 0x3004 (EGL_BAD_ATTRIBUTE)
06-05 08:01:00.798  2940  3939 D EGL_emulation: eglCreateContext: 0x9a397520: maj 2 min 0 rcv 2
06-05 08:01:00.811  6318  6318 D AndroidRuntime: >>>>>> START com.android.internal.os.RuntimeInit uid 2000 <<<<<<
06-05 08:01:00.812  2940  3939 D EGL_emulation: eglMakeCurrent: 0x9a397520: ver 2 0 (tinfo 0x9a4096a0)
06-05 08:01:00.815  6318  6318 D AndroidRuntime: CheckJNI is ON
06-05 08:01:00.893  2081  2106 W ConfigurationChimeraPro: Got null configs for com.google.android.gms.auth.account.base
06-05 08:01:00.934  6318  6318 W art     : Unexpected CPU variant for X86 using defaults: x86
06-05 08:01:00.942  6318  6318 D ICU     : No timezone override file found: /data/misc/zoneinfo/current/icu/icu_tzdata.dat
06-05 08:01:00.984  6318  6318 E memtrack: Couldn't load memtrack module (No such file or directory)
06-05 08:01:00.984  6318  6318 E android.os.Debug: failed to load memtrack module: -2
06-05 08:01:00.986  6318  6318 I Radio-JNI: register_android_hardware_Radio DONE
06-05 08:01:01.007  6318  6318 D AndroidRuntime: Calling main entry com.android.commands.am.Am
06-05 08:01:01.035  2471  2471 D MediaScannerReceiver: action: android.intent.action.MEDIA_SCANNER_SCAN_FILE path: /storage/emulated/0/screen_2018-06-05_110100.png
06-05 08:01:01.046  6318  6318 D AndroidRuntime: Shutting down VM
06-05 08:01:02.056  1307  1348 E SurfaceFlinger: ro.sf.lcd_density must be defined as a build property
06-05 08:01:02.058  1307  1317 D gralloc_ranchu: gralloc_alloc: Creating ashmem region of size 1536000
06-05 08:01:02.075  6352  6352 D         : HostConnection::get() New Host Connection established 0xb389b2c0, tid 6352
06-05 08:01:02.078  6352  6352 W         : Unrecognized GLES max version string in extensions: ANDROID_EMU_CHECKSUM_HELPER_v1 ANDROID_EMU_dma_v1 
06-05 08:01:02.100  1307  1307 E EGL_emulation: tid 1307: eglCreateSyncKHR(1881): error 0x3004 (EGL_BAD_ATTRIBUTE)
06-05 08:01:02.789  6357  6357 D AndroidRuntime: >>>>>> START com.android.internal.os.RuntimeInit uid 2000 <<<<<<
06-05 08:01:02.793  6357  6357 D AndroidRuntime: CheckJNI is ON
06-05 08:01:02.905  6357  6357 W art     : Unexpected CPU variant for X86 using defaults: x86
06-05 08:01:02.914  6357  6357 D ICU     : No timezone override file found: /data/misc/zoneinfo/current/icu/icu_tzdata.dat
06-05 08:01:02.966  6357  6357 E memtrack: Couldn't load memtrack module (No such file or directory)
06-05 08:01:02.967  6357  6357 E android.os.Debug: failed to load memtrack module: -2
06-05 08:01:02.968  6357  6357 I Radio-JNI: register_android_hardware_Radio DONE
06-05 08:01:02.990  6357  6357 D AndroidRuntime: Calling main entry com.android.commands.am.Am
06-05 08:01:03.008  2471  2471 D MediaScannerReceiver: action: android.intent.action.MEDIA_SCANNER_SCAN_FILE path: /storage/emulated/0/screen_2018-06-05_110102.png
06-05 08:01:03.015  6357  6357 D AndroidRuntime: Shutting down VM
06-05 08:01:05.112  6397  6397 D AndroidRuntime: >>>>>> START com.android.internal.os.RuntimeInit uid 2000 <<<<<<
06-05 08:01:05.117  6397  6397 D AndroidRuntime: CheckJNI is ON
06-05 08:01:05.198  6397  6397 W art     : Unexpected CPU variant for X86 using defaults: x86
06-05 08:01:05.207  6397  6397 D ICU     : No timezone override file found: /data/misc/zoneinfo/current/icu/icu_tzdata.dat
06-05 08:01:05.249  6397  6397 E memtrack: Couldn't load memtrack module (No such file or directory)
06-05 08:01:05.249  6397  6397 E android.os.Debug: failed to load memtrack module: -2
06-05 08:01:05.251  6397  6397 I Radio-JNI: register_android_hardware_Radio DONE
06-05 08:01:05.279  6397  6397 D AndroidRuntime: Calling main entry com.android.commands.input.Input
06-05 08:01:05.301  6397  6397 I Input   : injectMotionEvent: MotionEvent { action=ACTION_DOWN, actionButton=0, id[0]=0, x[0]=396.0, y[0]=176.0, toolType[0]=TOOL_TYPE_UNKNOWN, buttonState=0, metaState=0, flags=0x0, edgeFlags=0x0, pointerCount=1, historySize=0, eventTime=251456, downTime=251456, deviceId=0, source=0x1002 }
06-05 08:01:05.309  6397  6397 I Input   : injectMotionEvent: MotionEvent { action=ACTION_MOVE, actionButton=0, id[0]=0, x[0]=396.0, y[0]=176.0, toolType[0]=TOOL_TYPE_UNKNOWN, buttonState=0, metaState=0, flags=0x0, edgeFlags=0x0, pointerCount=1, historySize=0, eventTime=251456, downTime=251456, deviceId=0, source=0x1002 }
06-05 08:01:05.322  6397  6397 I Input   : injectMotionEvent: MotionEvent { action=ACTION_MOVE, actionButton=0, id[0]=0, x[0]=396.0, y[0]=176.0, toolType[0]=TOOL_TYPE_UNKNOWN, buttonState=0, metaState=0, flags=0x0, edgeFlags=0x0, pointerCount=1, historySize=0, eventTime=251486, downTime=251486, deviceId=0, source=0x1002 }
06-05 08:01:05.340  6397  6397 I Input   : injectMotionEvent: MotionEvent { action=ACTION_MOVE, actionButton=0, id[0]=0, x[0]=396.0, y[0]=176.0, toolType[0]=TOOL_TYPE_UNKNOWN, buttonState=0, metaState=0, flags=0x0, edgeFlags=0x0, pointerCount=1, historySize=0, eventTime=251504, downTime=251504, deviceId=0, source=0x1002 }
06-05 08:01:05.355  6397  6397 I Input   : injectMotionEvent: MotionEvent { action=ACTION_MOVE, actionButton=0, id[0]=0, x[0]=396.0, y[0]=176.0, toolType[0]=TOOL_TYPE_UNKNOWN, buttonState=0, metaState=0, flags=0x0, edgeFlags=0x0, pointerCount=1, historySize=0, eventTime=251519, downTime=251519, deviceId=0, source=0x1002 }
06-05 08:01:05.373  6397  6397 I Input   : injectMotionEvent: MotionEvent { action=ACTION_MOVE, actionButton=0, id[0]=0, x[0]=396.0, y[0]=176.0, toolType[0]=TOOL_TYPE_UNKNOWN, buttonState=0, metaState=0, flags=0x0, edgeFlags=0x0, pointerCount=1, historySize=0, eventTime=251538, downTime=251538, deviceId=0, source=0x1002 }
06-05 08:01:05.389  6397  6397 I Input   : injectMotionEvent: MotionEvent { action=ACTION_MOVE, actionButton=0, id[0]=0, x[0]=396.0, y[0]=176.0, toolType[0]=TOOL_TYPE_UNKNOWN, buttonState=0, metaState=0, flags=0x0, edgeFlags=0x0, pointerCount=1, historySize=0, eventTime=251554, downTime=251554, deviceId=0, source=0x1002 }
06-05 08:01:05.408  6397  6397 I Input   : injectMotionEvent: MotionEvent { action=ACTION_MOVE, actionButton=0, id[0]=0, x[0]=396.0, y[0]=176.0, toolType[0]=TOOL_TYPE_UNKNOWN, buttonState=0, metaState=0, flags=0x0, edgeFlags=0x0, pointerCount=1, historySize=0, eventTime=251573, downTime=251573, deviceId=0, source=0x1002 }
06-05 08:01:05.423  6397  6397 I Input   : injectMotionEvent: MotionEvent { action=ACTION_MOVE, actionButton=0, id[0]=0, x[0]=396.0, y[0]=176.0, toolType[0]=TOOL_TYPE_UNKNOWN, buttonState=0, metaState=0, flags=0x0, edgeFlags=0x0, pointerCount=1, historySize=0, eventTime=251588, downTime=251588, deviceId=0, source=0x1002 }
06-05 08:01:05.441  6397  6397 I Input   : injectMotionEvent: MotionEvent { action=ACTION_MOVE, actionButton=0, id[0]=0, x[0]=396.0, y[0]=176.0, toolType[0]=TOOL_TYPE_UNKNOWN, buttonState=0, metaState=0, flags=0x0, edgeFlags=0x0, pointerCount=1, historySize=0, eventTime=251606, downTime=251606, deviceId=0, source=0x1002 }
06-05 08:01:05.458  6397  6397 I Input   : injectMotionEvent: MotionEvent { action=ACTION_MOVE, actionButton=0, id[0]=0, x[0]=396.0, y[0]=176.0, toolType[0]=TOOL_TYPE_UNKNOWN, buttonState=0, metaState=0, flags=0x0, edgeFlags=0x0, pointerCount=1, historySize=0, eventTime=251623, downTime=251623, deviceId=0, source=0x1002 }
06-05 08:01:05.475  6397  6397 I Input   : injectMotionEvent: MotionEvent { action=ACTION_MOVE, actionButton=0, id[0]=0, x[0]=396.0, y[0]=176.0, toolType[0]=TOOL_TYPE_UNKNOWN, buttonState=0, metaState=0, flags=0x0, edgeFlags=0x0, pointerCount=1, historySize=0, eventTime=251639, downTime=251639, deviceId=0, source=0x1002 }
06-05 08:01:05.504  6397  6397 I Input   : injectMotionEvent: MotionEvent { action=ACTION_UP, actionButton=0, id[0]=0, x[0]=396.0, y[0]=176.0, toolType[0]=TOOL_TYPE_UNKNOWN, buttonState=0, metaState=0, flags=0x0, edgeFlags=0x0, pointerCount=1, historySize=0, eventTime=251668, downTime=251668, deviceId=0, source=0x1002 }
06-05 08:01:05.517  6397  6397 D AndroidRuntime: Shutting down VM
06-05 08:01:05.568  1356  1410 W audio_hw_generic: Not supplying enough data to HAL, expected position 2009869 , only wrote 2009520
06-05 08:01:05.615  1356  1410 W audio_hw_generic: Hardware backing HAL too slow, could only write 0 of 720 frames
06-05 08:01:05.631  1356  1410 W audio_hw_generic: Hardware backing HAL too slow, could only write 0 of 720 frames
06-05 08:01:06.012  3998  4022 D EGL_emulation: eglMakeCurrent: 0x9cc841e0: ver 2 0 (tinfo 0x9cc83710)
06-05 08:01:06.029  2090  2116 I art     : Background partial concurrent mark sweep GC freed 16813(844KB) AllocSpace objects, 48(888KB) LOS objects, 40% free, 2MB/3MB, paused 5.135ms total 72.214ms
06-05 08:01:06.041  3998  4022 D EGL_emulation: eglMakeCurrent: 0x9cc841e0: ver 2 0 (tinfo 0x9cc83710)
06-05 08:01:06.584  2081  5773 E Uploader: Clearcut upload error
06-05 08:01:07.488  1307  1347 E SurfaceFlinger: ro.sf.lcd_density must be defined as a build property
06-05 08:01:07.490  1307  1348 D gralloc_ranchu: gralloc_alloc: Creating ashmem region of size 1536000
06-05 08:01:07.502  6433  6433 D         : HostConnection::get() New Host Connection established 0xa7c1b2c0, tid 6433
06-05 08:01:07.503  6433  6433 W         : Unrecognized GLES max version string in extensions: ANDROID_EMU_CHECKSUM_HELPER_v1 ANDROID_EMU_dma_v1 
06-05 08:01:07.524  1307  1307 E EGL_emulation: tid 1307: eglCreateSyncKHR(1881): error 0x3004 (EGL_BAD_ATTRIBUTE)
06-05 08:01:08.310  6438  6438 D AndroidRuntime: >>>>>> START com.android.internal.os.RuntimeInit uid 2000 <<<<<<
06-05 08:01:08.314  6438  6438 D AndroidRuntime: CheckJNI is ON
06-05 08:01:08.431  6438  6438 W art     : Unexpected CPU variant for X86 using defaults: x86
06-05 08:01:08.444  6438  6438 D ICU     : No timezone override file found: /data/misc/zoneinfo/current/icu/icu_tzdata.dat
06-05 08:01:08.499  6438  6438 E memtrack: Couldn't load memtrack module (No such file or directory)
06-05 08:01:08.499  6438  6438 E android.os.Debug: failed to load memtrack module: -2
06-05 08:01:08.501  6438  6438 I Radio-JNI: register_android_hardware_Radio DONE
06-05 08:01:08.522  6438  6438 D AndroidRuntime: Calling main entry com.android.commands.am.Am
06-05 08:01:08.547  2471  2471 D MediaScannerReceiver: action: android.intent.action.MEDIA_SCANNER_SCAN_FILE path: /storage/emulated/0/screen_2018-06-05_110107.png
06-05 08:01:08.553  6438  6438 D AndroidRuntime: Shutting down VM
06-05 08:01:08.795  1356  1411 W audio_hw_generic: Not supplying enough data to HAL, expected position 2317210 , only wrote 2164320
06-05 08:01:09.105  1657  1657 W WindowManager: Attempted to remove non-existing token: android.os.Binder@d22e6e
06-05 08:01:09.828  1307  1348 E SurfaceFlinger: ro.sf.lcd_density must be defined as a build property
06-05 08:01:09.831  1307  1318 D gralloc_ranchu: gralloc_alloc: Creating ashmem region of size 1536000
06-05 08:01:09.843  6469  6469 D         : HostConnection::get() New Host Connection established 0xb199b2c0, tid 6469
06-05 08:01:09.844  6469  6469 W         : Unrecognized GLES max version string in extensions: ANDROID_EMU_CHECKSUM_HELPER_v1 ANDROID_EMU_dma_v1 
06-05 08:01:09.862  1307  1307 E EGL_emulation: tid 1307: eglCreateSyncKHR(1881): error 0x3004 (EGL_BAD_ATTRIBUTE)
06-05 08:01:10.532  6474  6474 D AndroidRuntime: >>>>>> START com.android.internal.os.RuntimeInit uid 2000 <<<<<<
06-05 08:01:10.536  6474  6474 D AndroidRuntime: CheckJNI is ON
06-05 08:01:10.619  6474  6474 W art     : Unexpected CPU variant for X86 using defaults: x86
06-05 08:01:10.629  6474  6474 D ICU     : No timezone override file found: /data/misc/zoneinfo/current/icu/icu_tzdata.dat
06-05 08:01:10.673  6474  6474 E memtrack: Couldn't load memtrack module (No such file or directory)
06-05 08:01:10.673  6474  6474 E android.os.Debug: failed to load memtrack module: -2
06-05 08:01:10.675  6474  6474 I Radio-JNI: register_android_hardware_Radio DONE
06-05 08:01:10.695  6474  6474 D AndroidRuntime: Calling main entry com.android.commands.am.Am
06-05 08:01:10.736  2471  2471 D MediaScannerReceiver: action: android.intent.action.MEDIA_SCANNER_SCAN_FILE path: /storage/emulated/0/screen_2018-06-05_110109.png
06-05 08:01:10.742  6474  6474 D AndroidRuntime: Shutting down VM
06-05 08:01:11.738  1307  1347 E SurfaceFlinger: ro.sf.lcd_density must be defined as a build property
06-05 08:01:11.741  1307  1317 D gralloc_ranchu: gralloc_alloc: Creating ashmem region of size 1536000
06-05 08:01:11.753  6503  6503 D         : HostConnection::get() New Host Connection established 0xaba9b2c0, tid 6503
06-05 08:01:11.754  6503  6503 W         : Unrecognized GLES max version string in extensions: ANDROID_EMU_CHECKSUM_HELPER_v1 ANDROID_EMU_dma_v1 
06-05 08:01:11.774  1307  1307 E EGL_emulation: tid 1307: eglCreateSyncKHR(1881): error 0x3004 (EGL_BAD_ATTRIBUTE)
06-05 08:01:12.516  6510  6510 D AndroidRuntime: >>>>>> START com.android.internal.os.RuntimeInit uid 2000 <<<<<<
06-05 08:01:12.521  6510  6510 D AndroidRuntime: CheckJNI is ON
06-05 08:01:12.598  6510  6510 W art     : Unexpected CPU variant for X86 using defaults: x86
06-05 08:01:12.606  6510  6510 D ICU     : No timezone override file found: /data/misc/zoneinfo/current/icu/icu_tzdata.dat
06-05 08:01:12.652  6510  6510 E memtrack: Couldn't load memtrack module (No such file or directory)
06-05 08:01:12.652  6510  6510 E android.os.Debug: failed to load memtrack module: -2
06-05 08:01:12.653  6510  6510 I Radio-JNI: register_android_hardware_Radio DONE
06-05 08:01:12.675  6510  6510 D AndroidRuntime: Calling main entry com.android.commands.am.Am
06-05 08:01:12.700  2471  2471 D MediaScannerReceiver: action: android.intent.action.MEDIA_SCANNER_SCAN_FILE path: /storage/emulated/0/screen_2018-06-05_110111.png
06-05 08:01:12.709  6510  6510 D AndroidRuntime: Shutting down VM
06-05 08:01:14.894  6548  6548 D AndroidRuntime: >>>>>> START com.android.internal.os.RuntimeInit uid 2000 <<<<<<
06-05 08:01:14.898  6548  6548 D AndroidRuntime: CheckJNI is ON
06-05 08:01:14.975  6548  6548 W art     : Unexpected CPU variant for X86 using defaults: x86
06-05 08:01:14.984  6548  6548 D ICU     : No timezone override file found: /data/misc/zoneinfo/current/icu/icu_tzdata.dat
06-05 08:01:15.022  6548  6548 E memtrack: Couldn't load memtrack module (No such file or directory)
06-05 08:01:15.023  6548  6548 E android.os.Debug: failed to load memtrack module: -2
06-05 08:01:15.025  6548  6548 I Radio-JNI: register_android_hardware_Radio DONE
06-05 08:01:15.045  6548  6548 D AndroidRuntime: Calling main entry com.android.commands.input.Input
06-05 08:01:15.063  6548  6548 I Input   : injectMotionEvent: MotionEvent { action=ACTION_DOWN, actionButton=0, id[0]=0, x[0]=256.0, y[0]=176.0, toolType[0]=TOOL_TYPE_UNKNOWN, buttonState=0, metaState=0, flags=0x0, edgeFlags=0x0, pointerCount=1, historySize=0, eventTime=261223, downTime=261223, deviceId=0, source=0x1002 }
06-05 08:01:15.069  6548  6548 I Input   : injectMotionEvent: MotionEvent { action=ACTION_MOVE, actionButton=0, id[0]=0, x[0]=256.0, y[0]=176.0, toolType[0]=TOOL_TYPE_UNKNOWN, buttonState=0, metaState=0, flags=0x0, edgeFlags=0x0, pointerCount=1, historySize=0, eventTime=261223, downTime=261223, deviceId=0, source=0x1002 }
06-05 08:01:15.073  6548  6548 I Input   : injectMotionEvent: MotionEvent { action=ACTION_MOVE, actionButton=0, id[0]=0, x[0]=256.0, y[0]=176.0, toolType[0]=TOOL_TYPE_UNKNOWN, buttonState=0, metaState=0, flags=0x0, edgeFlags=0x0, pointerCount=1, historySize=0, eventTime=261238, downTime=261238, deviceId=0, source=0x1002 }
06-05 08:01:15.090  6548  6548 I Input   : injectMotionEvent: MotionEvent { action=ACTION_MOVE, actionButton=0, id[0]=0, x[0]=256.0, y[0]=176.0, toolType[0]=TOOL_TYPE_UNKNOWN, buttonState=0, metaState=0, flags=0x0, edgeFlags=0x0, pointerCount=1, historySize=0, eventTime=261254, downTime=261254, deviceId=0, source=0x1002 }
06-05 08:01:15.106  6548  6548 I Input   : injectMotionEvent: MotionEvent { action=ACTION_MOVE, actionButton=0, id[0]=0, x[0]=256.0, y[0]=176.0, toolType[0]=TOOL_TYPE_UNKNOWN, buttonState=0, metaState=0, flags=0x0, edgeFlags=0x0, pointerCount=1, historySize=0, eventTime=261270, downTime=261270, deviceId=0, source=0x1002 }
06-05 08:01:15.122  6548  6548 I Input   : injectMotionEvent: MotionEvent { action=ACTION_MOVE, actionButton=0, id[0]=0, x[0]=256.0, y[0]=176.0, toolType[0]=TOOL_TYPE_UNKNOWN, buttonState=0, metaState=0, flags=0x0, edgeFlags=0x0, pointerCount=1, historySize=0, eventTime=261286, downTime=261286, deviceId=0, source=0x1002 }
06-05 08:01:15.141  6548  6548 I Input   : injectMotionEvent: MotionEvent { action=ACTION_MOVE, actionButton=0, id[0]=0, x[0]=256.0, y[0]=176.0, toolType[0]=TOOL_TYPE_UNKNOWN, buttonState=0, metaState=0, flags=0x0, edgeFlags=0x0, pointerCount=1, historySize=0, eventTime=261304, downTime=261304, deviceId=0, source=0x1002 }
06-05 08:01:15.159  6548  6548 I Input   : injectMotionEvent: MotionEvent { action=ACTION_MOVE, actionButton=0, id[0]=0, x[0]=256.0, y[0]=176.0, toolType[0]=TOOL_TYPE_UNKNOWN, buttonState=0, metaState=0, flags=0x0, edgeFlags=0x0, pointerCount=1, historySize=0, eventTime=261323, downTime=261323, deviceId=0, source=0x1002 }
06-05 08:01:15.175  6548  6548 I Input   : injectMotionEvent: MotionEvent { action=ACTION_MOVE, actionButton=0, id[0]=0, x[0]=256.0, y[0]=176.0, toolType[0]=TOOL_TYPE_UNKNOWN, buttonState=0, metaState=0, flags=0x0, edgeFlags=0x0, pointerCount=1, historySize=0, eventTime=261339, downTime=261339, deviceId=0, source=0x1002 }
06-05 08:01:15.191  6548  6548 I Input   : injectMotionEvent: MotionEvent { action=ACTION_MOVE, actionButton=0, id[0]=0, x[0]=256.0, y[0]=176.0, toolType[0]=TOOL_TYPE_UNKNOWN, buttonState=0, metaState=0, flags=0x0, edgeFlags=0x0, pointerCount=1, historySize=0, eventTime=261356, downTime=261356, deviceId=0, source=0x1002 }
06-05 08:01:15.204  6548  6548 I Input   : injectMotionEvent: MotionEvent { action=ACTION_MOVE, actionButton=0, id[0]=0, x[0]=256.0, y[0]=176.0, toolType[0]=TOOL_TYPE_UNKNOWN, buttonState=0, metaState=0, flags=0x0, edgeFlags=0x0, pointerCount=1, historySize=0, eventTime=261369, downTime=261369, deviceId=0, source=0x1002 }
06-05 08:01:15.223  6548  6548 I Input   : injectMotionEvent: MotionEvent { action=ACTION_MOVE, actionButton=0, id[0]=0, x[0]=256.0, y[0]=176.0, toolType[0]=TOOL_TYPE_UNKNOWN, buttonState=0, metaState=0, flags=0x0, edgeFlags=0x0, pointerCount=1, historySize=0, eventTime=261387, downTime=261387, deviceId=0, source=0x1002 }
06-05 08:01:15.239  6548  6548 I Input   : injectMotionEvent: MotionEvent { action=ACTION_MOVE, actionButton=0, id[0]=0, x[0]=256.0, y[0]=176.0, toolType[0]=TOOL_TYPE_UNKNOWN, buttonState=0, metaState=0, flags=0x0, edgeFlags=0x0, pointerCount=1, historySize=0, eventTime=261403, downTime=261403, deviceId=0, source=0x1002 }
06-05 08:01:15.258  6548  6548 I Input   : injectMotionEvent: MotionEvent { action=ACTION_MOVE, actionButton=0, id[0]=0, x[0]=256.0, y[0]=176.0, toolType[0]=TOOL_TYPE_UNKNOWN, buttonState=0, metaState=0, flags=0x0, edgeFlags=0x0, pointerCount=1, historySize=0, eventTime=261420, downTime=261420, deviceId=0, source=0x1002 }
06-05 08:01:15.274  6548  6548 I Input   : injectMotionEvent: MotionEvent { action=ACTION_UP, actionButton=0, id[0]=0, x[0]=256.0, y[0]=176.0, toolType[0]=TOOL_TYPE_UNKNOWN, buttonState=0, metaState=0, flags=0x0, edgeFlags=0x0, pointerCount=1, historySize=0, eventTime=261438, downTime=261438, deviceId=0, source=0x1002 }
06-05 08:01:15.289  6548  6548 D AndroidRuntime: Shutting down VM
06-05 08:01:15.295  1356  1410 W audio_hw_generic: Not supplying enough data to HAL, expected position 2164463 , only wrote 2164320
06-05 08:01:15.340  3998  3998 E BluetoothAdapter: Bluetooth binder is null
06-05 08:01:15.343  1356  1410 W audio_hw_generic: Hardware backing HAL too slow, could only write 0 of 720 frames
06-05 08:01:15.475  3998  4022 D EGL_emulation: eglMakeCurrent: 0x9cc841e0: ver 2 0 (tinfo 0x9cc83710)
06-05 08:01:15.520  3998  4022 D EGL_emulation: eglMakeCurrent: 0x9cc841e0: ver 2 0 (tinfo 0x9cc83710)
06-05 08:01:15.638  2090  2116 I art     : Background sticky concurrent mark sweep GC freed 13301(666KB) AllocSpace objects, 37(660KB) LOS objects, 39% free, 2MB/3MB, paused 10.990ms total 62.457ms
06-05 08:01:17.131  1307  1318 E SurfaceFlinger: ro.sf.lcd_density must be defined as a build property
06-05 08:01:17.133  1307  1317 D gralloc_ranchu: gralloc_alloc: Creating ashmem region of size 1536000
06-05 08:01:17.148  6581  6581 D         : HostConnection::get() New Host Connection established 0xb0c9b2c0, tid 6581
06-05 08:01:17.150  6581  6581 W         : Unrecognized GLES max version string in extensions: ANDROID_EMU_CHECKSUM_HELPER_v1 ANDROID_EMU_dma_v1 
06-05 08:01:17.173  1307  1307 E EGL_emulation: tid 1307: eglCreateSyncKHR(1881): error 0x3004 (EGL_BAD_ATTRIBUTE)
06-05 08:01:18.011  6588  6588 D AndroidRuntime: >>>>>> START com.android.internal.os.RuntimeInit uid 2000 <<<<<<
06-05 08:01:18.017  6588  6588 D AndroidRuntime: CheckJNI is ON
06-05 08:01:18.105  6588  6588 W art     : Unexpected CPU variant for X86 using defaults: x86
06-05 08:01:18.116  6588  6588 D ICU     : No timezone override file found: /data/misc/zoneinfo/current/icu/icu_tzdata.dat
06-05 08:01:18.161  6588  6588 E memtrack: Couldn't load memtrack module (No such file or directory)
06-05 08:01:18.161  6588  6588 E android.os.Debug: failed to load memtrack module: -2
06-05 08:01:18.163  6588  6588 I Radio-JNI: register_android_hardware_Radio DONE
06-05 08:01:18.187  6588  6588 D AndroidRuntime: Calling main entry com.android.commands.am.Am
06-05 08:01:18.205  2471  2471 D MediaScannerReceiver: action: android.intent.action.MEDIA_SCANNER_SCAN_FILE path: /storage/emulated/0/screen_2018-06-05_110117.png
06-05 08:01:18.217  6588  6588 D AndroidRuntime: Shutting down VM
06-05 08:01:18.506  1356  1411 W audio_hw_generic: Not supplying enough data to HAL, expected position 2470615 , only wrote 2318400
06-05 08:01:18.852  1657  1657 W WindowManager: Attempted to remove non-existing token: android.os.Binder@a8647d2
06-05 08:01:19.503  1307  1318 E SurfaceFlinger: ro.sf.lcd_density must be defined as a build property
06-05 08:01:19.506  1307  1317 D gralloc_ranchu: gralloc_alloc: Creating ashmem region of size 1536000
06-05 08:01:19.517  6617  6617 D         : HostConnection::get() New Host Connection established 0xa919b2c0, tid 6617
06-05 08:01:19.518  6617  6617 W         : Unrecognized GLES max version string in extensions: ANDROID_EMU_CHECKSUM_HELPER_v1 ANDROID_EMU_dma_v1 
06-05 08:01:19.538  1307  1307 E EGL_emulation: tid 1307: eglCreateSyncKHR(1881): error 0x3004 (EGL_BAD_ATTRIBUTE)
06-05 08:01:20.292  6622  6622 D AndroidRuntime: >>>>>> START com.android.internal.os.RuntimeInit uid 2000 <<<<<<
06-05 08:01:20.296  6622  6622 D AndroidRuntime: CheckJNI is ON
06-05 08:01:20.380  6622  6622 W art     : Unexpected CPU variant for X86 using defaults: x86
06-05 08:01:20.389  6622  6622 D ICU     : No timezone override file found: /data/misc/zoneinfo/current/icu/icu_tzdata.dat
06-05 08:01:20.436  6622  6622 E memtrack: Couldn't load memtrack module (No such file or directory)
06-05 08:01:20.437  6622  6622 E android.os.Debug: failed to load memtrack module: -2
06-05 08:01:20.439  6622  6622 I Radio-JNI: register_android_hardware_Radio DONE
06-05 08:01:20.462  6622  6622 D AndroidRuntime: Calling main entry com.android.commands.am.Am
06-05 08:01:20.491  2471  2471 D MediaScannerReceiver: action: android.intent.action.MEDIA_SCANNER_SCAN_FILE path: /storage/emulated/0/screen_2018-06-05_110119.png
06-05 08:01:20.501  6622  6622 D AndroidRuntime: Shutting down VM
06-05 08:01:22.232  1307  1318 E SurfaceFlinger: ro.sf.lcd_density must be defined as a build property
06-05 08:01:22.235  1307  2059 D gralloc_ranchu: gralloc_alloc: Creating ashmem region of size 1536000
06-05 08:01:22.254  6653  6653 D         : HostConnection::get() New Host Connection established 0xaec1b2c0, tid 6653
06-05 08:01:22.266  6653  6653 W         : Unrecognized GLES max version string in extensions: ANDROID_EMU_CHECKSUM_HELPER_v1 ANDROID_EMU_dma_v1 
06-05 08:01:22.308  1307  1307 E EGL_emulation: tid 1307: eglCreateSyncKHR(1881): error 0x3004 (EGL_BAD_ATTRIBUTE)
06-05 08:01:23.287  6661  6661 D AndroidRuntime: >>>>>> START com.android.internal.os.RuntimeInit uid 2000 <<<<<<
06-05 08:01:23.292  6661  6661 D AndroidRuntime: CheckJNI is ON
06-05 08:01:23.374  6661  6661 W art     : Unexpected CPU variant for X86 using defaults: x86
06-05 08:01:23.387  6661  6661 D ICU     : No timezone override file found: /data/misc/zoneinfo/current/icu/icu_tzdata.dat
06-05 08:01:23.437  6661  6661 E memtrack: Couldn't load memtrack module (No such file or directory)
06-05 08:01:23.437  6661  6661 E android.os.Debug: failed to load memtrack module: -2
06-05 08:01:23.440  6661  6661 I Radio-JNI: register_android_hardware_Radio DONE
06-05 08:01:23.463  6661  6661 D AndroidRuntime: Calling main entry com.android.commands.am.Am
06-05 08:01:23.483  2471  2471 D MediaScannerReceiver: action: android.intent.action.MEDIA_SCANNER_SCAN_FILE path: /storage/emulated/0/screen_2018-06-05_110122.png
06-05 08:01:23.494  6661  6661 D AndroidRuntime: Shutting down VM
06-05 08:01:25.670  6701  6701 D AndroidRuntime: >>>>>> START com.android.internal.os.RuntimeInit uid 2000 <<<<<<
06-05 08:01:25.673  6701  6701 D AndroidRuntime: CheckJNI is ON
06-05 08:01:25.753  6701  6701 W art     : Unexpected CPU variant for X86 using defaults: x86
06-05 08:01:25.762  6701  6701 D ICU     : No timezone override file found: /data/misc/zoneinfo/current/icu/icu_tzdata.dat
06-05 08:01:25.810  6701  6701 E memtrack: Couldn't load memtrack module (No such file or directory)
06-05 08:01:25.810  6701  6701 E android.os.Debug: failed to load memtrack module: -2
06-05 08:01:25.812  6701  6701 I Radio-JNI: register_android_hardware_Radio DONE
06-05 08:01:25.832  6701  6701 D AndroidRuntime: Calling main entry com.android.commands.input.Input
06-05 08:01:25.846  6701  6701 I Input   : injectMotionEvent: MotionEvent { action=ACTION_DOWN, actionButton=0, id[0]=0, x[0]=392.0, y[0]=176.0, toolType[0]=TOOL_TYPE_UNKNOWN, buttonState=0, metaState=0, flags=0x0, edgeFlags=0x0, pointerCount=1, historySize=0, eventTime=272007, downTime=272007, deviceId=0, source=0x1002 }
06-05 08:01:25.853  6701  6701 I Input   : injectMotionEvent: MotionEvent { action=ACTION_MOVE, actionButton=0, id[0]=0, x[0]=392.0, y[0]=176.0, toolType[0]=TOOL_TYPE_UNKNOWN, buttonState=0, metaState=0, flags=0x0, edgeFlags=0x0, pointerCount=1, historySize=0, eventTime=272007, downTime=272007, deviceId=0, source=0x1002 }
06-05 08:01:25.872  6701  6701 I Input   : injectMotionEvent: MotionEvent { action=ACTION_MOVE, actionButton=0, id[0]=0, x[0]=392.0, y[0]=176.0, toolType[0]=TOOL_TYPE_UNKNOWN, buttonState=0, metaState=0, flags=0x0, edgeFlags=0x0, pointerCount=1, historySize=0, eventTime=272036, downTime=272036, deviceId=0, source=0x1002 }
06-05 08:01:25.891  6701  6701 I Input   : injectMotionEvent: MotionEvent { action=ACTION_MOVE, actionButton=0, id[0]=0, x[0]=392.0, y[0]=176.0, toolType[0]=TOOL_TYPE_UNKNOWN, buttonState=0, metaState=0, flags=0x0, edgeFlags=0x0, pointerCount=1, historySize=0, eventTime=272055, downTime=272055, deviceId=0, source=0x1002 }
06-05 08:01:25.907  6701  6701 I Input   : injectMotionEvent: MotionEvent { action=ACTION_MOVE, actionButton=0, id[0]=0, x[0]=392.0, y[0]=176.0, toolType[0]=TOOL_TYPE_UNKNOWN, buttonState=0, metaState=0, flags=0x0, edgeFlags=0x0, pointerCount=1, historySize=0, eventTime=272071, downTime=272071, deviceId=0, source=0x1002 }
06-05 08:01:25.924  6701  6701 I Input   : injectMotionEvent: MotionEvent { action=ACTION_MOVE, actionButton=0, id[0]=0, x[0]=392.0, y[0]=176.0, toolType[0]=TOOL_TYPE_UNKNOWN, buttonState=0, metaState=0, flags=0x0, edgeFlags=0x0, pointerCount=1, historySize=0, eventTime=272089, downTime=272089, deviceId=0, source=0x1002 }
06-05 08:01:25.940  6701  6701 I Input   : injectMotionEvent: MotionEvent { action=ACTION_MOVE, actionButton=0, id[0]=0, x[0]=392.0, y[0]=176.0, toolType[0]=TOOL_TYPE_UNKNOWN, buttonState=0, metaState=0, flags=0x0, edgeFlags=0x0, pointerCount=1, historySize=0, eventTime=272105, downTime=272105, deviceId=0, source=0x1002 }
06-05 08:01:25.956  6701  6701 I Input   : injectMotionEvent: MotionEvent { action=ACTION_MOVE, actionButton=0, id[0]=0, x[0]=392.0, y[0]=176.0, toolType[0]=TOOL_TYPE_UNKNOWN, buttonState=0, metaState=0, flags=0x0, edgeFlags=0x0, pointerCount=1, historySize=0, eventTime=272120, downTime=272120, deviceId=0, source=0x1002 }
06-05 08:01:25.973  6701  6701 I Input   : injectMotionEvent: MotionEvent { action=ACTION_MOVE, actionButton=0, id[0]=0, x[0]=392.0, y[0]=176.0, toolType[0]=TOOL_TYPE_UNKNOWN, buttonState=0, metaState=0, flags=0x0, edgeFlags=0x0, pointerCount=1, historySize=0, eventTime=272137, downTime=272137, deviceId=0, source=0x1002 }
06-05 08:01:25.990  6701  6701 I Input   : injectMotionEvent: MotionEvent { action=ACTION_MOVE, actionButton=0, id[0]=0, x[0]=392.0, y[0]=176.0, toolType[0]=TOOL_TYPE_UNKNOWN, buttonState=0, metaState=0, flags=0x0, edgeFlags=0x0, pointerCount=1, historySize=0, eventTime=272155, downTime=272155, deviceId=0, source=0x1002 }
06-05 08:01:26.005  6701  6701 I Input   : injectMotionEvent: MotionEvent { action=ACTION_MOVE, actionButton=0, id[0]=0, x[0]=392.0, y[0]=176.0, toolType[0]=TOOL_TYPE_UNKNOWN, buttonState=0, metaState=0, flags=0x0, edgeFlags=0x0, pointerCount=1, historySize=0, eventTime=272170, downTime=272170, deviceId=0, source=0x1002 }
06-05 08:01:26.023  6701  6701 I Input   : injectMotionEvent: MotionEvent { action=ACTION_MOVE, actionButton=0, id[0]=0, x[0]=392.0, y[0]=176.0, toolType[0]=TOOL_TYPE_UNKNOWN, buttonState=0, metaState=0, flags=0x0, edgeFlags=0x0, pointerCount=1, historySize=0, eventTime=272188, downTime=272188, deviceId=0, source=0x1002 }
06-05 08:01:26.047  6701  6701 I Input   : injectMotionEvent: MotionEvent { action=ACTION_UP, actionButton=0, id[0]=0, x[0]=392.0, y[0]=176.0, toolType[0]=TOOL_TYPE_UNKNOWN, buttonState=0, metaState=0, flags=0x0, edgeFlags=0x0, pointerCount=1, historySize=0, eventTime=272211, downTime=272211, deviceId=0, source=0x1002 }
06-05 08:01:26.061  6701  6701 D AndroidRuntime: Shutting down VM
06-05 08:01:26.071  1356  1410 W audio_hw_generic: Not supplying enough data to HAL, expected position 2318694 , only wrote 2318400
06-05 08:01:26.118  1356  1410 W audio_hw_generic: Hardware backing HAL too slow, could only write 0 of 720 frames
06-05 08:01:26.135  1356  1410 W audio_hw_generic: Hardware backing HAL too slow, could only write 0 of 720 frames
06-05 08:01:26.371  3998  4022 D EGL_emulation: eglMakeCurrent: 0x9cc841e0: ver 2 0 (tinfo 0x9cc83710)
06-05 08:01:26.407  3998  4022 D EGL_emulation: eglMakeCurrent: 0x9cc841e0: ver 2 0 (tinfo 0x9cc83710)
06-05 08:01:26.584  1356  1410 W audio_hw_generic: Hardware backing HAL too slow, could only write 0 of 720 frames
06-05 08:01:26.780  2090  2116 I art     : Background partial concurrent mark sweep GC freed 12445(649KB) AllocSpace objects, 35(624KB) LOS objects, 40% free, 2MB/4MB, paused 6.202ms total 198.061ms
06-05 08:01:26.852  1356  1410 W audio_hw_generic: Hardware backing HAL too slow, could only write 0 of 720 frames
06-05 08:01:26.868  1356  1410 W audio_hw_generic: Hardware backing HAL too slow, could only write 0 of 720 frames
06-05 08:01:26.883  1356  1410 W audio_hw_generic: Hardware backing HAL too slow, could only write 0 of 720 frames
06-05 08:01:28.024  1307  1318 E SurfaceFlinger: ro.sf.lcd_density must be defined as a build property
06-05 08:01:28.030  1307  2059 D gralloc_ranchu: gralloc_alloc: Creating ashmem region of size 1536000
06-05 08:01:28.044  6733  6733 D         : HostConnection::get() New Host Connection established 0xa7d9b2c0, tid 6733
06-05 08:01:28.046  6733  6733 W         : Unrecognized GLES max version string in extensions: ANDROID_EMU_CHECKSUM_HELPER_v1 ANDROID_EMU_dma_v1 
06-05 08:01:28.083  1307  1307 E EGL_emulation: tid 1307: eglCreateSyncKHR(1881): error 0x3004 (EGL_BAD_ATTRIBUTE)
06-05 08:01:28.865  6742  6742 D AndroidRuntime: >>>>>> START com.android.internal.os.RuntimeInit uid 2000 <<<<<<
06-05 08:01:28.872  6742  6742 D AndroidRuntime: CheckJNI is ON
06-05 08:01:28.961  6742  6742 W art     : Unexpected CPU variant for X86 using defaults: x86
06-05 08:01:28.971  6742  6742 D ICU     : No timezone override file found: /data/misc/zoneinfo/current/icu/icu_tzdata.dat
06-05 08:01:29.013  6742  6742 E memtrack: Couldn't load memtrack module (No such file or directory)
06-05 08:01:29.013  6742  6742 E android.os.Debug: failed to load memtrack module: -2
06-05 08:01:29.016  6742  6742 I Radio-JNI: register_android_hardware_Radio DONE
06-05 08:01:29.038  6742  6742 D AndroidRuntime: Calling main entry com.android.commands.am.Am
06-05 08:01:29.074  2471  2471 D MediaScannerReceiver: action: android.intent.action.MEDIA_SCANNER_SCAN_FILE path: /storage/emulated/0/screen_2018-06-05_110128.png
06-05 08:01:29.090  6742  6742 D AndroidRuntime: Shutting down VM
06-05 08:01:29.298  1356  1411 W audio_hw_generic: Not supplying enough data to HAL, expected position 2626089 , only wrote 2473200
06-05 08:01:29.665  1657  1657 W WindowManager: Attempted to remove non-existing token: android.os.Binder@36389e8
06-05 08:01:30.389  1307  1317 E SurfaceFlinger: ro.sf.lcd_density must be defined as a build property
06-05 08:01:30.391  1307  1347 D gralloc_ranchu: gralloc_alloc: Creating ashmem region of size 1536000
06-05 08:01:30.403  6771  6771 D         : HostConnection::get() New Host Connection established 0xb2a9b2c0, tid 6771
06-05 08:01:30.403  6771  6771 W         : Unrecognized GLES max version string in extensions: ANDROID_EMU_CHECKSUM_HELPER_v1 ANDROID_EMU_dma_v1 
06-05 08:01:30.422  1307  1307 E EGL_emulation: tid 1307: eglCreateSyncKHR(1881): error 0x3004 (EGL_BAD_ATTRIBUTE)
06-05 08:01:30.931  2081  2106 W InstanceID/Rpc: No response android.os.ConditionVariable@8b5d4f7
06-05 08:01:30.933  2081  2106 W GLSUser : [AppCertManager] Failed to get security token.
06-05 08:01:30.933  2081  2106 W GLSUser : java.io.IOException: TIMEOUT
06-05 08:01:30.933  2081  2106 W GLSUser : 	at vfm.b(:com.google.android.gms@11743470:40)
06-05 08:01:30.933  2081  2106 W GLSUser : 	at vfm.a(:com.google.android.gms@11743470:46)
06-05 08:01:30.933  2081  2106 W GLSUser : 	at vfj.b(:com.google.android.gms@11743470:11)
06-05 08:01:30.933  2081  2106 W GLSUser : 	at vfj.a(:com.google.android.gms@11743470:29)
06-05 08:01:30.933  2081  2106 W GLSUser : 	at eyw.b(:com.google.android.gms@11743470:4)
06-05 08:01:30.933  2081  2106 W GLSUser : 	at eyw.a(:com.google.android.gms@11743470:56)
06-05 08:01:30.933  2081  2106 W GLSUser : 	at eyw.a(:com.google.android.gms@11743470:22)
06-05 08:01:30.933  2081  2106 W GLSUser : 	at eyu.a(:com.google.android.gms@11743470:4)
06-05 08:01:30.933  2081  2106 W GLSUser : 	at eyu.onTransact(:com.google.android.gms@11743470:4)
06-05 08:01:30.933  2081  2106 W GLSUser : 	at android.os.Binder.transact(Binder.java:499)
06-05 08:01:30.933  2081  2106 W GLSUser : 	at bvg.onTransact(:com.google.android.gms@11743470:3)
06-05 08:01:30.933  2081  2106 W GLSUser : 	at android.os.Binder.execTransact(Binder.java:565)
06-05 08:01:31.181  6778  6778 D AndroidRuntime: >>>>>> START com.android.internal.os.RuntimeInit uid 2000 <<<<<<
06-05 08:01:31.186  6778  6778 D AndroidRuntime: CheckJNI is ON
06-05 08:01:31.268  6778  6778 W art     : Unexpected CPU variant for X86 using defaults: x86
06-05 08:01:31.278  6778  6778 D ICU     : No timezone override file found: /data/misc/zoneinfo/current/icu/icu_tzdata.dat
06-05 08:01:31.324  6778  6778 E memtrack: Couldn't load memtrack module (No such file or directory)
06-05 08:01:31.324  6778  6778 E android.os.Debug: failed to load memtrack module: -2
06-05 08:01:31.327  6778  6778 I Radio-JNI: register_android_hardware_Radio DONE
06-05 08:01:31.346  6778  6778 D AndroidRuntime: Calling main entry com.android.commands.am.Am
06-05 08:01:31.371  2471  2471 D MediaScannerReceiver: action: android.intent.action.MEDIA_SCANNER_SCAN_FILE path: /storage/emulated/0/screen_2018-06-05_110130.png
06-05 08:01:31.380  6778  6778 D AndroidRuntime: Shutting down VM
06-05 08:01:32.421  1307  2059 E SurfaceFlinger: ro.sf.lcd_density must be defined as a build property
06-05 08:01:32.423  1307  1317 D gralloc_ranchu: gralloc_alloc: Creating ashmem region of size 1536000
06-05 08:01:32.435  6808  6808 D         : HostConnection::get() New Host Connection established 0xae91b2c0, tid 6808
06-05 08:01:32.437  6808  6808 W         : Unrecognized GLES max version string in extensions: ANDROID_EMU_CHECKSUM_HELPER_v1 ANDROID_EMU_dma_v1 
06-05 08:01:32.458  1307  1307 E EGL_emulation: tid 1307: eglCreateSyncKHR(1881): error 0x3004 (EGL_BAD_ATTRIBUTE)
06-05 08:01:33.189  6813  6813 D AndroidRuntime: >>>>>> START com.android.internal.os.RuntimeInit uid 2000 <<<<<<
06-05 08:01:33.193  6813  6813 D AndroidRuntime: CheckJNI is ON
06-05 08:01:33.273  6813  6813 W art     : Unexpected CPU variant for X86 using defaults: x86
06-05 08:01:33.281  6813  6813 D ICU     : No timezone override file found: /data/misc/zoneinfo/current/icu/icu_tzdata.dat
06-05 08:01:33.326  6813  6813 E memtrack: Couldn't load memtrack module (No such file or directory)
06-05 08:01:33.326  6813  6813 E android.os.Debug: failed to load memtrack module: -2
06-05 08:01:33.328  6813  6813 I Radio-JNI: register_android_hardware_Radio DONE
06-05 08:01:33.347  6813  6813 D AndroidRuntime: Calling main entry com.android.commands.am.Am
06-05 08:01:33.376  2471  2471 D MediaScannerReceiver: action: android.intent.action.MEDIA_SCANNER_SCAN_FILE path: /storage/emulated/0/screen_2018-06-05_110132.png
06-05 08:01:33.385  6813  6813 D AndroidRuntime: Shutting down VM
06-05 08:01:35.530  6853  6853 D AndroidRuntime: >>>>>> START com.android.internal.os.RuntimeInit uid 2000 <<<<<<
06-05 08:01:35.534  6853  6853 D AndroidRuntime: CheckJNI is ON
06-05 08:01:35.624  6853  6853 W art     : Unexpected CPU variant for X86 using defaults: x86
06-05 08:01:35.633  6853  6853 D ICU     : No timezone override file found: /data/misc/zoneinfo/current/icu/icu_tzdata.dat
06-05 08:01:35.678  6853  6853 E memtrack: Couldn't load memtrack module (No such file or directory)
06-05 08:01:35.678  6853  6853 E android.os.Debug: failed to load memtrack module: -2
06-05 08:01:35.679  6853  6853 I Radio-JNI: register_android_hardware_Radio DONE
06-05 08:01:35.702  6853  6853 D AndroidRuntime: Calling main entry com.android.commands.input.Input
06-05 08:01:35.716  6853  6853 I Input   : injectMotionEvent: MotionEvent { action=ACTION_DOWN, actionButton=0, id[0]=0, x[0]=262.0, y[0]=176.0, toolType[0]=TOOL_TYPE_UNKNOWN, buttonState=0, metaState=0, flags=0x0, edgeFlags=0x0, pointerCount=1, historySize=0, eventTime=281874, downTime=281874, deviceId=0, source=0x1002 }
06-05 08:01:35.727  6853  6853 I Input   : injectMotionEvent: MotionEvent { action=ACTION_MOVE, actionButton=0, id[0]=0, x[0]=262.0, y[0]=176.0, toolType[0]=TOOL_TYPE_UNKNOWN, buttonState=0, metaState=0, flags=0x0, edgeFlags=0x0, pointerCount=1, historySize=0, eventTime=281874, downTime=281874, deviceId=0, source=0x1002 }
06-05 08:01:35.742  6853  6853 I Input   : injectMotionEvent: MotionEvent { action=ACTION_MOVE, actionButton=0, id[0]=0, x[0]=262.0, y[0]=176.0, toolType[0]=TOOL_TYPE_UNKNOWN, buttonState=0, metaState=0, flags=0x0, edgeFlags=0x0, pointerCount=1, historySize=0, eventTime=281906, downTime=281906, deviceId=0, source=0x1002 }
06-05 08:01:35.758  6853  6853 I Input   : injectMotionEvent: MotionEvent { action=ACTION_MOVE, actionButton=0, id[0]=0, x[0]=262.0, y[0]=176.0, toolType[0]=TOOL_TYPE_UNKNOWN, buttonState=0, metaState=0, flags=0x0, edgeFlags=0x0, pointerCount=1, historySize=0, eventTime=281922, downTime=281922, deviceId=0, source=0x1002 }
06-05 08:01:35.771  6853  6853 I Input   : injectMotionEvent: MotionEvent { action=ACTION_MOVE, actionButton=0, id[0]=0, x[0]=262.0, y[0]=176.0, toolType[0]=TOOL_TYPE_UNKNOWN, buttonState=0, metaState=0, flags=0x0, edgeFlags=0x0, pointerCount=1, historySize=0, eventTime=281936, downTime=281936, deviceId=0, source=0x1002 }
06-05 08:01:35.791  6853  6853 I Input   : injectMotionEvent: MotionEvent { action=ACTION_MOVE, actionButton=0, id[0]=0, x[0]=262.0, y[0]=176.0, toolType[0]=TOOL_TYPE_UNKNOWN, buttonState=0, metaState=0, flags=0x0, edgeFlags=0x0, pointerCount=1, historySize=0, eventTime=281955, downTime=281955, deviceId=0, source=0x1002 }
06-05 08:01:35.811  6853  6853 I Input   : injectMotionEvent: MotionEvent { action=ACTION_MOVE, actionButton=0, id[0]=0, x[0]=262.0, y[0]=176.0, toolType[0]=TOOL_TYPE_UNKNOWN, buttonState=0, metaState=0, flags=0x0, edgeFlags=0x0, pointerCount=1, historySize=0, eventTime=281976, downTime=281976, deviceId=0, source=0x1002 }
06-05 08:01:35.822  6853  6853 I Input   : injectMotionEvent: MotionEvent { action=ACTION_MOVE, actionButton=0, id[0]=0, x[0]=262.0, y[0]=176.0, toolType[0]=TOOL_TYPE_UNKNOWN, buttonState=0, metaState=0, flags=0x0, edgeFlags=0x0, pointerCount=1, historySize=0, eventTime=281987, downTime=281987, deviceId=0, source=0x1002 }
06-05 08:01:35.840  6853  6853 I Input   : injectMotionEvent: MotionEvent { action=ACTION_MOVE, actionButton=0, id[0]=0, x[0]=262.0, y[0]=176.0, toolType[0]=TOOL_TYPE_UNKNOWN, buttonState=0, metaState=0, flags=0x0, edgeFlags=0x0, pointerCount=1, historySize=0, eventTime=282005, downTime=282005, deviceId=0, source=0x1002 }
06-05 08:01:35.858  6853  6853 I Input   : injectMotionEvent: MotionEvent { action=ACTION_MOVE, actionButton=0, id[0]=0, x[0]=262.0, y[0]=176.0, toolType[0]=TOOL_TYPE_UNKNOWN, buttonState=0, metaState=0, flags=0x0, edgeFlags=0x0, pointerCount=1, historySize=0, eventTime=282022, downTime=282022, deviceId=0, source=0x1002 }
06-05 08:01:35.873  6853  6853 I Input   : injectMotionEvent: MotionEvent { action=ACTION_MOVE, actionButton=0, id[0]=0, x[0]=262.0, y[0]=176.0, toolType[0]=TOOL_TYPE_UNKNOWN, buttonState=0, metaState=0, flags=0x0, edgeFlags=0x0, pointerCount=1, historySize=0, eventTime=282038, downTime=282038, deviceId=0, source=0x1002 }
06-05 08:01:35.889  6853  6853 I Input   : injectMotionEvent: MotionEvent { action=ACTION_MOVE, actionButton=0, id[0]=0, x[0]=262.0, y[0]=176.0, toolType[0]=TOOL_TYPE_UNKNOWN, buttonState=0, metaState=0, flags=0x0, edgeFlags=0x0, pointerCount=1, historySize=0, eventTime=282053, downTime=282053, deviceId=0, source=0x1002 }
06-05 08:01:35.907  6853  6853 I Input   : injectMotionEvent: MotionEvent { action=ACTION_MOVE, actionButton=0, id[0]=0, x[0]=262.0, y[0]=176.0, toolType[0]=TOOL_TYPE_UNKNOWN, buttonState=0, metaState=0, flags=0x0, edgeFlags=0x0, pointerCount=1, historySize=0, eventTime=282072, downTime=282072, deviceId=0, source=0x1002 }
06-05 08:01:35.924  6853  6853 I Input   : injectMotionEvent: MotionEvent { action=ACTION_UP, actionButton=0, id[0]=0, x[0]=262.0, y[0]=176.0, toolType[0]=TOOL_TYPE_UNKNOWN, buttonState=0, metaState=0, flags=0x0, edgeFlags=0x0, pointerCount=1, historySize=0, eventTime=282088, downTime=282088, deviceId=0, source=0x1002 }
06-05 08:01:35.941  1356  1410 W audio_hw_generic: Not supplying enough data to HAL, expected position 2473532 , only wrote 2473200
06-05 08:01:35.946  6853  6853 D AndroidRuntime: Shutting down VM
06-05 08:01:35.958  3998  3998 E BluetoothAdapter: Bluetooth binder is null
06-05 08:01:35.988  1356  1410 W audio_hw_generic: Hardware backing HAL too slow, could only write 0 of 720 frames
06-05 08:01:36.001  1356  1410 W audio_hw_generic: Hardware backing HAL too slow, could only write 0 of 720 frames
06-05 08:01:36.163  3998  4022 D EGL_emulation: eglMakeCurrent: 0x9cc841e0: ver 2 0 (tinfo 0x9cc83710)
06-05 08:01:36.192  3998  4022 D EGL_emulation: eglMakeCurrent: 0x9cc841e0: ver 2 0 (tinfo 0x9cc83710)
06-05 08:01:36.763  3304  6196 E YouTube : Scheduled config refresh failed.
06-05 08:01:37.765  1307  1318 E SurfaceFlinger: ro.sf.lcd_density must be defined as a build property
06-05 08:01:37.767  1307  2059 D gralloc_ranchu: gralloc_alloc: Creating ashmem region of size 1536000
06-05 08:01:37.778  6887  6887 D         : HostConnection::get() New Host Connection established 0xaad9b2c0, tid 6887
06-05 08:01:37.781  6887  6887 W         : Unrecognized GLES max version string in extensions: ANDROID_EMU_CHECKSUM_HELPER_v1 ANDROID_EMU_dma_v1 
06-05 08:01:37.802  1307  1307 E EGL_emulation: tid 1307: eglCreateSyncKHR(1881): error 0x3004 (EGL_BAD_ATTRIBUTE)
06-05 08:01:38.630  6892  6892 D AndroidRuntime: >>>>>> START com.android.internal.os.RuntimeInit uid 2000 <<<<<<
06-05 08:01:38.637  6892  6892 D AndroidRuntime: CheckJNI is ON
06-05 08:01:38.729  6892  6892 W art     : Unexpected CPU variant for X86 using defaults: x86
06-05 08:01:38.740  6892  6892 D ICU     : No timezone override file found: /data/misc/zoneinfo/current/icu/icu_tzdata.dat
06-05 08:01:38.784  6892  6892 E memtrack: Couldn't load memtrack module (No such file or directory)
06-05 08:01:38.784  6892  6892 E android.os.Debug: failed to load memtrack module: -2
06-05 08:01:38.787  6892  6892 I Radio-JNI: register_android_hardware_Radio DONE
06-05 08:01:38.809  6892  6892 D AndroidRuntime: Calling main entry com.android.commands.am.Am
06-05 08:01:38.838  2471  2471 D MediaScannerReceiver: action: android.intent.action.MEDIA_SCANNER_SCAN_FILE path: /storage/emulated/0/screen_2018-06-05_110138.png
06-05 08:01:38.846  6892  6892 D AndroidRuntime: Shutting down VM
06-05 08:01:39.153  1356  1411 W audio_hw_generic: Not supplying enough data to HAL, expected position 2779593 , only wrote 2627280
06-05 08:01:39.481  1657  1657 W WindowManager: Attempted to remove non-existing token: android.os.Binder@2ce9556
06-05 08:01:40.103  1307  2059 E SurfaceFlinger: ro.sf.lcd_density must be defined as a build property
06-05 08:01:40.107  1307  1318 D gralloc_ranchu: gralloc_alloc: Creating ashmem region of size 1536000
06-05 08:01:40.118  6923  6923 D         : HostConnection::get() New Host Connection established 0xaf99b2c0, tid 6923
06-05 08:01:40.119  6923  6923 W         : Unrecognized GLES max version string in extensions: ANDROID_EMU_CHECKSUM_HELPER_v1 ANDROID_EMU_dma_v1 
06-05 08:01:40.140  1307  1307 E EGL_emulation: tid 1307: eglCreateSyncKHR(1881): error 0x3004 (EGL_BAD_ATTRIBUTE)
06-05 08:01:40.869  6928  6928 D AndroidRuntime: >>>>>> START com.android.internal.os.RuntimeInit uid 2000 <<<<<<
06-05 08:01:40.873  6928  6928 D AndroidRuntime: CheckJNI is ON
06-05 08:01:40.955  2940  2952 D EGL_emulation: eglCreateContext: 0x9a395480: maj 2 min 0 rcv 2
06-05 08:01:40.960  6928  6928 W art     : Unexpected CPU variant for X86 using defaults: x86
06-05 08:01:40.970  6928  6928 D ICU     : No timezone override file found: /data/misc/zoneinfo/current/icu/icu_tzdata.dat
06-05 08:01:40.981  2940  2952 D EGL_emulation: eglMakeCurrent: 0x9a395480: ver 2 0 (tinfo 0x9a409910)
06-05 08:01:41.014  6928  6928 E memtrack: Couldn't load memtrack module (No such file or directory)
06-05 08:01:41.014  6928  6928 E android.os.Debug: failed to load memtrack module: -2
06-05 08:01:41.016  6928  6928 I Radio-JNI: register_android_hardware_Radio DONE
06-05 08:01:41.042  6928  6928 D AndroidRuntime: Calling main entry com.android.commands.am.Am
06-05 08:01:41.069  2471  2471 D MediaScannerReceiver: action: android.intent.action.MEDIA_SCANNER_SCAN_FILE path: /storage/emulated/0/screen_2018-06-05_110140.png
06-05 08:01:41.082  6928  6928 D AndroidRuntime: Shutting down VM
06-05 08:01:41.102  2309  5898 I CheckinUtil: Classify the device as Phone.
06-05 08:01:41.190  2309  5898 W System  : Ignoring header Cookie because its value was null.
06-05 08:01:41.191  2309  5898 I ProcessCheckinRequest: set cookie as: null
06-05 08:01:41.840  1657  1711 D ConnectivityService: NetworkAgentInfo [WIFI () - 101] validation failed
06-05 08:01:41.841  1657  1707 D WifiStateMachine: NETWORK_STATUS_UNWANTED_VALIDATION_FAILED
06-05 08:01:41.851  1657  6959 D WifiNetworkHistory: saving network history: "AndroidWifi"NONE gw: null Network Selection-status: NETWORK_SELECTION_ENABLED ephemeral=false choice:null link:0 status:0 nid:0 hasEverConnected: true
06-05 08:01:41.851  1657  6959 V WifiNetworkHistory: writeKnownNetworkHistory write config "AndroidWifi"NONE
06-05 08:01:42.148  1307  2059 E SurfaceFlinger: ro.sf.lcd_density must be defined as a build property
06-05 08:01:42.154  1307  1317 D gralloc_ranchu: gralloc_alloc: Creating ashmem region of size 1536000
06-05 08:01:42.168  6963  6963 D         : HostConnection::get() New Host Connection established 0xabd9b2c0, tid 6963
06-05 08:01:42.170  6963  6963 W         : Unrecognized GLES max version string in extensions: ANDROID_EMU_CHECKSUM_HELPER_v1 ANDROID_EMU_dma_v1 
06-05 08:01:42.190  1307  1307 E EGL_emulation: tid 1307: eglCreateSyncKHR(1881): error 0x3004 (EGL_BAD_ATTRIBUTE)
